Archive member included to satisfy reference by file (symbol)

/usr/lib/gcc/arm-none-eabi/9.2.1/../../../arm-none-eabi/lib/thumb/v7e-m+dp/hard/libc_nano.a(lib_a-atexit.o)
                              /usr/lib/gcc/arm-none-eabi/9.2.1/../../../arm-none-eabi/lib/thumb/v7e-m+dp/hard/crt0.o (atexit)
/usr/lib/gcc/arm-none-eabi/9.2.1/../../../arm-none-eabi/lib/thumb/v7e-m+dp/hard/libc_nano.a(lib_a-errno.o)
                              CMakeFiles/iled_blinky.elf.dir/app/devices/MIMXRT1064/utilities/str/fsl_str.c.obj (__errno)
/usr/lib/gcc/arm-none-eabi/9.2.1/../../../arm-none-eabi/lib/thumb/v7e-m+dp/hard/libc_nano.a(lib_a-exit.o)
                              /usr/lib/gcc/arm-none-eabi/9.2.1/../../../arm-none-eabi/lib/thumb/v7e-m+dp/hard/crt0.o (exit)
/usr/lib/gcc/arm-none-eabi/9.2.1/../../../arm-none-eabi/lib/thumb/v7e-m+dp/hard/libc_nano.a(lib_a-fini.o)
                              /usr/lib/gcc/arm-none-eabi/9.2.1/../../../arm-none-eabi/lib/thumb/v7e-m+dp/hard/crt0.o (__libc_fini_array)
/usr/lib/gcc/arm-none-eabi/9.2.1/../../../arm-none-eabi/lib/thumb/v7e-m+dp/hard/libc_nano.a(lib_a-impure.o)
                              /usr/lib/gcc/arm-none-eabi/9.2.1/../../../arm-none-eabi/lib/thumb/v7e-m+dp/hard/libc_nano.a(lib_a-exit.o) (_global_impure_ptr)
/usr/lib/gcc/arm-none-eabi/9.2.1/../../../arm-none-eabi/lib/thumb/v7e-m+dp/hard/libc_nano.a(lib_a-init.o)
                              /usr/lib/gcc/arm-none-eabi/9.2.1/../../../arm-none-eabi/lib/thumb/v7e-m+dp/hard/crt0.o (__libc_init_array)
/usr/lib/gcc/arm-none-eabi/9.2.1/../../../arm-none-eabi/lib/thumb/v7e-m+dp/hard/libc_nano.a(lib_a-malloc.o)
                              CMakeFiles/iled_blinky.elf.dir/app/devices/MIMXRT1064/drivers/fsl_common.c.obj (malloc)
/usr/lib/gcc/arm-none-eabi/9.2.1/../../../arm-none-eabi/lib/thumb/v7e-m+dp/hard/libc_nano.a(lib_a-memcpy.o)
                              CMakeFiles/iled_blinky.elf.dir/app/devices/MIMXRT1064/drivers/fsl_clock.c.obj (memcpy)
/usr/lib/gcc/arm-none-eabi/9.2.1/../../../arm-none-eabi/lib/thumb/v7e-m+dp/hard/libc_nano.a(lib_a-memset.o)
                              /usr/lib/gcc/arm-none-eabi/9.2.1/../../../arm-none-eabi/lib/thumb/v7e-m+dp/hard/crt0.o (memset)
/usr/lib/gcc/arm-none-eabi/9.2.1/../../../arm-none-eabi/lib/thumb/v7e-m+dp/hard/libc_nano.a(lib_a-nano-freer.o)
                              /usr/lib/gcc/arm-none-eabi/9.2.1/../../../arm-none-eabi/lib/thumb/v7e-m+dp/hard/libc_nano.a(lib_a-malloc.o) (_free_r)
/usr/lib/gcc/arm-none-eabi/9.2.1/../../../arm-none-eabi/lib/thumb/v7e-m+dp/hard/libc_nano.a(lib_a-nano-mallocr.o)
                              /usr/lib/gcc/arm-none-eabi/9.2.1/../../../arm-none-eabi/lib/thumb/v7e-m+dp/hard/libc_nano.a(lib_a-malloc.o) (_malloc_r)
/usr/lib/gcc/arm-none-eabi/9.2.1/../../../arm-none-eabi/lib/thumb/v7e-m+dp/hard/libc_nano.a(lib_a-sbrkr.o)
                              /usr/lib/gcc/arm-none-eabi/9.2.1/../../../arm-none-eabi/lib/thumb/v7e-m+dp/hard/libc_nano.a(lib_a-nano-mallocr.o) (_sbrk_r)
/usr/lib/gcc/arm-none-eabi/9.2.1/../../../arm-none-eabi/lib/thumb/v7e-m+dp/hard/libc_nano.a(lib_a-strlen.o)
                              CMakeFiles/iled_blinky.elf.dir/app/devices/MIMXRT1064/utilities/str/fsl_str.c.obj (strlen)
/usr/lib/gcc/arm-none-eabi/9.2.1/../../../arm-none-eabi/lib/thumb/v7e-m+dp/hard/libc_nano.a(lib_a-strtoul.o)
                              CMakeFiles/iled_blinky.elf.dir/app/devices/MIMXRT1064/utilities/str/fsl_str.c.obj (strtoul)
/usr/lib/gcc/arm-none-eabi/9.2.1/../../../arm-none-eabi/lib/thumb/v7e-m+dp/hard/libc_nano.a(lib_a-__atexit.o)
                              /usr/lib/gcc/arm-none-eabi/9.2.1/../../../arm-none-eabi/lib/thumb/v7e-m+dp/hard/libc_nano.a(lib_a-atexit.o) (__register_exitproc)
/usr/lib/gcc/arm-none-eabi/9.2.1/../../../arm-none-eabi/lib/thumb/v7e-m+dp/hard/libc_nano.a(lib_a-__call_atexit.o)
                              /usr/lib/gcc/arm-none-eabi/9.2.1/../../../arm-none-eabi/lib/thumb/v7e-m+dp/hard/libc_nano.a(lib_a-__atexit.o) (__call_exitprocs)
/usr/lib/gcc/arm-none-eabi/9.2.1/../../../arm-none-eabi/lib/thumb/v7e-m+dp/hard/libc_nano.a(lib_a-ctype_.o)
                              /usr/lib/gcc/arm-none-eabi/9.2.1/../../../arm-none-eabi/lib/thumb/v7e-m+dp/hard/libc_nano.a(lib_a-strtoul.o) (_ctype_)
/usr/lib/gcc/arm-none-eabi/9.2.1/../../../arm-none-eabi/lib/thumb/v7e-m+dp/hard/libc_nano.a(lib_a-mlock.o)
                              /usr/lib/gcc/arm-none-eabi/9.2.1/../../../arm-none-eabi/lib/thumb/v7e-m+dp/hard/libc_nano.a(lib_a-nano-freer.o) (__malloc_lock)
/usr/lib/gcc/arm-none-eabi/9.2.1/../../../arm-none-eabi/lib/thumb/v7e-m+dp/hard/libc_nano.a(lib_a-reent.o)
                              /usr/lib/gcc/arm-none-eabi/9.2.1/../../../arm-none-eabi/lib/thumb/v7e-m+dp/hard/libc_nano.a(lib_a-sbrkr.o) (errno)
/usr/lib/gcc/arm-none-eabi/9.2.1/thumb/v7e-m+dp/hard/libgcc.a(_aeabi_ldivmod.o)
                              CMakeFiles/iled_blinky.elf.dir/app/devices/MIMXRT1064/system_MIMXRT1064.c.obj (__aeabi_ldivmod)
[...]
Memory Configuration

Name             Origin             Length             Attributes
m_flash_config   0x0000000070000000 0x0000000000001000 xr
m_ivt            0x0000000070001000 0x0000000000001000 xr
m_interrupts     0x0000000070002000 0x0000000000000400 xr
m_text           0x0000000070002400 0x00000000003fdc00 xr
m_data           0x0000000020000000 0x0000000000020000 rw
m_data2          0x0000000020200000 0x00000000000c0000 rw
*default*        0x0000000000000000 0xffffffffffffffff

Linker script and memory map

LOAD /usr/lib/gcc/arm-none-eabi/9.2.1/thumb/v7e-m+dp/hard/crti.o
LOAD /usr/lib/gcc/arm-none-eabi/9.2.1/thumb/v7e-m+dp/hard/crtbegin.o
LOAD /usr/lib/gcc/arm-none-eabi/9.2.1/../../../arm-none-eabi/lib/thumb/v7e-m+dp/hard/crt0.o
LOAD CMakeFiles/iled_blinky.elf.dir/app/boards/evkmimxrt1064/demo_apps/led_blinky/led_blinky.c.obj
LOAD CMakeFiles/iled_blinky.elf.dir/app/boards/evkmimxrt1064/demo_apps/led_blinky/pin_mux.c.obj
LOAD CMakeFiles/iled_blinky.elf.dir/app/boards/evkmimxrt1064/demo_apps/led_blinky/board.c.obj
LOAD CMakeFiles/iled_blinky.elf.dir/app/boards/evkmimxrt1064/demo_apps/led_blinky/clock_config.c.obj
LOAD CMakeFiles/iled_blinky.elf.dir/app/boards/evkmimxrt1064/demo_apps/led_blinky/dcd.c.obj
LOAD CMakeFiles/iled_blinky.elf.dir/app/devices/MIMXRT1064/drivers/fsl_gpio.c.obj
LOAD CMakeFiles/iled_blinky.elf.dir/app/devices/MIMXRT1064/drivers/fsl_common.c.obj
LOAD CMakeFiles/iled_blinky.elf.dir/app/devices/MIMXRT1064/drivers/fsl_clock.c.obj
LOAD CMakeFiles/iled_blinky.elf.dir/app/devices/MIMXRT1064/utilities/str/fsl_str.c.obj
LOAD CMakeFiles/iled_blinky.elf.dir/app/devices/MIMXRT1064/utilities/debug_console/fsl_debug_console.c.obj
LOAD CMakeFiles/iled_blinky.elf.dir/app/components/serial_manager/fsl_component_serial_manager.c.obj
LOAD CMakeFiles/iled_blinky.elf.dir/app/components/serial_manager/fsl_component_serial_port_uart.c.obj
LOAD CMakeFiles/iled_blinky.elf.dir/app/devices/MIMXRT1064/drivers/fsl_lpuart.c.obj
LOAD CMakeFiles/iled_blinky.elf.dir/app/components/uart/fsl_adapter_lpuart.c.obj
LOAD CMakeFiles/iled_blinky.elf.dir/app/components/lists/fsl_component_generic_list.c.obj
LOAD CMakeFiles/iled_blinky.elf.dir/app/devices/MIMXRT1064/gcc/startup_MIMXRT1064.S.obj
LOAD CMakeFiles/iled_blinky.elf.dir/app/devices/MIMXRT1064/system_MIMXRT1064.c.obj
LOAD CMakeFiles/iled_blinky.elf.dir/app/devices/MIMXRT1064/utilities/fsl_assert.c.obj
LOAD CMakeFiles/iled_blinky.elf.dir/app/devices/MIMXRT1064/xip/fsl_flexspi_nor_boot.c.obj
LOAD CMakeFiles/iled_blinky.elf.dir/app/boards/evkmimxrt1064/xip/evkmimxrt1064_flexspi_nor_config.c.obj
LOAD CMakeFiles/iled_blinky.elf.dir/app/devices/MIMXRT1064/utilities/fsl_sbrk.c.obj
START GROUP
LOAD /usr/lib/gcc/arm-none-eabi/9.2.1/../../../arm-none-eabi/lib/thumb/v7e-m+dp/hard/libm.a
LOAD /usr/lib/gcc/arm-none-eabi/9.2.1/../../../arm-none-eabi/lib/thumb/v7e-m+dp/hard/libc_nano.a
LOAD /usr/lib/gcc/arm-none-eabi/9.2.1/thumb/v7e-m+dp/hard/libgcc.a
LOAD /usr/lib/gcc/arm-none-eabi/9.2.1/../../../arm-none-eabi/lib/thumb/v7e-m+dp/hard/libnosys.a
END GROUP
START GROUP
LOAD /usr/lib/gcc/arm-none-eabi/9.2.1/thumb/v7e-m+dp/hard/libgcc.a
LOAD /usr/lib/gcc/arm-none-eabi/9.2.1/../../../arm-none-eabi/lib/thumb/v7e-m+dp/hard/libc_nano.a
END GROUP
START GROUP
LOAD /usr/lib/gcc/arm-none-eabi/9.2.1/thumb/v7e-m+dp/hard/libgcc.a
LOAD /usr/lib/gcc/arm-none-eabi/9.2.1/../../../arm-none-eabi/lib/thumb/v7e-m+dp/hard/libc_nano.a
LOAD /usr/lib/gcc/arm-none-eabi/9.2.1/../../../arm-none-eabi/lib/thumb/v7e-m+dp/hard/libnosys.a
END GROUP
START GROUP
LOAD /usr/lib/gcc/arm-none-eabi/9.2.1/thumb/v7e-m+dp/hard/libgcc.a
LOAD /usr/lib/gcc/arm-none-eabi/9.2.1/../../../arm-none-eabi/lib/thumb/v7e-m+dp/hard/libc_nano.a
LOAD /usr/lib/gcc/arm-none-eabi/9.2.1/../../../arm-none-eabi/lib/thumb/v7e-m+dp/hard/libnosys.a
END GROUP
LOAD /usr/lib/gcc/arm-none-eabi/9.2.1/thumb/v7e-m+dp/hard/crtend.o
LOAD /usr/lib/gcc/arm-none-eabi/9.2.1/thumb/v7e-m+dp/hard/crtn.o
                0x0000000000000400                HEAP_SIZE = DEFINED (__heap_size__)?__heap_size__:0x400
                0x0000000000000400                STACK_SIZE = DEFINED (__stack_size__)?__stack_size__:0x400
                0x0000000000000000                VECTOR_RAM_SIZE = DEFINED (__ram_vector_table__)?0x400:0x0
                0x0000000020200000                __NCACHE_REGION_START = ORIGIN (m_data2)
                0x0000000000000000                __NCACHE_REGION_SIZE = 0x0

.flash_config   0x0000000070000000      0x200
                0x0000000070000000                . = ALIGN (0x4)
                0x0000000070000000                __FLASH_BASE = .
 *(.boot_hdr.conf)
 .boot_hdr.conf
                0x0000000070000000      0x200 CMakeFiles/iled_blinky.elf.dir/app/boards/evkmimxrt1064/xip/evkmimxrt1064_flexspi_nor_config.c.obj
                0x0000000070000000                qspiflash_config
                0x0000000070000200                . = ALIGN (0x4)
                0x0000000070001000                ivt_begin = (ORIGIN (m_flash_config) + LENGTH (m_flash_config))

.ivt            0x0000000070001000       0x30
                0x0000000070001000                . = ALIGN (0x4)
 *(.boot_hdr.ivt)
 .boot_hdr.ivt  0x0000000070001000       0x20 CMakeFiles/iled_blinky.elf.dir/app/devices/MIMXRT1064/xip/fsl_flexspi_nor_boot.c.obj
                0x0000000070001000                image_vector_table
 *(.boot_hdr.boot_data)
 .boot_hdr.boot_data
                0x0000000070001020       0x10 CMakeFiles/iled_blinky.elf.dir/app/devices/MIMXRT1064/xip/fsl_flexspi_nor_boot.c.obj
                0x0000000070001020                boot_data
 *(.boot_hdr.dcd_data)
                0x0000000070001030                . = ALIGN (0x4)

.interrupts     0x0000000070002000      0x400
                0x0000000070002000                __VECTOR_TABLE = .
                0x0000000070002000                __Vectors = .
                0x0000000070002000                . = ALIGN (0x4)
 *(.isr_vector)
 .isr_vector    0x0000000070002000      0x400 CMakeFiles/iled_blinky.elf.dir/app/devices/MIMXRT1064/gcc/startup_MIMXRT1064.S.obj
                0x0000000070002000                __isr_vector
                0x0000000070002400                . = ALIGN (0x4)

.text           0x0000000070002400     0x18c0
                0x0000000070002400                . = ALIGN (0x4)
 *(.text)
 .text          0x0000000070002400       0x88 /usr/lib/gcc/arm-none-eabi/9.2.1/thumb/v7e-m+dp/hard/crtbegin.o
 .text          0x0000000070002488       0x70 /usr/lib/gcc/arm-none-eabi/9.2.1/../../../arm-none-eabi/lib/thumb/v7e-m+dp/hard/crt0.o
                0x0000000070002488                _stack_init
                0x0000000070002490                _mainCRTStartup
                0x0000000070002490                _start
 .text          0x00000000700024f8      0x258 CMakeFiles/iled_blinky.elf.dir/app/devices/MIMXRT1064/gcc/startup_MIMXRT1064.S.obj
                0x00000000700024f8                Reset_Handler
                0x0000000070002584                USB_PHY1_IRQHandler
                0x0000000070002584                FLEXSPI2_DriverIRQHandler
                0x0000000070002584                LPSPI2_DriverIRQHandler
                0x0000000070002584                SJC_IRQHandler
                0x0000000070002584                ADC_ETC_IRQ0_IRQHandler
                0x0000000070002584                DebugMon_Handler
                0x0000000070002584                SAI3_RX_DriverIRQHandler
                0x0000000070002584                PXP_IRQHandler
                0x0000000070002584                DMA13_DMA29_DriverIRQHandler
                0x0000000070002584                Reserved86_IRQHandler
                0x0000000070002584                SRC_IRQHandler
                0x0000000070002584                LPSPI4_DriverIRQHandler
                0x0000000070002584                GPIO2_Combined_0_15_IRQHandler
                0x0000000070002584                SPDIF_DriverIRQHandler
                0x0000000070002584                GPIO1_INT2_IRQHandler
                0x0000000070002584                CSI_IRQHandler
                0x0000000070002584                ENET2_DriverIRQHandler
                0x0000000070002584                SNVS_LP_WRAPPER_IRQHandler
                0x0000000070002584                ENC2_IRQHandler
                0x0000000070002584                PWM2_2_IRQHandler
                0x0000000070002584                PWM4_FAULT_IRQHandler
                0x0000000070002584                GPIO1_INT7_IRQHandler
                0x0000000070002584                CCM_1_IRQHandler
                0x0000000070002584                CAN3_DriverIRQHandler
                0x0000000070002584                ADC_ETC_IRQ1_IRQHandler
                0x0000000070002584                DMA7_DMA23_DriverIRQHandler
                0x0000000070002584                CTI0_ERROR_IRQHandler
                0x0000000070002584                GPIO5_Combined_0_15_IRQHandler
                0x0000000070002584                PWM1_0_IRQHandler
                0x0000000070002584                Reserved68_IRQHandler
                0x0000000070002584                LPI2C3_DriverIRQHandler
                0x0000000070002584                USB_PHY2_IRQHandler
                0x0000000070002584                TSC_DIG_IRQHandler
                0x0000000070002584                GPIO4_Combined_0_15_IRQHandler
                0x0000000070002584                PWM2_0_IRQHandler
                0x0000000070002584                DCP_VMI_IRQHandler
                0x0000000070002584                DMA14_DMA30_DriverIRQHandler
                0x0000000070002584                ENET_1588_Timer_DriverIRQHandler
                0x0000000070002584                PWM2_1_IRQHandler
                0x0000000070002584                PWM2_FAULT_IRQHandler
                0x0000000070002584                FLEXIO2_DriverIRQHandler
                0x0000000070002584                UsageFault_Handler
                0x0000000070002584                WDOG1_IRQHandler
                0x0000000070002584                PMU_EVENT_IRQHandler
                0x0000000070002584                GPT1_IRQHandler
                0x0000000070002584                PWM4_1_IRQHandler
                0x0000000070002584                USB_OTG2_IRQHandler
                0x0000000070002584                ACMP4_IRQHandler
                0x0000000070002584                SEMC_IRQHandler
                0x0000000070002584                DMA0_DMA16_DriverIRQHandler
                0x0000000070002584                DefaultISR
                0x0000000070002584                PWM1_1_IRQHandler
                0x0000000070002584                DMA2_DMA18_DriverIRQHandler
                0x0000000070002584                PWM3_0_IRQHandler
                0x0000000070002584                USDHC1_DriverIRQHandler
                0x0000000070002584                PWM3_3_IRQHandler
                0x0000000070002584                GPIO1_INT0_IRQHandler
                0x0000000070002584                CSU_IRQHandler
                0x0000000070002584                ADC1_IRQHandler
                0x0000000070002584                FLEXIO1_DriverIRQHandler
                0x0000000070002584                ENET_DriverIRQHandler
                0x0000000070002584                GPIO1_Combined_16_31_IRQHandler
                0x0000000070002584                RTWDOG_IRQHandler
                0x0000000070002584                Reserved78_IRQHandler
                0x0000000070002584                SAI1_DriverIRQHandler
                0x0000000070002584                DMA12_DMA28_DriverIRQHandler
                0x0000000070002584                ENC3_IRQHandler
                0x0000000070002584                GPIO3_Combined_16_31_IRQHandler
                0x0000000070002584                EWM_IRQHandler
                0x0000000070002584                TEMP_LOW_HIGH_IRQHandler
                0x0000000070002584                WDOG2_IRQHandler
                0x0000000070002584                GPIO1_INT5_IRQHandler
                0x0000000070002584                FLEXSPI_DriverIRQHandler
                0x0000000070002584                PWM3_1_IRQHandler
                0x0000000070002584                PWM2_3_IRQHandler
                0x0000000070002584                CORE_IRQHandler
                0x0000000070002584                DMA10_DMA26_DriverIRQHandler
                0x0000000070002584                TEMP_PANIC_IRQHandler
                0x0000000070002584                GPIO1_INT6_IRQHandler
                0x0000000070002584                PWM1_2_IRQHandler
                0x0000000070002584                Reserved144_IRQHandler
                0x0000000070002584                GPR_IRQ_IRQHandler
                0x0000000070002584                GPC_IRQHandler
                0x0000000070002584                DCDC_IRQHandler
                0x0000000070002584                GPIO3_Combined_0_15_IRQHandler
                0x0000000070002584                PWM4_3_IRQHandler
                0x0000000070002584                DMA1_DMA17_DriverIRQHandler
                0x0000000070002584                USB_OTG1_IRQHandler
                0x0000000070002584                CAN2_DriverIRQHandler
                0x0000000070002584                GPIO5_Combined_16_31_IRQHandler
                0x0000000070002584                TMR2_IRQHandler
                0x0000000070002584                ADC_ETC_ERROR_IRQ_IRQHandler
                0x0000000070002584                DMA8_DMA24_DriverIRQHandler
                0x0000000070002584                PWM4_2_IRQHandler
                0x0000000070002584                DMA6_DMA22_DriverIRQHandler
                0x0000000070002584                BEE_IRQHandler
                0x0000000070002584                GPIO1_INT1_IRQHandler
                0x0000000070002584                ADC_ETC_IRQ2_IRQHandler
                0x0000000070002584                GPIO1_INT4_IRQHandler
                0x0000000070002584                CCM_2_IRQHandler
                0x0000000070002584                KPP_IRQHandler
                0x0000000070002584                ADC2_IRQHandler
                0x0000000070002584                USDHC2_DriverIRQHandler
                0x0000000070002584                MemManage_Handler
                0x0000000070002584                SAI2_DriverIRQHandler
                0x0000000070002584                PIT_IRQHandler
                0x0000000070002584                Reserved115_IRQHandler
                0x0000000070002584                SNVS_HP_WRAPPER_IRQHandler
                0x0000000070002584                DMA11_DMA27_DriverIRQHandler
                0x0000000070002584                XBAR1_IRQ_2_3_IRQHandler
                0x0000000070002584                PWM3_2_IRQHandler
                0x0000000070002584                LPI2C1_DriverIRQHandler
                0x0000000070002584                DCP_IRQHandler
                0x0000000070002584                ENET2_1588_Timer_DriverIRQHandler
                0x0000000070002584                Reserved171_IRQHandler
                0x0000000070002584                DMA4_DMA20_DriverIRQHandler
                0x0000000070002584                GPIO1_INT3_IRQHandler
                0x0000000070002584                DMA9_DMA25_DriverIRQHandler
                0x0000000070002584                GPIO1_Combined_0_15_IRQHandler
                0x0000000070002584                LPSPI1_DriverIRQHandler
                0x0000000070002584                DMA3_DMA19_DriverIRQHandler
                0x0000000070002584                TMR4_IRQHandler
                0x0000000070002584                ACMP3_IRQHandler
                0x0000000070002584                ENC1_IRQHandler
                0x0000000070002584                PWM1_FAULT_IRQHandler
                0x0000000070002584                Reserved143_IRQHandler
                0x0000000070002584                GPIO6_7_8_9_IRQHandler
                0x0000000070002584                GPIO2_Combined_16_31_IRQHandler
                0x0000000070002584                LPI2C4_DriverIRQHandler
                0x0000000070002584                TMR3_IRQHandler
                0x0000000070002584                XBAR1_IRQ_0_1_IRQHandler
                0x0000000070002584                SNVS_HP_WRAPPER_TZ_IRQHandler
                0x0000000070002584                SAI3_TX_DriverIRQHandler
                0x0000000070002584                FLEXIO3_DriverIRQHandler
                0x0000000070002584                ACMP2_IRQHandler
                0x0000000070002584                GPT2_IRQHandler
                0x0000000070002584                FLEXRAM_IRQHandler
                0x0000000070002584                DMA5_DMA21_DriverIRQHandler
                0x0000000070002584                ACMP1_IRQHandler
                0x0000000070002584                BusFault_Handler
                0x0000000070002584                Reserved87_IRQHandler
                0x0000000070002584                DMA15_DMA31_DriverIRQHandler
                0x0000000070002584                GPIO4_Combined_16_31_IRQHandler
                0x0000000070002584                LPSPI3_DriverIRQHandler
                0x0000000070002584                ENC4_IRQHandler
                0x0000000070002584                LPI2C2_DriverIRQHandler
                0x0000000070002584                DMA_ERROR_DriverIRQHandler
                0x0000000070002584                PWM4_0_IRQHandler
                0x0000000070002584                CAN1_DriverIRQHandler
                0x0000000070002584                TMR1_IRQHandler
                0x0000000070002584                TRNG_IRQHandler
                0x0000000070002584                LCDIF_IRQHandler
                0x0000000070002584                PWM3_FAULT_IRQHandler
                0x0000000070002584                CTI1_ERROR_IRQHandler
                0x0000000070002584                PWM1_3_IRQHandler
                0x0000000070002588                NMI_Handler
                0x000000007000258c                HardFault_Handler
                0x0000000070002590                SVC_Handler
                0x0000000070002594                PendSV_Handler
                0x000000007000259c                DMA0_DMA16_IRQHandler
                0x00000000700025a0                DMA1_DMA17_IRQHandler
                0x00000000700025a4                DMA2_DMA18_IRQHandler
                0x00000000700025a8                DMA3_DMA19_IRQHandler
                0x00000000700025ac                DMA4_DMA20_IRQHandler
                0x00000000700025b0                DMA5_DMA21_IRQHandler
                0x00000000700025b4                DMA6_DMA22_IRQHandler
                0x00000000700025b8                DMA7_DMA23_IRQHandler
                0x00000000700025bc                DMA8_DMA24_IRQHandler
                0x00000000700025c0                DMA9_DMA25_IRQHandler
                0x00000000700025c4                DMA10_DMA26_IRQHandler
                0x00000000700025c8                DMA11_DMA27_IRQHandler
                0x00000000700025cc                DMA12_DMA28_IRQHandler
                0x00000000700025d0                DMA13_DMA29_IRQHandler
                0x00000000700025d4                DMA14_DMA30_IRQHandler
                0x00000000700025d8                DMA15_DMA31_IRQHandler
                0x00000000700025dc                DMA_ERROR_IRQHandler
                0x00000000700025e0                LPUART1_IRQHandler
                0x00000000700025e4                LPUART2_IRQHandler
                0x00000000700025e8                LPUART3_IRQHandler
                0x00000000700025ec                LPUART4_IRQHandler
                0x00000000700025f0                LPUART5_IRQHandler
                0x00000000700025f4                LPUART6_IRQHandler
                0x00000000700025f8                LPUART7_IRQHandler
                0x00000000700025fc                LPUART8_IRQHandler
                0x0000000070002600                LPI2C1_IRQHandler
                0x0000000070002604                LPI2C2_IRQHandler
                0x0000000070002608                LPI2C3_IRQHandler
                0x000000007000260c                LPI2C4_IRQHandler
                0x0000000070002610                LPSPI1_IRQHandler
                0x0000000070002614                LPSPI2_IRQHandler
                0x0000000070002618                LPSPI3_IRQHandler
                0x000000007000261c                LPSPI4_IRQHandler
                0x0000000070002620                CAN1_IRQHandler
                0x0000000070002624                CAN2_IRQHandler
                0x0000000070002628                SAI1_IRQHandler
                0x000000007000262c                SAI2_IRQHandler
                0x0000000070002630                SAI3_RX_IRQHandler
                0x0000000070002634                SAI3_TX_IRQHandler
                0x0000000070002638                SPDIF_IRQHandler
                0x000000007000263c                FLEXIO1_IRQHandler
                0x0000000070002640                FLEXIO2_IRQHandler
                0x0000000070002644                FLEXSPI2_IRQHandler
                0x0000000070002648                FLEXSPI_IRQHandler
                0x000000007000264c                USDHC1_IRQHandler
                0x0000000070002650                USDHC2_IRQHandler
                0x0000000070002654                ENET_IRQHandler
                0x0000000070002658                ENET_1588_Timer_IRQHandler
                0x000000007000265c                ENET2_IRQHandler
                0x0000000070002660                ENET2_1588_Timer_IRQHandler
                0x0000000070002664                CAN3_IRQHandler
                0x0000000070002668                FLEXIO3_IRQHandler
 .text          0x0000000070002750        0xc /usr/lib/gcc/arm-none-eabi/9.2.1/../../../arm-none-eabi/lib/thumb/v7e-m+dp/hard/libc_nano.a(lib_a-atexit.o)
                0x0000000070002750                atexit
 .text          0x000000007000275c        0xc /usr/lib/gcc/arm-none-eabi/9.2.1/../../../arm-none-eabi/lib/thumb/v7e-m+dp/hard/libc_nano.a(lib_a-errno.o)
                0x000000007000275c                __errno
 .text          0x0000000070002768       0x28 /usr/lib/gcc/arm-none-eabi/9.2.1/../../../arm-none-eabi/lib/thumb/v7e-m+dp/hard/libc_nano.a(lib_a-exit.o)
                0x0000000070002768                exit
 .text          0x0000000070002790       0x34 /usr/lib/gcc/arm-none-eabi/9.2.1/../../../arm-none-eabi/lib/thumb/v7e-m+dp/hard/libc_nano.a(lib_a-fini.o)
                0x0000000070002790                __libc_fini_array
 .text          0x00000000700027c4       0x48 /usr/lib/gcc/arm-none-eabi/9.2.1/../../../arm-none-eabi/lib/thumb/v7e-m+dp/hard/libc_nano.a(lib_a-init.o)
                0x00000000700027c4                __libc_init_array
 .text          0x000000007000280c       0x20 /usr/lib/gcc/arm-none-eabi/9.2.1/../../../arm-none-eabi/lib/thumb/v7e-m+dp/hard/libc_nano.a(lib_a-malloc.o)
                0x000000007000280c                malloc
                0x000000007000281c                free
 .text          0x000000007000282c       0xa0 /usr/lib/gcc/arm-none-eabi/9.2.1/../../../arm-none-eabi/lib/thumb/v7e-m+dp/hard/libc_nano.a(lib_a-memset.o)
                0x000000007000282c                memset
 .text          0x00000000700028cc       0xac /usr/lib/gcc/arm-none-eabi/9.2.1/../../../arm-none-eabi/lib/thumb/v7e-m+dp/hard/libc_nano.a(lib_a-nano-freer.o)
                0x00000000700028cc                _free_r
 .text          0x0000000070002978       0xc8 /usr/lib/gcc/arm-none-eabi/9.2.1/../../../arm-none-eabi/lib/thumb/v7e-m+dp/hard/libc_nano.a(lib_a-nano-mallocr.o)
                0x0000000070002978                _malloc_r
 .text          0x0000000070002a40       0x24 /usr/lib/gcc/arm-none-eabi/9.2.1/../../../arm-none-eabi/lib/thumb/v7e-m+dp/hard/libc_nano.a(lib_a-sbrkr.o)
                0x0000000070002a40                _sbrk_r
 .text          0x0000000070002a64       0xa0 /usr/lib/gcc/arm-none-eabi/9.2.1/../../../arm-none-eabi/lib/thumb/v7e-m+dp/hard/libc_nano.a(lib_a-__atexit.o)
                0x0000000070002a64                __register_exitproc
 .text          0x0000000070002b04       0x9c /usr/lib/gcc/arm-none-eabi/9.2.1/../../../arm-none-eabi/lib/thumb/v7e-m+dp/hard/libc_nano.a(lib_a-__call_atexit.o)
                0x0000000070002b04                __call_exitprocs
 .text          0x0000000070002ba0        0x8 /usr/lib/gcc/arm-none-eabi/9.2.1/../../../arm-none-eabi/lib/thumb/v7e-m+dp/hard/libc_nano.a(lib_a-mlock.o)
                0x0000000070002ba0                __malloc_lock
                0x0000000070002ba4                __malloc_unlock
 .text          0x0000000070002ba8       0x30 /usr/lib/gcc/arm-none-eabi/9.2.1/thumb/v7e-m+dp/hard/libgcc.a(_aeabi_uldivmod.o)
                0x0000000070002ba8                __aeabi_uldivmod
 .text          0x0000000070002bd8      0x2c4 /usr/lib/gcc/arm-none-eabi/9.2.1/thumb/v7e-m+dp/hard/libgcc.a(_udivmoddi4.o)
                0x0000000070002bd8                __udivmoddi4
 .text          0x0000000070002e9c        0x4 /usr/lib/gcc/arm-none-eabi/9.2.1/thumb/v7e-m+dp/hard/libgcc.a(_dvmd_tls.o)
                0x0000000070002e9c                __aeabi_ldiv0
                0x0000000070002e9c                __aeabi_idiv0
 .text          0x0000000070002ea0        0x4 /usr/lib/gcc/arm-none-eabi/9.2.1/../../../arm-none-eabi/lib/thumb/v7e-m+dp/hard/libnosys.a(_exit.o)
                0x0000000070002ea0                _exit
 *(.text*)
 .text.SysTick_Handler
                0x0000000070002ea4       0x14 CMakeFiles/iled_blinky.elf.dir/app/boards/evkmimxrt1064/demo_apps/led_blinky/led_blinky.c.obj
                0x0000000070002ea4                SysTick_Handler
 .text.SysTick_DelayTicks
                0x0000000070002eb8       0x10 CMakeFiles/iled_blinky.elf.dir/app/boards/evkmimxrt1064/demo_apps/led_blinky/led_blinky.c.obj
                0x0000000070002eb8                SysTick_DelayTicks
 .text.startup.main
                0x0000000070002ec8       0x7c CMakeFiles/iled_blinky.elf.dir/app/boards/evkmimxrt1064/demo_apps/led_blinky/led_blinky.c.obj
                0x0000000070002ec8                main
 .text.BOARD_InitPins
                0x0000000070002f44       0x5c CMakeFiles/iled_blinky.elf.dir/app/boards/evkmimxrt1064/demo_apps/led_blinky/pin_mux.c.obj
                0x0000000070002f44                BOARD_InitPins
 .text.CLOCK_SetMux
                0x0000000070002fa0       0x44 CMakeFiles/iled_blinky.elf.dir/app/boards/evkmimxrt1064/demo_apps/led_blinky/clock_config.c.obj
 .text.CLOCK_DisableClock
                0x0000000070002fe4       0x24 CMakeFiles/iled_blinky.elf.dir/app/boards/evkmimxrt1064/demo_apps/led_blinky/clock_config.c.obj
 .text.BOARD_BootClockRUN
                0x0000000070003008      0x62c CMakeFiles/iled_blinky.elf.dir/app/boards/evkmimxrt1064/demo_apps/led_blinky/clock_config.c.obj
                0x0000000070003008                BOARD_BootClockRUN
 .text.BOARD_InitBootClocks
                0x0000000070003634        0x4 CMakeFiles/iled_blinky.elf.dir/app/boards/evkmimxrt1064/demo_apps/led_blinky/clock_config.c.obj
                0x0000000070003634                BOARD_InitBootClocks
 .text.GPIO_PinWrite
                0x0000000070003638       0x14 CMakeFiles/iled_blinky.elf.dir/app/devices/MIMXRT1064/drivers/fsl_gpio.c.obj
                0x0000000070003638                GPIO_PinWrite
 .text.GPIO_PinSetInterruptConfig
                0x000000007000364c       0x7c CMakeFiles/iled_blinky.elf.dir/app/devices/MIMXRT1064/drivers/fsl_gpio.c.obj
                0x000000007000364c                GPIO_PinSetInterruptConfig
 .text.GPIO_PinInit
                0x00000000700036c8       0x80 CMakeFiles/iled_blinky.elf.dir/app/devices/MIMXRT1064/drivers/fsl_gpio.c.obj
                0x00000000700036c8                GPIO_PinInit
 .text.CLOCK_InitExternalClk
                0x0000000070003748       0x30 CMakeFiles/iled_blinky.elf.dir/app/devices/MIMXRT1064/drivers/fsl_clock.c.obj
                0x0000000070003748                CLOCK_InitExternalClk
 .text.CLOCK_SwitchOsc
                0x0000000070003778       0x18 CMakeFiles/iled_blinky.elf.dir/app/devices/MIMXRT1064/drivers/fsl_clock.c.obj
                0x0000000070003778                CLOCK_SwitchOsc
 .text.CLOCK_InitRcOsc24M
                0x0000000070003790       0x14 CMakeFiles/iled_blinky.elf.dir/app/devices/MIMXRT1064/drivers/fsl_clock.c.obj
                0x0000000070003790                CLOCK_InitRcOsc24M
 .text.CLOCK_InitArmPll
                0x00000000700037a4       0x44 CMakeFiles/iled_blinky.elf.dir/app/devices/MIMXRT1064/drivers/fsl_clock.c.obj
                0x00000000700037a4                CLOCK_InitArmPll
 .text.CLOCK_InitSysPll
                0x00000000700037e8       0x68 CMakeFiles/iled_blinky.elf.dir/app/devices/MIMXRT1064/drivers/fsl_clock.c.obj
                0x00000000700037e8                CLOCK_InitSysPll
 .text.CLOCK_DeinitUsb2Pll
                0x0000000070003850        0xc CMakeFiles/iled_blinky.elf.dir/app/devices/MIMXRT1064/drivers/fsl_clock.c.obj
                0x0000000070003850                CLOCK_DeinitUsb2Pll
 .text.CLOCK_DeinitAudioPll
                0x000000007000385c       0x10 CMakeFiles/iled_blinky.elf.dir/app/devices/MIMXRT1064/drivers/fsl_clock.c.obj
                0x000000007000385c                CLOCK_DeinitAudioPll
 .text.CLOCK_DeinitEnetPll
                0x000000007000386c       0x10 CMakeFiles/iled_blinky.elf.dir/app/devices/MIMXRT1064/drivers/fsl_clock.c.obj
                0x000000007000386c                CLOCK_DeinitEnetPll
 .text.CLOCK_InitSysPfd
                0x000000007000387c       0x30 CMakeFiles/iled_blinky.elf.dir/app/devices/MIMXRT1064/drivers/fsl_clock.c.obj
                0x000000007000387c                CLOCK_InitSysPfd
 .text.LPUART1_DriverIRQHandler
                0x00000000700038ac       0x20 CMakeFiles/iled_blinky.elf.dir/app/devices/MIMXRT1064/drivers/fsl_lpuart.c.obj
                0x00000000700038ac                LPUART1_DriverIRQHandler
 .text.LPUART2_DriverIRQHandler
                0x00000000700038cc       0x20 CMakeFiles/iled_blinky.elf.dir/app/devices/MIMXRT1064/drivers/fsl_lpuart.c.obj
                0x00000000700038cc                LPUART2_DriverIRQHandler
 .text.LPUART3_DriverIRQHandler
                0x00000000700038ec       0x20 CMakeFiles/iled_blinky.elf.dir/app/devices/MIMXRT1064/drivers/fsl_lpuart.c.obj
                0x00000000700038ec                LPUART3_DriverIRQHandler
 .text.LPUART4_DriverIRQHandler
                0x000000007000390c       0x20 CMakeFiles/iled_blinky.elf.dir/app/devices/MIMXRT1064/drivers/fsl_lpuart.c.obj
                0x000000007000390c                LPUART4_DriverIRQHandler
 .text.LPUART5_DriverIRQHandler
                0x000000007000392c       0x20 CMakeFiles/iled_blinky.elf.dir/app/devices/MIMXRT1064/drivers/fsl_lpuart.c.obj
                0x000000007000392c                LPUART5_DriverIRQHandler
 .text.LPUART6_DriverIRQHandler
                0x000000007000394c       0x20 CMakeFiles/iled_blinky.elf.dir/app/devices/MIMXRT1064/drivers/fsl_lpuart.c.obj
                0x000000007000394c                LPUART6_DriverIRQHandler
 .text.LPUART7_DriverIRQHandler
                0x000000007000396c       0x20 CMakeFiles/iled_blinky.elf.dir/app/devices/MIMXRT1064/drivers/fsl_lpuart.c.obj
                0x000000007000396c                LPUART7_DriverIRQHandler
 .text.LPUART8_DriverIRQHandler
                0x000000007000398c       0x20 CMakeFiles/iled_blinky.elf.dir/app/devices/MIMXRT1064/drivers/fsl_lpuart.c.obj
                0x000000007000398c                LPUART8_DriverIRQHandler
 .text.SystemCoreClockUpdate
                0x00000000700039ac      0x138 CMakeFiles/iled_blinky.elf.dir/app/devices/MIMXRT1064/system_MIMXRT1064.c.obj
                0x00000000700039ac                SystemCoreClockUpdate
 .text.SystemInitHook
                0x0000000070003ae4        0x2 CMakeFiles/iled_blinky.elf.dir/app/devices/MIMXRT1064/system_MIMXRT1064.c.obj
                0x0000000070003ae4                SystemInitHook
 *fill*         0x0000000070003ae6        0x2 
 .text.SystemInit
                0x0000000070003ae8      0x134 CMakeFiles/iled_blinky.elf.dir/app/devices/MIMXRT1064/system_MIMXRT1064.c.obj
                0x0000000070003ae8                SystemInit
 .text._sbrk    0x0000000070003c1c       0x38 CMakeFiles/iled_blinky.elf.dir/app/devices/MIMXRT1064/utilities/fsl_sbrk.c.obj
                0x0000000070003c1c                _sbrk
 *(.rodata)
 .rodata        0x0000000070003c54        0x4 /usr/lib/gcc/arm-none-eabi/9.2.1/../../../arm-none-eabi/lib/thumb/v7e-m+dp/hard/libc_nano.a(lib_a-impure.o)
                0x0000000070003c54                _global_impure_ptr
 *(.rodata*)
 .rodata.armPllConfig_BOARD_BootClockRUN
                0x0000000070003c58        0x8 CMakeFiles/iled_blinky.elf.dir/app/boards/evkmimxrt1064/demo_apps/led_blinky/clock_config.c.obj
                0x0000000070003c58                armPllConfig_BOARD_BootClockRUN
 .rodata.sysPllConfig_BOARD_BootClockRUN
                0x0000000070003c60       0x14 CMakeFiles/iled_blinky.elf.dir/app/boards/evkmimxrt1064/demo_apps/led_blinky/clock_config.c.obj
                0x0000000070003c60                sysPllConfig_BOARD_BootClockRUN
 .rodata.s_gpioBases
                0x0000000070003c74       0x28 CMakeFiles/iled_blinky.elf.dir/app/devices/MIMXRT1064/drivers/fsl_gpio.c.obj
 .rodata.s_gpioClock
                0x0000000070003c9c        0xc CMakeFiles/iled_blinky.elf.dir/app/devices/MIMXRT1064/drivers/fsl_gpio.c.obj
 *(.glue_7)
 .glue_7        0x0000000070003ca8        0x0 linker stubs
 *(.glue_7t)
 .glue_7t       0x0000000070003ca8        0x0 linker stubs
 *(.eh_frame)
 .eh_frame      0x0000000070003ca8        0x0 /usr/lib/gcc/arm-none-eabi/9.2.1/thumb/v7e-m+dp/hard/crtbegin.o
 *(.init)
 .init          0x0000000070003ca8        0x4 /usr/lib/gcc/arm-none-eabi/9.2.1/thumb/v7e-m+dp/hard/crti.o
                0x0000000070003ca8                _init
 .init          0x0000000070003cac        0x8 /usr/lib/gcc/arm-none-eabi/9.2.1/thumb/v7e-m+dp/hard/crtn.o
 *(.fini)
 .fini          0x0000000070003cb4        0x4 /usr/lib/gcc/arm-none-eabi/9.2.1/thumb/v7e-m+dp/hard/crti.o
                0x0000000070003cb4                _fini
 .fini          0x0000000070003cb8        0x8 /usr/lib/gcc/arm-none-eabi/9.2.1/thumb/v7e-m+dp/hard/crtn.o
                0x0000000070003cc0                . = ALIGN (0x4)

.vfp11_veneer   0x0000000070003cc0        0x0
 .vfp11_veneer  0x0000000070003cc0        0x0 linker stubs

.v4_bx          0x0000000070003cc0        0x0
 .v4_bx         0x0000000070003cc0        0x0 linker stubs

.iplt           0x0000000070003cc0        0x0
 .iplt          0x0000000070003cc0        0x0 /usr/lib/gcc/arm-none-eabi/9.2.1/thumb/v7e-m+dp/hard/crtbegin.o

.ARM.extab
 *(.ARM.extab* .gnu.linkonce.armextab.*)

.ARM            0x0000000070003cc0        0x8
                0x0000000070003cc0                __exidx_start = .
 *(.ARM.exidx*)
 .ARM.exidx     0x0000000070003cc0        0x8 /usr/lib/gcc/arm-none-eabi/9.2.1/../../../arm-none-eabi/lib/thumb/v7e-m+dp/hard/crt0.o
                                         0x10 (size before relaxing)
 .ARM.exidx     0x0000000070003cc8        0x0 /usr/lib/gcc/arm-none-eabi/9.2.1/thumb/v7e-m+dp/hard/libgcc.a(_udivmoddi4.o)
                                          0x8 (size before relaxing)
                0x0000000070003cc8                __exidx_end = .

.rel.dyn        0x0000000070003cc8        0x0
 .rel.iplt      0x0000000070003cc8        0x0 /usr/lib/gcc/arm-none-eabi/9.2.1/thumb/v7e-m+dp/hard/crtbegin.o

.ctors          0x0000000070003cc8        0x0
                0x0000000070003cc8                __CTOR_LIST__ = .
 *crtbegin.o(.ctors)
 *crtbegin?.o(.ctors)
 *(EXCLUDE_FILE(*crtend.o *crtend?.o) .ctors)
 *(SORT_BY_NAME(.ctors.*))
 *(.ctors)
                0x0000000070003cc8                __CTOR_END__ = .

.dtors          0x0000000070003cc8        0x0
                0x0000000070003cc8                __DTOR_LIST__ = .
 *crtbegin.o(.dtors)
 *crtbegin?.o(.dtors)
 *(EXCLUDE_FILE(*crtend.o *crtend?.o) .dtors)
 *(SORT_BY_NAME(.dtors.*))
 *(.dtors)
                0x0000000070003cc8                __DTOR_END__ = .

.preinit_array  0x0000000070003cc8        0x0
                0x0000000070003cc8                PROVIDE (__preinit_array_start = .)
 *(.preinit_array*)
                0x0000000070003cc8                PROVIDE (__preinit_array_end = .)

.init_array     0x0000000070003cc8        0x4
                0x0000000070003cc8                PROVIDE (__init_array_start = .)
 *(SORT_BY_NAME(.init_array.*))
 *(.init_array*)
 .init_array    0x0000000070003cc8        0x4 /usr/lib/gcc/arm-none-eabi/9.2.1/thumb/v7e-m+dp/hard/crtbegin.o
                0x0000000070003ccc                PROVIDE (__init_array_end = .)

.fini_array     0x0000000070003ccc        0x4
                0x0000000070003ccc                PROVIDE (__fini_array_start = .)
 *(SORT_BY_NAME(.fini_array.*))
 *(.fini_array*)
 .fini_array    0x0000000070003ccc        0x4 /usr/lib/gcc/arm-none-eabi/9.2.1/thumb/v7e-m+dp/hard/crtbegin.o
                0x0000000070003cd0                PROVIDE (__fini_array_end = .)
                0x0000000070003cd0                __etext = .
                0x0000000070003cd0                __DATA_ROM = .

.interrupts_ram
                0x0000000020000000        0x0
                0x0000000020000000                . = ALIGN (0x4)
                0x0000000020000000                __VECTOR_RAM__ = .
                0x0000000020000000                __interrupts_ram_start__ = .
 *(.m_interrupts_ram)
                0x0000000020000000                . = (. + VECTOR_RAM_SIZE)
                0x0000000020000000                . = ALIGN (0x4)
                0x0000000020000000                __interrupts_ram_end__ = .
                0x0000000070002000                __VECTOR_RAM = DEFINED (__ram_vector_table__)?__VECTOR_RAM__:ORIGIN (m_interrupts)
                0x0000000000000000                __RAM_VECTOR_TABLE_SIZE_BYTES = DEFINED (__ram_vector_table__)?(__interrupts_ram_end__ - __interrupts_ram_start__):0x0

.data           0x0000000020000000       0x68 load address 0x0000000070003cd0
                0x0000000020000000                . = ALIGN (0x4)
                0x0000000020000000                __DATA_RAM = .
                0x0000000020000000                __data_start__ = .
 *(m_usb_dma_init_data)
 *(.data)
 .data          0x0000000020000000       0x64 /usr/lib/gcc/arm-none-eabi/9.2.1/../../../arm-none-eabi/lib/thumb/v7e-m+dp/hard/libc_nano.a(lib_a-impure.o)
                0x0000000020000000                _impure_ptr
 *(.data*)
 .data.SystemCoreClock
                0x0000000020000064        0x4 CMakeFiles/iled_blinky.elf.dir/app/devices/MIMXRT1064/system_MIMXRT1064.c.obj
                0x0000000020000064                SystemCoreClock
 *(.jcr*)
                0x0000000020000068                . = ALIGN (0x4)
                0x0000000020000068                __data_end__ = .
                0x0000000070003d38                __NDATA_ROM = (__DATA_ROM + (__data_end__ - __data_start__))

.tm_clone_table
                0x0000000020000068        0x0 load address 0x0000000070003d38
 .tm_clone_table
                0x0000000020000068        0x0 /usr/lib/gcc/arm-none-eabi/9.2.1/thumb/v7e-m+dp/hard/crtbegin.o
 .tm_clone_table
                0x0000000020000068        0x0 /usr/lib/gcc/arm-none-eabi/9.2.1/thumb/v7e-m+dp/hard/crtend.o

.igot.plt       0x0000000020000068        0x0 load address 0x0000000070003d38
 .igot.plt      0x0000000020000068        0x0 /usr/lib/gcc/arm-none-eabi/9.2.1/thumb/v7e-m+dp/hard/crtbegin.o

.ncache.init    0x0000000020000068        0x0 load address 0x0000000070003d38
                0x0000000020000068                __noncachedata_start__ = .
 *(NonCacheable.init)
                0x0000000020000068                . = ALIGN (0x4)
                0x0000000020000068                __noncachedata_init_end__ = .
                0x0000000020000068                . = __noncachedata_init_end__

.ncache         0x0000000020000068        0x0
 *(NonCacheable)
                0x0000000020000068                . = ALIGN (0x4)
                0x0000000020000068                __noncachedata_end__ = .
                0x0000000070003d38                __DATA_END = (__NDATA_ROM + (__noncachedata_init_end__ - __noncachedata_start__))
                0x0000000070400000                text_end = (ORIGIN (m_text) + LENGTH (m_text))
                0x0000000000000001                ASSERT ((__DATA_END <= text_end), region m_text overflowed with text and data)

.bss            0x0000000020000068       0xf4 load address 0x0000000070003d38
                0x0000000020000068                . = ALIGN (0x4)
                0x0000000020000068                __START_BSS = .
                0x0000000020000068                __bss_start__ = .
 *(m_usb_dma_noninit_data)
 *(.bss)
 .bss           0x0000000020000068       0x1c /usr/lib/gcc/arm-none-eabi/9.2.1/thumb/v7e-m+dp/hard/crtbegin.o
 .bss           0x0000000020000084        0x8 /usr/lib/gcc/arm-none-eabi/9.2.1/../../../arm-none-eabi/lib/thumb/v7e-m+dp/hard/libc_nano.a(lib_a-nano-mallocr.o)
                0x0000000020000084                __malloc_free_list
                0x0000000020000088                __malloc_sbrk_start
 .bss           0x000000002000008c       0x8c /usr/lib/gcc/arm-none-eabi/9.2.1/../../../arm-none-eabi/lib/thumb/v7e-m+dp/hard/libc_nano.a(lib_a-__atexit.o)
 .bss           0x0000000020000118        0x4 /usr/lib/gcc/arm-none-eabi/9.2.1/../../../arm-none-eabi/lib/thumb/v7e-m+dp/hard/libc_nano.a(lib_a-__call_atexit.o)
                0x0000000020000118                _global_atexit
 *(.bss*)
 .bss.g_pinSet  0x000000002000011c        0x1 CMakeFiles/iled_blinky.elf.dir/app/boards/evkmimxrt1064/demo_apps/led_blinky/led_blinky.c.obj
                0x000000002000011c                g_pinSet
 *fill*         0x000000002000011d        0x3 
 .bss.g_systickCounter
                0x0000000020000120        0x4 CMakeFiles/iled_blinky.elf.dir/app/boards/evkmimxrt1064/demo_apps/led_blinky/led_blinky.c.obj
                0x0000000020000120                g_systickCounter
 .bss.g_rtcXtalFreq
                0x0000000020000124        0x4 CMakeFiles/iled_blinky.elf.dir/app/devices/MIMXRT1064/drivers/fsl_clock.c.obj
                0x0000000020000124                g_rtcXtalFreq
 .bss.g_xtalFreq
                0x0000000020000128        0x4 CMakeFiles/iled_blinky.elf.dir/app/devices/MIMXRT1064/drivers/fsl_clock.c.obj
                0x0000000020000128                g_xtalFreq
 .bss.s_lpuartHandle
                0x000000002000012c       0x24 CMakeFiles/iled_blinky.elf.dir/app/devices/MIMXRT1064/drivers/fsl_lpuart.c.obj
 .bss.s_lpuartIsr
                0x0000000020000150        0x4 CMakeFiles/iled_blinky.elf.dir/app/devices/MIMXRT1064/drivers/fsl_lpuart.c.obj
 .bss.heap_end.6046
                0x0000000020000154        0x4 CMakeFiles/iled_blinky.elf.dir/app/devices/MIMXRT1064/utilities/fsl_sbrk.c.obj
 *(COMMON)
 COMMON         0x0000000020000158        0x4 /usr/lib/gcc/arm-none-eabi/9.2.1/../../../arm-none-eabi/lib/thumb/v7e-m+dp/hard/libc_nano.a(lib_a-reent.o)
                0x0000000020000158                errno
                0x000000002000015c                . = ALIGN (0x4)
                0x000000002000015c                __bss_end__ = .
                0x000000002000015c                __END_BSS = .

.heap           0x000000002000015c      0x404 load address 0x0000000070003e2c
                0x0000000020000160                . = ALIGN (0x8)
 *fill*         0x000000002000015c        0x4 
                0x0000000020000160                __end__ = .
                0x0000000020000160                PROVIDE (end = .)
                0x0000000020000160                __HeapBase = .
                0x0000000020000560                . = (. + HEAP_SIZE)
 *fill*         0x0000000020000160      0x400 
                0x0000000020000560                __HeapLimit = .
                0x0000000020000560                __heap_limit = .

.stack          0x0000000020000560      0x400 load address 0x0000000070004230
                0x0000000020000560                . = ALIGN (0x8)
                0x0000000020000960                . = (. + STACK_SIZE)
 *fill*         0x0000000020000560      0x400 
                0x0000000020020000                __StackTop = (ORIGIN (m_data) + LENGTH (m_data))
                0x000000002001fc00                __StackLimit = (__StackTop - STACK_SIZE)
                0x0000000020020000                PROVIDE (__stack = __StackTop)

.ARM.attributes
                0x0000000000000000       0x2e
 *(.ARM.attributes)
 .ARM.attributes
                0x0000000000000000       0x1e /usr/lib/gcc/arm-none-eabi/9.2.1/thumb/v7e-m+dp/hard/crti.o
 .ARM.attributes
                0x000000000000001e       0x32 /usr/lib/gcc/arm-none-eabi/9.2.1/thumb/v7e-m+dp/hard/crtbegin.o
 .ARM.attributes
                0x0000000000000050       0x1c /usr/lib/gcc/arm-none-eabi/9.2.1/../../../arm-none-eabi/lib/thumb/v7e-m+dp/hard/crt0.o
 .ARM.attributes
                0x000000000000006c       0x32 CMakeFiles/iled_blinky.elf.dir/app/boards/evkmimxrt1064/demo_apps/led_blinky/led_blinky.c.obj
 .ARM.attributes
                0x000000000000009e       0x32 CMakeFiles/iled_blinky.elf.dir/app/boards/evkmimxrt1064/demo_apps/led_blinky/pin_mux.c.obj
 .ARM.attributes
                0x00000000000000d0       0x32 CMakeFiles/iled_blinky.elf.dir/app/boards/evkmimxrt1064/demo_apps/led_blinky/clock_config.c.obj
 .ARM.attributes
                0x0000000000000102       0x32 CMakeFiles/iled_blinky.elf.dir/app/devices/MIMXRT1064/drivers/fsl_gpio.c.obj
 .ARM.attributes
                0x0000000000000134       0x32 CMakeFiles/iled_blinky.elf.dir/app/devices/MIMXRT1064/drivers/fsl_clock.c.obj
 .ARM.attributes
                0x0000000000000166       0x32 CMakeFiles/iled_blinky.elf.dir/app/devices/MIMXRT1064/drivers/fsl_lpuart.c.obj
 .ARM.attributes
                0x0000000000000198       0x1d CMakeFiles/iled_blinky.elf.dir/app/devices/MIMXRT1064/gcc/startup_MIMXRT1064.S.obj
 .ARM.attributes
                0x00000000000001b5       0x32 CMakeFiles/iled_blinky.elf.dir/app/devices/MIMXRT1064/system_MIMXRT1064.c.obj
 .ARM.attributes
                0x00000000000001e7       0x37 CMakeFiles/iled_blinky.elf.dir/app/devices/MIMXRT1064/xip/fsl_flexspi_nor_boot.c.obj
 .ARM.attributes
                0x000000000000021e       0x37 CMakeFiles/iled_blinky.elf.dir/app/boards/evkmimxrt1064/xip/evkmimxrt1064_flexspi_nor_config.c.obj
 .ARM.attributes
                0x0000000000000255       0x32 CMakeFiles/iled_blinky.elf.dir/app/devices/MIMXRT1064/utilities/fsl_sbrk.c.obj
 .ARM.attributes
                0x0000000000000287       0x32 /usr/lib/gcc/arm-none-eabi/9.2.1/../../../arm-none-eabi/lib/thumb/v7e-m+dp/hard/libc_nano.a(lib_a-atexit.o)
 .ARM.attributes
                0x00000000000002b9       0x32 /usr/lib/gcc/arm-none-eabi/9.2.1/../../../arm-none-eabi/lib/thumb/v7e-m+dp/hard/libc_nano.a(lib_a-errno.o)
 .ARM.attributes
                0x00000000000002eb       0x32 /usr/lib/gcc/arm-none-eabi/9.2.1/../../../arm-none-eabi/lib/thumb/v7e-m+dp/hard/libc_nano.a(lib_a-exit.o)
 .ARM.attributes
                0x000000000000031d       0x32 /usr/lib/gcc/arm-none-eabi/9.2.1/../../../arm-none-eabi/lib/thumb/v7e-m+dp/hard/libc_nano.a(lib_a-fini.o)
 .ARM.attributes
                0x000000000000034f       0x30 /usr/lib/gcc/arm-none-eabi/9.2.1/../../../arm-none-eabi/lib/thumb/v7e-m+dp/hard/libc_nano.a(lib_a-impure.o)
 .ARM.attributes
                0x000000000000037f       0x32 /usr/lib/gcc/arm-none-eabi/9.2.1/../../../arm-none-eabi/lib/thumb/v7e-m+dp/hard/libc_nano.a(lib_a-init.o)
 .ARM.attributes
                0x00000000000003b1       0x32 /usr/lib/gcc/arm-none-eabi/9.2.1/../../../arm-none-eabi/lib/thumb/v7e-m+dp/hard/libc_nano.a(lib_a-malloc.o)
 .ARM.attributes
                0x00000000000003e3       0x32 /usr/lib/gcc/arm-none-eabi/9.2.1/../../../arm-none-eabi/lib/thumb/v7e-m+dp/hard/libc_nano.a(lib_a-memset.o)
 .ARM.attributes
                0x0000000000000415       0x32 /usr/lib/gcc/arm-none-eabi/9.2.1/../../../arm-none-eabi/lib/thumb/v7e-m+dp/hard/libc_nano.a(lib_a-nano-freer.o)
 .ARM.attributes
                0x0000000000000447       0x32 /usr/lib/gcc/arm-none-eabi/9.2.1/../../../arm-none-eabi/lib/thumb/v7e-m+dp/hard/libc_nano.a(lib_a-nano-mallocr.o)
 .ARM.attributes
                0x0000000000000479       0x32 /usr/lib/gcc/arm-none-eabi/9.2.1/../../../arm-none-eabi/lib/thumb/v7e-m+dp/hard/libc_nano.a(lib_a-sbrkr.o)
 .ARM.attributes
                0x00000000000004ab       0x32 /usr/lib/gcc/arm-none-eabi/9.2.1/../../../arm-none-eabi/lib/thumb/v7e-m+dp/hard/libc_nano.a(lib_a-__atexit.o)
 .ARM.attributes
                0x00000000000004dd       0x32 /usr/lib/gcc/arm-none-eabi/9.2.1/../../../arm-none-eabi/lib/thumb/v7e-m+dp/hard/libc_nano.a(lib_a-__call_atexit.o)
 .ARM.attributes
                0x000000000000050f       0x32 /usr/lib/gcc/arm-none-eabi/9.2.1/../../../arm-none-eabi/lib/thumb/v7e-m+dp/hard/libc_nano.a(lib_a-mlock.o)
 .ARM.attributes
                0x0000000000000541       0x32 /usr/lib/gcc/arm-none-eabi/9.2.1/../../../arm-none-eabi/lib/thumb/v7e-m+dp/hard/libc_nano.a(lib_a-reent.o)
 .ARM.attributes
                0x0000000000000573       0x1e /usr/lib/gcc/arm-none-eabi/9.2.1/thumb/v7e-m+dp/hard/libgcc.a(_aeabi_uldivmod.o)
 .ARM.attributes
                0x0000000000000591       0x32 /usr/lib/gcc/arm-none-eabi/9.2.1/thumb/v7e-m+dp/hard/libgcc.a(_udivmoddi4.o)
 .ARM.attributes
                0x00000000000005c3       0x1e /usr/lib/gcc/arm-none-eabi/9.2.1/thumb/v7e-m+dp/hard/libgcc.a(_dvmd_tls.o)
 .ARM.attributes
                0x00000000000005e1       0x32 /usr/lib/gcc/arm-none-eabi/9.2.1/../../../arm-none-eabi/lib/thumb/v7e-m+dp/hard/libnosys.a(_exit.o)
 .ARM.attributes
                0x0000000000000613       0x30 /usr/lib/gcc/arm-none-eabi/9.2.1/thumb/v7e-m+dp/hard/crtend.o
 .ARM.attributes
                0x0000000000000643       0x1e /usr/lib/gcc/arm-none-eabi/9.2.1/thumb/v7e-m+dp/hard/crtn.o
                0x0000000000000001                ASSERT ((__StackLimit >= __HeapLimit), region m_data overflowed with stack and heap)
OUTPUT(../flexspi_nor_release/iled_blinky.elf elf32-littlearm)
LOAD linker stubs

.comment        0x0000000000000000       0xa7
 .comment       0x0000000000000000       0x59 /usr/lib/gcc/arm-none-eabi/9.2.1/thumb/v7e-m+dp/hard/crtbegin.o
                                         0x5a (size before relaxing)
 .comment       0x0000000000000059       0x5a CMakeFiles/iled_blinky.elf.dir/app/boards/evkmimxrt1064/demo_apps/led_blinky/led_blinky.c.obj
 .comment       0x0000000000000059       0x5a CMakeFiles/iled_blinky.elf.dir/app/boards/evkmimxrt1064/demo_apps/led_blinky/pin_mux.c.obj
 .comment       0x0000000000000059       0x5a CMakeFiles/iled_blinky.elf.dir/app/boards/evkmimxrt1064/demo_apps/led_blinky/clock_config.c.obj
 .comment       0x0000000000000059       0x5a CMakeFiles/iled_blinky.elf.dir/app/devices/MIMXRT1064/drivers/fsl_gpio.c.obj
 .comment       0x0000000000000059       0x5a CMakeFiles/iled_blinky.elf.dir/app/devices/MIMXRT1064/drivers/fsl_clock.c.obj
 .comment       0x0000000000000059       0x5a CMakeFiles/iled_blinky.elf.dir/app/devices/MIMXRT1064/drivers/fsl_lpuart.c.obj
 .comment       0x0000000000000059       0x5a CMakeFiles/iled_blinky.elf.dir/app/devices/MIMXRT1064/system_MIMXRT1064.c.obj
 .comment       0x0000000000000059       0x5a CMakeFiles/iled_blinky.elf.dir/app/devices/MIMXRT1064/xip/fsl_flexspi_nor_boot.c.obj
 .comment       0x0000000000000059       0x5a CMakeFiles/iled_blinky.elf.dir/app/boards/evkmimxrt1064/xip/evkmimxrt1064_flexspi_nor_config.c.obj
 .comment       0x0000000000000059       0x5a CMakeFiles/iled_blinky.elf.dir/app/devices/MIMXRT1064/utilities/fsl_sbrk.c.obj
 .comment       0x0000000000000059       0x4e /usr/lib/gcc/arm-none-eabi/9.2.1/../../../arm-none-eabi/lib/thumb/v7e-m+dp/hard/libc_nano.a(lib_a-atexit.o)
                                         0x4f (size before relaxing)
 .comment       0x00000000000000a7       0x4f /usr/lib/gcc/arm-none-eabi/9.2.1/../../../arm-none-eabi/lib/thumb/v7e-m+dp/hard/libc_nano.a(lib_a-errno.o)
 .comment       0x00000000000000a7       0x4f /usr/lib/gcc/arm-none-eabi/9.2.1/../../../arm-none-eabi/lib/thumb/v7e-m+dp/hard/libc_nano.a(lib_a-exit.o)
 .comment       0x00000000000000a7       0x4f /usr/lib/gcc/arm-none-eabi/9.2.1/../../../arm-none-eabi/lib/thumb/v7e-m+dp/hard/libc_nano.a(lib_a-fini.o)
 .comment       0x00000000000000a7       0x4f /usr/lib/gcc/arm-none-eabi/9.2.1/../../../arm-none-eabi/lib/thumb/v7e-m+dp/hard/libc_nano.a(lib_a-impure.o)
 .comment       0x00000000000000a7       0x4f /usr/lib/gcc/arm-none-eabi/9.2.1/../../../arm-none-eabi/lib/thumb/v7e-m+dp/hard/libc_nano.a(lib_a-init.o)
 .comment       0x00000000000000a7       0x4f /usr/lib/gcc/arm-none-eabi/9.2.1/../../../arm-none-eabi/lib/thumb/v7e-m+dp/hard/libc_nano.a(lib_a-malloc.o)
 .comment       0x00000000000000a7       0x4f /usr/lib/gcc/arm-none-eabi/9.2.1/../../../arm-none-eabi/lib/thumb/v7e-m+dp/hard/libc_nano.a(lib_a-memset.o)
 .comment       0x00000000000000a7       0x4f /usr/lib/gcc/arm-none-eabi/9.2.1/../../../arm-none-eabi/lib/thumb/v7e-m+dp/hard/libc_nano.a(lib_a-nano-freer.o)
 .comment       0x00000000000000a7       0x4f /usr/lib/gcc/arm-none-eabi/9.2.1/../../../arm-none-eabi/lib/thumb/v7e-m+dp/hard/libc_nano.a(lib_a-nano-mallocr.o)
 .comment       0x00000000000000a7       0x4f /usr/lib/gcc/arm-none-eabi/9.2.1/../../../arm-none-eabi/lib/thumb/v7e-m+dp/hard/libc_nano.a(lib_a-sbrkr.o)
 .comment       0x00000000000000a7       0x4f /usr/lib/gcc/arm-none-eabi/9.2.1/../../../arm-none-eabi/lib/thumb/v7e-m+dp/hard/libc_nano.a(lib_a-__atexit.o)
 .comment       0x00000000000000a7       0x4f /usr/lib/gcc/arm-none-eabi/9.2.1/../../../arm-none-eabi/lib/thumb/v7e-m+dp/hard/libc_nano.a(lib_a-__call_atexit.o)
 .comment       0x00000000000000a7       0x4f /usr/lib/gcc/arm-none-eabi/9.2.1/../../../arm-none-eabi/lib/thumb/v7e-m+dp/hard/libc_nano.a(lib_a-mlock.o)
 .comment       0x00000000000000a7       0x4f /usr/lib/gcc/arm-none-eabi/9.2.1/../../../arm-none-eabi/lib/thumb/v7e-m+dp/hard/libc_nano.a(lib_a-reent.o)
 .comment       0x00000000000000a7       0x5a /usr/lib/gcc/arm-none-eabi/9.2.1/thumb/v7e-m+dp/hard/libgcc.a(_udivmoddi4.o)
 .comment       0x00000000000000a7       0x4f /usr/lib/gcc/arm-none-eabi/9.2.1/../../../arm-none-eabi/lib/thumb/v7e-m+dp/hard/libnosys.a(_exit.o)
 .comment       0x00000000000000a7       0x5a /usr/lib/gcc/arm-none-eabi/9.2.1/thumb/v7e-m+dp/hard/crtend.o

.debug_line     0x0000000000000000     0x2144
 .debug_line    0x0000000000000000       0x87 /usr/lib/gcc/arm-none-eabi/9.2.1/../../../arm-none-eabi/lib/thumb/v7e-m+dp/hard/crt0.o
 .debug_line    0x0000000000000087      0x14a /usr/lib/gcc/arm-none-eabi/9.2.1/../../../arm-none-eabi/lib/thumb/v7e-m+dp/hard/libc_nano.a(lib_a-atexit.o)
 .debug_line    0x00000000000001d1      0x108 /usr/lib/gcc/arm-none-eabi/9.2.1/../../../arm-none-eabi/lib/thumb/v7e-m+dp/hard/libc_nano.a(lib_a-errno.o)
 .debug_line    0x00000000000002d9      0x16c /usr/lib/gcc/arm-none-eabi/9.2.1/../../../arm-none-eabi/lib/thumb/v7e-m+dp/hard/libc_nano.a(lib_a-exit.o)
 .debug_line    0x0000000000000445       0xd7 /usr/lib/gcc/arm-none-eabi/9.2.1/../../../arm-none-eabi/lib/thumb/v7e-m+dp/hard/libc_nano.a(lib_a-fini.o)
 .debug_line    0x000000000000051c       0xe3 /usr/lib/gcc/arm-none-eabi/9.2.1/../../../arm-none-eabi/lib/thumb/v7e-m+dp/hard/libc_nano.a(lib_a-impure.o)
 .debug_line    0x00000000000005ff      0x10d /usr/lib/gcc/arm-none-eabi/9.2.1/../../../arm-none-eabi/lib/thumb/v7e-m+dp/hard/libc_nano.a(lib_a-init.o)
 .debug_line    0x000000000000070c      0x15e /usr/lib/gcc/arm-none-eabi/9.2.1/../../../arm-none-eabi/lib/thumb/v7e-m+dp/hard/libc_nano.a(lib_a-malloc.o)
 .debug_line    0x000000000000086a      0x26b /usr/lib/gcc/arm-none-eabi/9.2.1/../../../arm-none-eabi/lib/thumb/v7e-m+dp/hard/libc_nano.a(lib_a-memset.o)
 .debug_line    0x0000000000000ad5      0x2af /usr/lib/gcc/arm-none-eabi/9.2.1/../../../arm-none-eabi/lib/thumb/v7e-m+dp/hard/libc_nano.a(lib_a-nano-freer.o)
 .debug_line    0x0000000000000d84      0x2f2 /usr/lib/gcc/arm-none-eabi/9.2.1/../../../arm-none-eabi/lib/thumb/v7e-m+dp/hard/libc_nano.a(lib_a-nano-mallocr.o)
 .debug_line    0x0000000000001076      0x182 /usr/lib/gcc/arm-none-eabi/9.2.1/../../../arm-none-eabi/lib/thumb/v7e-m+dp/hard/libc_nano.a(lib_a-sbrkr.o)
 .debug_line    0x00000000000011f8      0x228 /usr/lib/gcc/arm-none-eabi/9.2.1/../../../arm-none-eabi/lib/thumb/v7e-m+dp/hard/libc_nano.a(lib_a-__atexit.o)
 .debug_line    0x0000000000001420      0x22a /usr/lib/gcc/arm-none-eabi/9.2.1/../../../arm-none-eabi/lib/thumb/v7e-m+dp/hard/libc_nano.a(lib_a-__call_atexit.o)
 .debug_line    0x000000000000164a      0x13d /usr/lib/gcc/arm-none-eabi/9.2.1/../../../arm-none-eabi/lib/thumb/v7e-m+dp/hard/libc_nano.a(lib_a-mlock.o)
 .debug_line    0x0000000000001787      0x275 /usr/lib/gcc/arm-none-eabi/9.2.1/../../../arm-none-eabi/lib/thumb/v7e-m+dp/hard/libc_nano.a(lib_a-reent.o)
 .debug_line    0x00000000000019fc       0x60 /usr/lib/gcc/arm-none-eabi/9.2.1/thumb/v7e-m+dp/hard/libgcc.a(_aeabi_uldivmod.o)
 .debug_line    0x0000000000001a5c      0x61a /usr/lib/gcc/arm-none-eabi/9.2.1/thumb/v7e-m+dp/hard/libgcc.a(_udivmoddi4.o)
 .debug_line    0x0000000000002076       0x60 /usr/lib/gcc/arm-none-eabi/9.2.1/thumb/v7e-m+dp/hard/libgcc.a(_dvmd_tls.o)
 .debug_line    0x00000000000020d6       0x6e /usr/lib/gcc/arm-none-eabi/9.2.1/../../../arm-none-eabi/lib/thumb/v7e-m+dp/hard/libnosys.a(_exit.o)

.debug_info     0x0000000000000000     0x9a13
 .debug_info    0x0000000000000000       0x26 /usr/lib/gcc/arm-none-eabi/9.2.1/../../../arm-none-eabi/lib/thumb/v7e-m+dp/hard/crt0.o
 .debug_info    0x0000000000000026      0x995 /usr/lib/gcc/arm-none-eabi/9.2.1/../../../arm-none-eabi/lib/thumb/v7e-m+dp/hard/libc_nano.a(lib_a-atexit.o)
 .debug_info    0x00000000000009bb      0x953 /usr/lib/gcc/arm-none-eabi/9.2.1/../../../arm-none-eabi/lib/thumb/v7e-m+dp/hard/libc_nano.a(lib_a-errno.o)
 .debug_info    0x000000000000130e      0x9e7 /usr/lib/gcc/arm-none-eabi/9.2.1/../../../arm-none-eabi/lib/thumb/v7e-m+dp/hard/libc_nano.a(lib_a-exit.o)
 .debug_info    0x0000000000001cf5      0x102 /usr/lib/gcc/arm-none-eabi/9.2.1/../../../arm-none-eabi/lib/thumb/v7e-m+dp/hard/libc_nano.a(lib_a-fini.o)
 .debug_info    0x0000000000001df7      0x92a /usr/lib/gcc/arm-none-eabi/9.2.1/../../../arm-none-eabi/lib/thumb/v7e-m+dp/hard/libc_nano.a(lib_a-impure.o)
 .debug_info    0x0000000000002721      0x11a /usr/lib/gcc/arm-none-eabi/9.2.1/../../../arm-none-eabi/lib/thumb/v7e-m+dp/hard/libc_nano.a(lib_a-init.o)
 .debug_info    0x000000000000283b      0x9b6 /usr/lib/gcc/arm-none-eabi/9.2.1/../../../arm-none-eabi/lib/thumb/v7e-m+dp/hard/libc_nano.a(lib_a-malloc.o)
 .debug_info    0x00000000000031f1      0xf21 /usr/lib/gcc/arm-none-eabi/9.2.1/../../../arm-none-eabi/lib/thumb/v7e-m+dp/hard/libc_nano.a(lib_a-memset.o)
 .debug_info    0x0000000000004112      0xb85 /usr/lib/gcc/arm-none-eabi/9.2.1/../../../arm-none-eabi/lib/thumb/v7e-m+dp/hard/libc_nano.a(lib_a-nano-freer.o)
 .debug_info    0x0000000000004c97      0xc5a /usr/lib/gcc/arm-none-eabi/9.2.1/../../../arm-none-eabi/lib/thumb/v7e-m+dp/hard/libc_nano.a(lib_a-nano-mallocr.o)
 .debug_info    0x00000000000058f1      0x9fb /usr/lib/gcc/arm-none-eabi/9.2.1/../../../arm-none-eabi/lib/thumb/v7e-m+dp/hard/libc_nano.a(lib_a-sbrkr.o)
 .debug_info    0x00000000000062ec      0xa3c /usr/lib/gcc/arm-none-eabi/9.2.1/../../../arm-none-eabi/lib/thumb/v7e-m+dp/hard/libc_nano.a(lib_a-__atexit.o)
 .debug_info    0x0000000000006d28      0xa10 /usr/lib/gcc/arm-none-eabi/9.2.1/../../../arm-none-eabi/lib/thumb/v7e-m+dp/hard/libc_nano.a(lib_a-__call_atexit.o)
 .debug_info    0x0000000000007738      0x961 /usr/lib/gcc/arm-none-eabi/9.2.1/../../../arm-none-eabi/lib/thumb/v7e-m+dp/hard/libc_nano.a(lib_a-mlock.o)
 .debug_info    0x0000000000008099      0xb0f /usr/lib/gcc/arm-none-eabi/9.2.1/../../../arm-none-eabi/lib/thumb/v7e-m+dp/hard/libc_nano.a(lib_a-reent.o)
 .debug_info    0x0000000000008ba8       0x26 /usr/lib/gcc/arm-none-eabi/9.2.1/thumb/v7e-m+dp/hard/libgcc.a(_aeabi_uldivmod.o)
 .debug_info    0x0000000000008bce      0xd7c /usr/lib/gcc/arm-none-eabi/9.2.1/thumb/v7e-m+dp/hard/libgcc.a(_udivmoddi4.o)
 .debug_info    0x000000000000994a       0x26 /usr/lib/gcc/arm-none-eabi/9.2.1/thumb/v7e-m+dp/hard/libgcc.a(_dvmd_tls.o)
 .debug_info    0x0000000000009970       0xa3 /usr/lib/gcc/arm-none-eabi/9.2.1/../../../arm-none-eabi/lib/thumb/v7e-m+dp/hard/libnosys.a(_exit.o)

.debug_abbrev   0x0000000000000000     0x1ef8
 .debug_abbrev  0x0000000000000000       0x14 /usr/lib/gcc/arm-none-eabi/9.2.1/../../../arm-none-eabi/lib/thumb/v7e-m+dp/hard/crt0.o
 .debug_abbrev  0x0000000000000014      0x1f4 /usr/lib/gcc/arm-none-eabi/9.2.1/../../../arm-none-eabi/lib/thumb/v7e-m+dp/hard/libc_nano.a(lib_a-atexit.o)
 .debug_abbrev  0x0000000000000208      0x198 /usr/lib/gcc/arm-none-eabi/9.2.1/../../../arm-none-eabi/lib/thumb/v7e-m+dp/hard/libc_nano.a(lib_a-errno.o)
 .debug_abbrev  0x00000000000003a0      0x1f6 /usr/lib/gcc/arm-none-eabi/9.2.1/../../../arm-none-eabi/lib/thumb/v7e-m+dp/hard/libc_nano.a(lib_a-exit.o)
 .debug_abbrev  0x0000000000000596       0xcf /usr/lib/gcc/arm-none-eabi/9.2.1/../../../arm-none-eabi/lib/thumb/v7e-m+dp/hard/libc_nano.a(lib_a-fini.o)
 .debug_abbrev  0x0000000000000665      0x17a /usr/lib/gcc/arm-none-eabi/9.2.1/../../../arm-none-eabi/lib/thumb/v7e-m+dp/hard/libc_nano.a(lib_a-impure.o)
 .debug_abbrev  0x00000000000007df       0xcc /usr/lib/gcc/arm-none-eabi/9.2.1/../../../arm-none-eabi/lib/thumb/v7e-m+dp/hard/libc_nano.a(lib_a-init.o)
 .debug_abbrev  0x00000000000008ab      0x1f2 /usr/lib/gcc/arm-none-eabi/9.2.1/../../../arm-none-eabi/lib/thumb/v7e-m+dp/hard/libc_nano.a(lib_a-malloc.o)
 .debug_abbrev  0x0000000000000a9d      0x1d9 /usr/lib/gcc/arm-none-eabi/9.2.1/../../../arm-none-eabi/lib/thumb/v7e-m+dp/hard/libc_nano.a(lib_a-memset.o)
 .debug_abbrev  0x0000000000000c76      0x286 /usr/lib/gcc/arm-none-eabi/9.2.1/../../../arm-none-eabi/lib/thumb/v7e-m+dp/hard/libc_nano.a(lib_a-nano-freer.o)
 .debug_abbrev  0x0000000000000efc      0x2d1 /usr/lib/gcc/arm-none-eabi/9.2.1/../../../arm-none-eabi/lib/thumb/v7e-m+dp/hard/libc_nano.a(lib_a-nano-mallocr.o)
 .debug_abbrev  0x00000000000011cd      0x212 /usr/lib/gcc/arm-none-eabi/9.2.1/../../../arm-none-eabi/lib/thumb/v7e-m+dp/hard/libc_nano.a(lib_a-sbrkr.o)
 .debug_abbrev  0x00000000000013df      0x261 /usr/lib/gcc/arm-none-eabi/9.2.1/../../../arm-none-eabi/lib/thumb/v7e-m+dp/hard/libc_nano.a(lib_a-__atexit.o)
 .debug_abbrev  0x0000000000001640      0x237 /usr/lib/gcc/arm-none-eabi/9.2.1/../../../arm-none-eabi/lib/thumb/v7e-m+dp/hard/libc_nano.a(lib_a-__call_atexit.o)
 .debug_abbrev  0x0000000000001877      0x1c5 /usr/lib/gcc/arm-none-eabi/9.2.1/../../../arm-none-eabi/lib/thumb/v7e-m+dp/hard/libc_nano.a(lib_a-mlock.o)
 .debug_abbrev  0x0000000000001a3c      0x268 /usr/lib/gcc/arm-none-eabi/9.2.1/../../../arm-none-eabi/lib/thumb/v7e-m+dp/hard/libc_nano.a(lib_a-reent.o)
 .debug_abbrev  0x0000000000001ca4       0x14 /usr/lib/gcc/arm-none-eabi/9.2.1/thumb/v7e-m+dp/hard/libgcc.a(_aeabi_uldivmod.o)
 .debug_abbrev  0x0000000000001cb8      0x1c2 /usr/lib/gcc/arm-none-eabi/9.2.1/thumb/v7e-m+dp/hard/libgcc.a(_udivmoddi4.o)
 .debug_abbrev  0x0000000000001e7a       0x14 /usr/lib/gcc/arm-none-eabi/9.2.1/thumb/v7e-m+dp/hard/libgcc.a(_dvmd_tls.o)
 .debug_abbrev  0x0000000000001e8e       0x6a /usr/lib/gcc/arm-none-eabi/9.2.1/../../../arm-none-eabi/lib/thumb/v7e-m+dp/hard/libnosys.a(_exit.o)

.debug_aranges  0x0000000000000000      0x278
 .debug_aranges
                0x0000000000000000       0x20 /usr/lib/gcc/arm-none-eabi/9.2.1/../../../arm-none-eabi/lib/thumb/v7e-m+dp/hard/crt0.o
 .debug_aranges
                0x0000000000000020       0x20 /usr/lib/gcc/arm-none-eabi/9.2.1/../../../arm-none-eabi/lib/thumb/v7e-m+dp/hard/libc_nano.a(lib_a-atexit.o)
 .debug_aranges
                0x0000000000000040       0x20 /usr/lib/gcc/arm-none-eabi/9.2.1/../../../arm-none-eabi/lib/thumb/v7e-m+dp/hard/libc_nano.a(lib_a-errno.o)
 .debug_aranges
                0x0000000000000060       0x20 /usr/lib/gcc/arm-none-eabi/9.2.1/../../../arm-none-eabi/lib/thumb/v7e-m+dp/hard/libc_nano.a(lib_a-exit.o)
 .debug_aranges
                0x0000000000000080       0x20 /usr/lib/gcc/arm-none-eabi/9.2.1/../../../arm-none-eabi/lib/thumb/v7e-m+dp/hard/libc_nano.a(lib_a-fini.o)
 .debug_aranges
                0x00000000000000a0       0x18 /usr/lib/gcc/arm-none-eabi/9.2.1/../../../arm-none-eabi/lib/thumb/v7e-m+dp/hard/libc_nano.a(lib_a-impure.o)
 .debug_aranges
                0x00000000000000b8       0x20 /usr/lib/gcc/arm-none-eabi/9.2.1/../../../arm-none-eabi/lib/thumb/v7e-m+dp/hard/libc_nano.a(lib_a-init.o)
 .debug_aranges
                0x00000000000000d8       0x20 /usr/lib/gcc/arm-none-eabi/9.2.1/../../../arm-none-eabi/lib/thumb/v7e-m+dp/hard/libc_nano.a(lib_a-malloc.o)
 .debug_aranges
                0x00000000000000f8       0x20 /usr/lib/gcc/arm-none-eabi/9.2.1/../../../arm-none-eabi/lib/thumb/v7e-m+dp/hard/libc_nano.a(lib_a-memset.o)
 .debug_aranges
                0x0000000000000118       0x20 /usr/lib/gcc/arm-none-eabi/9.2.1/../../../arm-none-eabi/lib/thumb/v7e-m+dp/hard/libc_nano.a(lib_a-nano-freer.o)
 .debug_aranges
                0x0000000000000138       0x20 /usr/lib/gcc/arm-none-eabi/9.2.1/../../../arm-none-eabi/lib/thumb/v7e-m+dp/hard/libc_nano.a(lib_a-nano-mallocr.o)
 .debug_aranges
                0x0000000000000158       0x20 /usr/lib/gcc/arm-none-eabi/9.2.1/../../../arm-none-eabi/lib/thumb/v7e-m+dp/hard/libc_nano.a(lib_a-sbrkr.o)
 .debug_aranges
                0x0000000000000178       0x20 /usr/lib/gcc/arm-none-eabi/9.2.1/../../../arm-none-eabi/lib/thumb/v7e-m+dp/hard/libc_nano.a(lib_a-__atexit.o)
 .debug_aranges
                0x0000000000000198       0x20 /usr/lib/gcc/arm-none-eabi/9.2.1/../../../arm-none-eabi/lib/thumb/v7e-m+dp/hard/libc_nano.a(lib_a-__call_atexit.o)
 .debug_aranges
                0x00000000000001b8       0x20 /usr/lib/gcc/arm-none-eabi/9.2.1/../../../arm-none-eabi/lib/thumb/v7e-m+dp/hard/libc_nano.a(lib_a-mlock.o)
 .debug_aranges
                0x00000000000001d8       0x20 /usr/lib/gcc/arm-none-eabi/9.2.1/../../../arm-none-eabi/lib/thumb/v7e-m+dp/hard/libc_nano.a(lib_a-reent.o)
 .debug_aranges
                0x00000000000001f8       0x20 /usr/lib/gcc/arm-none-eabi/9.2.1/thumb/v7e-m+dp/hard/libgcc.a(_aeabi_uldivmod.o)
 .debug_aranges
                0x0000000000000218       0x20 /usr/lib/gcc/arm-none-eabi/9.2.1/thumb/v7e-m+dp/hard/libgcc.a(_udivmoddi4.o)
 .debug_aranges
                0x0000000000000238       0x20 /usr/lib/gcc/arm-none-eabi/9.2.1/thumb/v7e-m+dp/hard/libgcc.a(_dvmd_tls.o)
 .debug_aranges
                0x0000000000000258       0x20 /usr/lib/gcc/arm-none-eabi/9.2.1/../../../arm-none-eabi/lib/thumb/v7e-m+dp/hard/libnosys.a(_exit.o)

.debug_str      0x0000000000000000     0x226d
 .debug_str     0x0000000000000000       0x98 /usr/lib/gcc/arm-none-eabi/9.2.1/../../../arm-none-eabi/lib/thumb/v7e-m+dp/hard/crt0.o
 .debug_str     0x0000000000000098      0x57d /usr/lib/gcc/arm-none-eabi/9.2.1/../../../arm-none-eabi/lib/thumb/v7e-m+dp/hard/libc_nano.a(lib_a-atexit.o)
                                        0x630 (size before relaxing)
 .debug_str     0x0000000000000615       0xb2 /usr/lib/gcc/arm-none-eabi/9.2.1/../../../arm-none-eabi/lib/thumb/v7e-m+dp/hard/libc_nano.a(lib_a-errno.o)
                                        0x5f7 (size before relaxing)
 .debug_str     0x00000000000006c7       0x6f /usr/lib/gcc/arm-none-eabi/9.2.1/../../../arm-none-eabi/lib/thumb/v7e-m+dp/hard/libc_nano.a(lib_a-exit.o)
                                        0x631 (size before relaxing)
 .debug_str     0x0000000000000736       0xcc /usr/lib/gcc/arm-none-eabi/9.2.1/../../../arm-none-eabi/lib/thumb/v7e-m+dp/hard/libc_nano.a(lib_a-fini.o)
                                        0x202 (size before relaxing)
 .debug_str     0x0000000000000802       0xa0 /usr/lib/gcc/arm-none-eabi/9.2.1/../../../arm-none-eabi/lib/thumb/v7e-m+dp/hard/libc_nano.a(lib_a-impure.o)
                                        0x5e5 (size before relaxing)
 .debug_str     0x00000000000008a2       0x96 /usr/lib/gcc/arm-none-eabi/9.2.1/../../../arm-none-eabi/lib/thumb/v7e-m+dp/hard/libc_nano.a(lib_a-init.o)
                                        0x22c (size before relaxing)
 .debug_str     0x0000000000000938       0x59 /usr/lib/gcc/arm-none-eabi/9.2.1/../../../arm-none-eabi/lib/thumb/v7e-m+dp/hard/libc_nano.a(lib_a-malloc.o)
                                        0x616 (size before relaxing)
 .debug_str     0x0000000000000991      0x31c /usr/lib/gcc/arm-none-eabi/9.2.1/../../../arm-none-eabi/lib/thumb/v7e-m+dp/hard/libc_nano.a(lib_a-memset.o)
                                        0x912 (size before relaxing)
 .debug_str     0x0000000000000cad      0x120 /usr/lib/gcc/arm-none-eabi/9.2.1/../../../arm-none-eabi/lib/thumb/v7e-m+dp/hard/libc_nano.a(lib_a-nano-freer.o)
                                        0x715 (size before relaxing)
 .debug_str     0x0000000000000dcd       0x32 /usr/lib/gcc/arm-none-eabi/9.2.1/../../../arm-none-eabi/lib/thumb/v7e-m+dp/hard/libc_nano.a(lib_a-nano-mallocr.o)
                                        0x72c (size before relaxing)
 .debug_str     0x0000000000000dff       0x47 /usr/lib/gcc/arm-none-eabi/9.2.1/../../../arm-none-eabi/lib/thumb/v7e-m+dp/hard/libc_nano.a(lib_a-sbrkr.o)
                                        0x628 (size before relaxing)
 .debug_str     0x0000000000000e46       0x7d /usr/lib/gcc/arm-none-eabi/9.2.1/../../../arm-none-eabi/lib/thumb/v7e-m+dp/hard/libc_nano.a(lib_a-__atexit.o)
                                        0x683 (size before relaxing)
 .debug_str     0x0000000000000ec3       0x49 /usr/lib/gcc/arm-none-eabi/9.2.1/../../../arm-none-eabi/lib/thumb/v7e-m+dp/hard/libc_nano.a(lib_a-__call_atexit.o)
                                        0x62e (size before relaxing)
 .debug_str     0x0000000000000f0c       0x4c /usr/lib/gcc/arm-none-eabi/9.2.1/../../../arm-none-eabi/lib/thumb/v7e-m+dp/hard/libc_nano.a(lib_a-mlock.o)
                                        0x611 (size before relaxing)
 .debug_str     0x0000000000000f58       0x5e /usr/lib/gcc/arm-none-eabi/9.2.1/../../../arm-none-eabi/lib/thumb/v7e-m+dp/hard/libc_nano.a(lib_a-reent.o)
                                        0x621 (size before relaxing)
 .debug_str     0x0000000000000fb6       0x97 /usr/lib/gcc/arm-none-eabi/9.2.1/thumb/v7e-m+dp/hard/libgcc.a(_aeabi_uldivmod.o)
                                         0xa3 (size before relaxing)
 .debug_str     0x000000000000104d     0x10e4 /usr/lib/gcc/arm-none-eabi/9.2.1/thumb/v7e-m+dp/hard/libgcc.a(_udivmoddi4.o)
                                       0x11e9 (size before relaxing)
 .debug_str     0x0000000000002131       0x30 /usr/lib/gcc/arm-none-eabi/9.2.1/thumb/v7e-m+dp/hard/libgcc.a(_dvmd_tls.o)
                                         0xa7 (size before relaxing)
 .debug_str     0x0000000000002161      0x10c /usr/lib/gcc/arm-none-eabi/9.2.1/../../../arm-none-eabi/lib/thumb/v7e-m+dp/hard/libnosys.a(_exit.o)
                                        0x1a2 (size before relaxing)

.debug_loc      0x0000000000000000     0x1f1a
 .debug_loc     0x0000000000000000       0x32 /usr/lib/gcc/arm-none-eabi/9.2.1/../../../arm-none-eabi/lib/thumb/v7e-m+dp/hard/libc_nano.a(lib_a-atexit.o)
 .debug_loc     0x0000000000000032       0x22 /usr/lib/gcc/arm-none-eabi/9.2.1/../../../arm-none-eabi/lib/thumb/v7e-m+dp/hard/libc_nano.a(lib_a-exit.o)
 .debug_loc     0x0000000000000054       0x68 /usr/lib/gcc/arm-none-eabi/9.2.1/../../../arm-none-eabi/lib/thumb/v7e-m+dp/hard/libc_nano.a(lib_a-fini.o)
 .debug_loc     0x00000000000000bc       0xba /usr/lib/gcc/arm-none-eabi/9.2.1/../../../arm-none-eabi/lib/thumb/v7e-m+dp/hard/libc_nano.a(lib_a-init.o)
 .debug_loc     0x0000000000000176       0x64 /usr/lib/gcc/arm-none-eabi/9.2.1/../../../arm-none-eabi/lib/thumb/v7e-m+dp/hard/libc_nano.a(lib_a-malloc.o)
 .debug_loc     0x00000000000001da      0x231 /usr/lib/gcc/arm-none-eabi/9.2.1/../../../arm-none-eabi/lib/thumb/v7e-m+dp/hard/libc_nano.a(lib_a-memset.o)
 .debug_loc     0x000000000000040b      0x211 /usr/lib/gcc/arm-none-eabi/9.2.1/../../../arm-none-eabi/lib/thumb/v7e-m+dp/hard/libc_nano.a(lib_a-nano-freer.o)
 .debug_loc     0x000000000000061c      0x437 /usr/lib/gcc/arm-none-eabi/9.2.1/../../../arm-none-eabi/lib/thumb/v7e-m+dp/hard/libc_nano.a(lib_a-nano-mallocr.o)
 .debug_loc     0x0000000000000a53       0x6c /usr/lib/gcc/arm-none-eabi/9.2.1/../../../arm-none-eabi/lib/thumb/v7e-m+dp/hard/libc_nano.a(lib_a-sbrkr.o)
 .debug_loc     0x0000000000000abf      0x230 /usr/lib/gcc/arm-none-eabi/9.2.1/../../../arm-none-eabi/lib/thumb/v7e-m+dp/hard/libc_nano.a(lib_a-__atexit.o)
 .debug_loc     0x0000000000000cef      0x13f /usr/lib/gcc/arm-none-eabi/9.2.1/../../../arm-none-eabi/lib/thumb/v7e-m+dp/hard/libc_nano.a(lib_a-__call_atexit.o)
 .debug_loc     0x0000000000000e2e      0x135 /usr/lib/gcc/arm-none-eabi/9.2.1/../../../arm-none-eabi/lib/thumb/v7e-m+dp/hard/libc_nano.a(lib_a-reent.o)
 .debug_loc     0x0000000000000f63      0xfa2 /usr/lib/gcc/arm-none-eabi/9.2.1/thumb/v7e-m+dp/hard/libgcc.a(_udivmoddi4.o)
 .debug_loc     0x0000000000001f05       0x15 /usr/lib/gcc/arm-none-eabi/9.2.1/../../../arm-none-eabi/lib/thumb/v7e-m+dp/hard/libnosys.a(_exit.o)

.debug_frame    0x0000000000000000      0x374
 .debug_frame   0x0000000000000000       0x20 /usr/lib/gcc/arm-none-eabi/9.2.1/../../../arm-none-eabi/lib/thumb/v7e-m+dp/hard/libc_nano.a(lib_a-atexit.o)
 .debug_frame   0x0000000000000020       0x20 /usr/lib/gcc/arm-none-eabi/9.2.1/../../../arm-none-eabi/lib/thumb/v7e-m+dp/hard/libc_nano.a(lib_a-errno.o)
 .debug_frame   0x0000000000000040       0x28 /usr/lib/gcc/arm-none-eabi/9.2.1/../../../arm-none-eabi/lib/thumb/v7e-m+dp/hard/libc_nano.a(lib_a-exit.o)
 .debug_frame   0x0000000000000068       0x34 /usr/lib/gcc/arm-none-eabi/9.2.1/../../../arm-none-eabi/lib/thumb/v7e-m+dp/hard/libc_nano.a(lib_a-fini.o)
 .debug_frame   0x000000000000009c       0x2c /usr/lib/gcc/arm-none-eabi/9.2.1/../../../arm-none-eabi/lib/thumb/v7e-m+dp/hard/libc_nano.a(lib_a-init.o)
 .debug_frame   0x00000000000000c8       0x30 /usr/lib/gcc/arm-none-eabi/9.2.1/../../../arm-none-eabi/lib/thumb/v7e-m+dp/hard/libc_nano.a(lib_a-malloc.o)
 .debug_frame   0x00000000000000f8       0x38 /usr/lib/gcc/arm-none-eabi/9.2.1/../../../arm-none-eabi/lib/thumb/v7e-m+dp/hard/libc_nano.a(lib_a-memset.o)
 .debug_frame   0x0000000000000130       0x58 /usr/lib/gcc/arm-none-eabi/9.2.1/../../../arm-none-eabi/lib/thumb/v7e-m+dp/hard/libc_nano.a(lib_a-nano-freer.o)
 .debug_frame   0x0000000000000188       0x30 /usr/lib/gcc/arm-none-eabi/9.2.1/../../../arm-none-eabi/lib/thumb/v7e-m+dp/hard/libc_nano.a(lib_a-nano-mallocr.o)
 .debug_frame   0x00000000000001b8       0x2c /usr/lib/gcc/arm-none-eabi/9.2.1/../../../arm-none-eabi/lib/thumb/v7e-m+dp/hard/libc_nano.a(lib_a-sbrkr.o)
 .debug_frame   0x00000000000001e4       0x34 /usr/lib/gcc/arm-none-eabi/9.2.1/../../../arm-none-eabi/lib/thumb/v7e-m+dp/hard/libc_nano.a(lib_a-__atexit.o)
 .debug_frame   0x0000000000000218       0x40 /usr/lib/gcc/arm-none-eabi/9.2.1/../../../arm-none-eabi/lib/thumb/v7e-m+dp/hard/libc_nano.a(lib_a-__call_atexit.o)
 .debug_frame   0x0000000000000258       0x30 /usr/lib/gcc/arm-none-eabi/9.2.1/../../../arm-none-eabi/lib/thumb/v7e-m+dp/hard/libc_nano.a(lib_a-mlock.o)
 .debug_frame   0x0000000000000288       0x6c /usr/lib/gcc/arm-none-eabi/9.2.1/../../../arm-none-eabi/lib/thumb/v7e-m+dp/hard/libc_nano.a(lib_a-reent.o)
 .debug_frame   0x00000000000002f4       0x2c /usr/lib/gcc/arm-none-eabi/9.2.1/thumb/v7e-m+dp/hard/libgcc.a(_aeabi_uldivmod.o)
 .debug_frame   0x0000000000000320       0x34 /usr/lib/gcc/arm-none-eabi/9.2.1/thumb/v7e-m+dp/hard/libgcc.a(_udivmoddi4.o)
 .debug_frame   0x0000000000000354       0x20 /usr/lib/gcc/arm-none-eabi/9.2.1/../../../arm-none-eabi/lib/thumb/v7e-m+dp/hard/libnosys.a(_exit.o)

.debug_ranges   0x0000000000000000      0x140
 .debug_ranges  0x0000000000000000       0x18 /usr/lib/gcc/arm-none-eabi/9.2.1/../../../arm-none-eabi/lib/thumb/v7e-m+dp/hard/libc_nano.a(lib_a-nano-freer.o)
 .debug_ranges  0x0000000000000018       0x38 /usr/lib/gcc/arm-none-eabi/9.2.1/../../../arm-none-eabi/lib/thumb/v7e-m+dp/hard/libc_nano.a(lib_a-nano-mallocr.o)
 .debug_ranges  0x0000000000000050       0x28 /usr/lib/gcc/arm-none-eabi/9.2.1/../../../arm-none-eabi/lib/thumb/v7e-m+dp/hard/libc_nano.a(lib_a-__call_atexit.o)
 .debug_ranges  0x0000000000000078       0xc8 /usr/lib/gcc/arm-none-eabi/9.2.1/thumb/v7e-m+dp/hard/libgcc.a(_udivmoddi4.o)
