Archive member included to satisfy reference by file (symbol)

/usr/lib/gcc/arm-none-eabi/9.2.1/../../../arm-none-eabi/lib/thumb/v7e-m+dp/hard/libc_nano.a(lib_a-atexit.o)
                              /usr/lib/gcc/arm-none-eabi/9.2.1/../../../arm-none-eabi/lib/thumb/v7e-m+dp/hard/crt0.o (atexit)
/usr/lib/gcc/arm-none-eabi/9.2.1/../../../arm-none-eabi/lib/thumb/v7e-m+dp/hard/libc_nano.a(lib_a-atoi.o)
                              CMakeFiles/wifi_cli.elf.dir/app/middleware/lwip/src/api/netdb.c.obj (atoi)
/usr/lib/gcc/arm-none-eabi/9.2.1/../../../arm-none-eabi/lib/thumb/v7e-m+dp/hard/libc_nano.a(lib_a-ctype_.o)
                              CMakeFiles/wifi_cli.elf.dir/app/middleware/lwip/src/core/ipv4/ip4_addr.c.obj (_ctype_)
/usr/lib/gcc/arm-none-eabi/9.2.1/../../../arm-none-eabi/lib/thumb/v7e-m+dp/hard/libc_nano.a(lib_a-errno.o)
                              CMakeFiles/wifi_cli.elf.dir/app/devices/MIMXRT1064/utilities/str/fsl_str.c.obj (__errno)
/usr/lib/gcc/arm-none-eabi/9.2.1/../../../arm-none-eabi/lib/thumb/v7e-m+dp/hard/libc_nano.a(lib_a-exit.o)
                              /usr/lib/gcc/arm-none-eabi/9.2.1/../../../arm-none-eabi/lib/thumb/v7e-m+dp/hard/crt0.o (exit)
/usr/lib/gcc/arm-none-eabi/9.2.1/../../../arm-none-eabi/lib/thumb/v7e-m+dp/hard/libc_nano.a(lib_a-fini.o)
                              /usr/lib/gcc/arm-none-eabi/9.2.1/../../../arm-none-eabi/lib/thumb/v7e-m+dp/hard/crt0.o (__libc_fini_array)
/usr/lib/gcc/arm-none-eabi/9.2.1/../../../arm-none-eabi/lib/thumb/v7e-m+dp/hard/libc_nano.a(lib_a-impure.o)
                              /usr/lib/gcc/arm-none-eabi/9.2.1/../../../arm-none-eabi/lib/thumb/v7e-m+dp/hard/libc_nano.a(lib_a-exit.o) (_global_impure_ptr)
/usr/lib/gcc/arm-none-eabi/9.2.1/../../../arm-none-eabi/lib/thumb/v7e-m+dp/hard/libc_nano.a(lib_a-init.o)
                              /usr/lib/gcc/arm-none-eabi/9.2.1/../../../arm-none-eabi/lib/thumb/v7e-m+dp/hard/crt0.o (__libc_init_array)
/usr/lib/gcc/arm-none-eabi/9.2.1/../../../arm-none-eabi/lib/thumb/v7e-m+dp/hard/libc_nano.a(lib_a-malloc.o)
                              CMakeFiles/wifi_cli.elf.dir/app/devices/MIMXRT1064/drivers/fsl_common.c.obj (malloc)
/usr/lib/gcc/arm-none-eabi/9.2.1/../../../arm-none-eabi/lib/thumb/v7e-m+dp/hard/libc_nano.a(lib_a-memcmp.o)
                              CMakeFiles/wifi_cli.elf.dir/app/middleware/lwip/src/core/ipv4/acd.c.obj (memcmp)
/usr/lib/gcc/arm-none-eabi/9.2.1/../../../arm-none-eabi/lib/thumb/v7e-m+dp/hard/libc_nano.a(lib_a-memcpy.o)
                              CMakeFiles/wifi_cli.elf.dir/app/devices/MIMXRT1064/drivers/fsl_clock.c.obj (memcpy)
/usr/lib/gcc/arm-none-eabi/9.2.1/../../../arm-none-eabi/lib/thumb/v7e-m+dp/hard/libc_nano.a(lib_a-memmove.o)
                              CMakeFiles/wifi_cli.elf.dir/app/middleware/lwip/src/core/def.c.obj (memmove)
/usr/lib/gcc/arm-none-eabi/9.2.1/../../../arm-none-eabi/lib/thumb/v7e-m+dp/hard/libc_nano.a(lib_a-memset.o)
                              /usr/lib/gcc/arm-none-eabi/9.2.1/../../../arm-none-eabi/lib/thumb/v7e-m+dp/hard/crt0.o (memset)
/usr/lib/gcc/arm-none-eabi/9.2.1/../../../arm-none-eabi/lib/thumb/v7e-m+dp/hard/libc_nano.a(lib_a-nano-freer.o)
                              /usr/lib/gcc/arm-none-eabi/9.2.1/../../../arm-none-eabi/lib/thumb/v7e-m+dp/hard/libc_nano.a(lib_a-malloc.o) (_free_r)
/usr/lib/gcc/arm-none-eabi/9.2.1/../../../arm-none-eabi/lib/thumb/v7e-m+dp/hard/libc_nano.a(lib_a-nano-mallocr.o)
                              /usr/lib/gcc/arm-none-eabi/9.2.1/../../../arm-none-eabi/lib/thumb/v7e-m+dp/hard/libc_nano.a(lib_a-malloc.o) (_malloc_r)
/usr/lib/gcc/arm-none-eabi/9.2.1/../../../arm-none-eabi/lib/thumb/v7e-m+dp/hard/libc_nano.a(lib_a-sbrkr.o)
                              /usr/lib/gcc/arm-none-eabi/9.2.1/../../../arm-none-eabi/lib/thumb/v7e-m+dp/hard/libc_nano.a(lib_a-nano-mallocr.o) (_sbrk_r)
/usr/lib/gcc/arm-none-eabi/9.2.1/../../../arm-none-eabi/lib/thumb/v7e-m+dp/hard/libc_nano.a(lib_a-snprintf.o)
                              CMakeFiles/wifi_cli.elf.dir/app/middleware/wifi/wifidriver/mlan_api.c.obj (snprintf)
/usr/lib/gcc/arm-none-eabi/9.2.1/../../../arm-none-eabi/lib/thumb/v7e-m+dp/hard/libc_nano.a(lib_a-sprintf.o)
                              CMakeFiles/wifi_cli.elf.dir/app/rtos/freertos/freertos_kernel/tasks.c.obj (sprintf)
/usr/lib/gcc/arm-none-eabi/9.2.1/../../../arm-none-eabi/lib/thumb/v7e-m+dp/hard/libc_nano.a(lib_a-strchr.o)
                              CMakeFiles/wifi_cli.elf.dir/app/middleware/wifi/cli/cli.c.obj (strchr)
/usr/lib/gcc/arm-none-eabi/9.2.1/../../../arm-none-eabi/lib/thumb/v7e-m+dp/hard/libc_nano.a(lib_a-strcmp.o)
                              CMakeFiles/wifi_cli.elf.dir/app/middleware/lwip/src/core/dns.c.obj (strcmp)
/usr/lib/gcc/arm-none-eabi/9.2.1/../../../arm-none-eabi/lib/thumb/v7e-m+dp/hard/libc_nano.a(lib_a-strcpy.o)
                              CMakeFiles/wifi_cli.elf.dir/app/boards/evkmimxrt1064/wifi_examples/wifi_cli/main.c.obj (strcpy)
[...]
Memory Configuration

Name             Origin             Length             Attributes
m_flash_config   0x0000000070000000 0x0000000000001000 xr
m_ivt            0x0000000070001000 0x0000000000001000 xr
m_interrupts     0x0000000070002000 0x0000000000000400 xr
m_text           0x0000000070002400 0x00000000003fdc00 xr
m_data           0x0000000020000000 0x0000000000020000 rw
m_data2          0x0000000020200000 0x00000000000c0000 rw
*default*        0x0000000000000000 0xffffffffffffffff

Linker script and memory map

LOAD /usr/lib/gcc/arm-none-eabi/9.2.1/thumb/v7e-m+dp/hard/crti.o
LOAD /usr/lib/gcc/arm-none-eabi/9.2.1/thumb/v7e-m+dp/hard/crtbegin.o
LOAD /usr/lib/gcc/arm-none-eabi/9.2.1/../../../arm-none-eabi/lib/thumb/v7e-m+dp/hard/crt0.o
                0x0000000000000400                __stack_size__ = 0x400
                0x0000000000000400                __heap_size__ = 0x400
LOAD CMakeFiles/wifi_cli.elf.dir/app/boards/evkmimxrt1064/wifi_examples/wifi_cli/main.c.obj
LOAD CMakeFiles/wifi_cli.elf.dir/app/boards/evkmimxrt1064/wifi_examples/wifi_cli/pin_mux.c.obj
LOAD CMakeFiles/wifi_cli.elf.dir/app/boards/evkmimxrt1064/sdmmc_config.c.obj
LOAD CMakeFiles/wifi_cli.elf.dir/app/boards/evkmimxrt1064/wifi_examples/wifi_cli/board.c.obj
LOAD CMakeFiles/wifi_cli.elf.dir/app/boards/evkmimxrt1064/wifi_examples/wifi_cli/clock_config.c.obj
LOAD CMakeFiles/wifi_cli.elf.dir/app/boards/evkmimxrt1064/wifi_examples/wifi_cli/dcd.c.obj
LOAD CMakeFiles/wifi_cli.elf.dir/app/devices/MIMXRT1064/drivers/fsl_cache.c.obj
LOAD CMakeFiles/wifi_cli.elf.dir/app/devices/MIMXRT1064/drivers/fsl_common.c.obj
LOAD CMakeFiles/wifi_cli.elf.dir/app/devices/MIMXRT1064/drivers/fsl_clock.c.obj
LOAD CMakeFiles/wifi_cli.elf.dir/app/rtos/freertos/freertos_kernel/event_groups.c.obj
LOAD CMakeFiles/wifi_cli.elf.dir/app/rtos/freertos/freertos_kernel/croutine.c.obj
LOAD CMakeFiles/wifi_cli.elf.dir/app/rtos/freertos/freertos_kernel/list.c.obj
LOAD CMakeFiles/wifi_cli.elf.dir/app/rtos/freertos/freertos_kernel/portable/GCC/ARM_CM4F/port.c.obj
LOAD CMakeFiles/wifi_cli.elf.dir/app/rtos/freertos/freertos_kernel/queue.c.obj
LOAD CMakeFiles/wifi_cli.elf.dir/app/rtos/freertos/freertos_kernel/stream_buffer.c.obj
LOAD CMakeFiles/wifi_cli.elf.dir/app/rtos/freertos/freertos_kernel/tasks.c.obj
LOAD CMakeFiles/wifi_cli.elf.dir/app/rtos/freertos/freertos_kernel/timers.c.obj
LOAD CMakeFiles/wifi_cli.elf.dir/app/rtos/freertos/freertos_kernel/portable/MemMang/heap_4.c.obj
LOAD CMakeFiles/wifi_cli.elf.dir/app/middleware/lwip/port/sys_arch.c.obj
LOAD CMakeFiles/wifi_cli.elf.dir/app/middleware/lwip/src/api/sockets.c.obj
LOAD CMakeFiles/wifi_cli.elf.dir/app/middleware/lwip/src/api/netifapi.c.obj
LOAD CMakeFiles/wifi_cli.elf.dir/app/middleware/lwip/src/api/netdb.c.obj
LOAD CMakeFiles/wifi_cli.elf.dir/app/middleware/lwip/src/api/netbuf.c.obj
LOAD CMakeFiles/wifi_cli.elf.dir/app/middleware/lwip/src/api/tcpip.c.obj
LOAD CMakeFiles/wifi_cli.elf.dir/app/middleware/lwip/src/api/api_msg.c.obj
LOAD CMakeFiles/wifi_cli.elf.dir/app/middleware/lwip/src/api/err.c.obj
LOAD CMakeFiles/wifi_cli.elf.dir/app/middleware/lwip/src/api/if_api.c.obj
LOAD CMakeFiles/wifi_cli.elf.dir/app/middleware/lwip/src/api/api_lib.c.obj
LOAD CMakeFiles/wifi_cli.elf.dir/app/middleware/lwip/src/core/memp.c.obj
LOAD CMakeFiles/wifi_cli.elf.dir/app/middleware/lwip/src/core/def.c.obj
LOAD CMakeFiles/wifi_cli.elf.dir/app/middleware/lwip/src/core/ip.c.obj
LOAD CMakeFiles/wifi_cli.elf.dir/app/middleware/lwip/src/core/pbuf.c.obj
LOAD CMakeFiles/wifi_cli.elf.dir/app/middleware/lwip/src/core/altcp.c.obj
LOAD CMakeFiles/wifi_cli.elf.dir/app/middleware/lwip/src/core/ipv6/ethip6.c.obj
LOAD CMakeFiles/wifi_cli.elf.dir/app/middleware/lwip/src/core/ipv6/dhcp6.c.obj
LOAD CMakeFiles/wifi_cli.elf.dir/app/middleware/lwip/src/core/ipv6/ip6_addr.c.obj
LOAD CMakeFiles/wifi_cli.elf.dir/app/middleware/lwip/src/core/ipv6/nd6.c.obj
LOAD CMakeFiles/wifi_cli.elf.dir/app/middleware/lwip/src/core/ipv6/mld6.c.obj
LOAD CMakeFiles/wifi_cli.elf.dir/app/middleware/lwip/src/core/ipv6/icmp6.c.obj
LOAD CMakeFiles/wifi_cli.elf.dir/app/middleware/lwip/src/core/ipv6/ip6_frag.c.obj
LOAD CMakeFiles/wifi_cli.elf.dir/app/middleware/lwip/src/core/ipv6/ip6.c.obj
LOAD CMakeFiles/wifi_cli.elf.dir/app/middleware/lwip/src/core/ipv6/inet6.c.obj
LOAD CMakeFiles/wifi_cli.elf.dir/app/middleware/lwip/src/core/tcp_out.c.obj
LOAD CMakeFiles/wifi_cli.elf.dir/app/middleware/lwip/src/core/raw.c.obj
LOAD CMakeFiles/wifi_cli.elf.dir/app/middleware/lwip/src/core/altcp_tcp.c.obj
LOAD CMakeFiles/wifi_cli.elf.dir/app/middleware/lwip/src/core/sys.c.obj
LOAD CMakeFiles/wifi_cli.elf.dir/app/middleware/lwip/src/core/init.c.obj
LOAD CMakeFiles/wifi_cli.elf.dir/app/middleware/lwip/src/core/inet_chksum.c.obj
LOAD CMakeFiles/wifi_cli.elf.dir/app/middleware/lwip/src/core/timeouts.c.obj
LOAD CMakeFiles/wifi_cli.elf.dir/app/middleware/lwip/src/core/tcp_in.c.obj
LOAD CMakeFiles/wifi_cli.elf.dir/app/middleware/lwip/src/core/netif.c.obj
LOAD CMakeFiles/wifi_cli.elf.dir/app/middleware/lwip/src/core/mem.c.obj
LOAD CMakeFiles/wifi_cli.elf.dir/app/middleware/lwip/src/core/udp.c.obj
LOAD CMakeFiles/wifi_cli.elf.dir/app/middleware/lwip/src/core/ipv4/dhcp.c.obj
LOAD CMakeFiles/wifi_cli.elf.dir/app/middleware/lwip/src/core/ipv4/ip4.c.obj
LOAD CMakeFiles/wifi_cli.elf.dir/app/middleware/lwip/src/core/ipv4/autoip.c.obj
LOAD CMakeFiles/wifi_cli.elf.dir/app/middleware/lwip/src/core/ipv4/icmp.c.obj
LOAD CMakeFiles/wifi_cli.elf.dir/app/middleware/lwip/src/core/ipv4/acd.c.obj
LOAD CMakeFiles/wifi_cli.elf.dir/app/middleware/lwip/src/core/ipv4/etharp.c.obj
LOAD CMakeFiles/wifi_cli.elf.dir/app/middleware/lwip/src/core/ipv4/ip4_addr.c.obj
LOAD CMakeFiles/wifi_cli.elf.dir/app/middleware/lwip/src/core/ipv4/igmp.c.obj
LOAD CMakeFiles/wifi_cli.elf.dir/app/middleware/lwip/src/core/ipv4/ip4_frag.c.obj
LOAD CMakeFiles/wifi_cli.elf.dir/app/middleware/lwip/src/core/tcp.c.obj
LOAD CMakeFiles/wifi_cli.elf.dir/app/middleware/lwip/src/core/stats.c.obj
LOAD CMakeFiles/wifi_cli.elf.dir/app/middleware/lwip/src/core/dns.c.obj
LOAD CMakeFiles/wifi_cli.elf.dir/app/middleware/lwip/src/core/altcp_alloc.c.obj
LOAD CMakeFiles/wifi_cli.elf.dir/app/middleware/lwip/src/netif/lowpan6.c.obj
LOAD CMakeFiles/wifi_cli.elf.dir/app/middleware/lwip/src/netif/ethernet.c.obj
LOAD CMakeFiles/wifi_cli.elf.dir/app/middleware/lwip/src/netif/bridgeif.c.obj
LOAD CMakeFiles/wifi_cli.elf.dir/app/middleware/lwip/src/netif/bridgeif_fdb.c.obj
LOAD CMakeFiles/wifi_cli.elf.dir/app/middleware/lwip/src/netif/zepif.c.obj
LOAD CMakeFiles/wifi_cli.elf.dir/app/middleware/lwip/src/netif/lowpan6_common.c.obj
LOAD CMakeFiles/wifi_cli.elf.dir/app/middleware/lwip/src/netif/lowpan6_ble.c.obj
LOAD CMakeFiles/wifi_cli.elf.dir/app/middleware/lwip/src/netif/slipif.c.obj
LOAD CMakeFiles/wifi_cli.elf.dir/app/middleware/lwip/src/netif/ppp/pppol2tp.c.obj
LOAD CMakeFiles/wifi_cli.elf.dir/app/middleware/lwip/src/netif/ppp/mppe.c.obj
LOAD CMakeFiles/wifi_cli.elf.dir/app/middleware/lwip/src/netif/ppp/vj.c.obj
LOAD CMakeFiles/wifi_cli.elf.dir/app/middleware/lwip/src/netif/ppp/pppcrypt.c.obj
LOAD CMakeFiles/wifi_cli.elf.dir/app/middleware/lwip/src/netif/ppp/ppp.c.obj
LOAD CMakeFiles/wifi_cli.elf.dir/app/middleware/lwip/src/netif/ppp/eap.c.obj
LOAD CMakeFiles/wifi_cli.elf.dir/app/middleware/lwip/src/netif/ppp/chap-md5.c.obj
LOAD CMakeFiles/wifi_cli.elf.dir/app/middleware/lwip/src/netif/ppp/lcp.c.obj
LOAD CMakeFiles/wifi_cli.elf.dir/app/middleware/lwip/src/netif/ppp/pppos.c.obj
LOAD CMakeFiles/wifi_cli.elf.dir/app/middleware/lwip/src/netif/ppp/ipcp.c.obj
LOAD CMakeFiles/wifi_cli.elf.dir/app/middleware/lwip/src/netif/ppp/fsm.c.obj
LOAD CMakeFiles/wifi_cli.elf.dir/app/middleware/lwip/src/netif/ppp/ccp.c.obj
LOAD CMakeFiles/wifi_cli.elf.dir/app/middleware/lwip/src/netif/ppp/utils.c.obj
LOAD CMakeFiles/wifi_cli.elf.dir/app/middleware/lwip/src/netif/ppp/chap-new.c.obj
LOAD CMakeFiles/wifi_cli.elf.dir/app/middleware/lwip/src/netif/ppp/demand.c.obj
LOAD CMakeFiles/wifi_cli.elf.dir/app/middleware/lwip/src/netif/ppp/pppoe.c.obj
LOAD CMakeFiles/wifi_cli.elf.dir/app/middleware/lwip/src/netif/ppp/ipv6cp.c.obj
LOAD CMakeFiles/wifi_cli.elf.dir/app/middleware/lwip/src/netif/ppp/lwip_ecp.c.obj
LOAD CMakeFiles/wifi_cli.elf.dir/app/middleware/lwip/src/netif/ppp/multilink.c.obj
LOAD CMakeFiles/wifi_cli.elf.dir/app/middleware/lwip/src/netif/ppp/eui64.c.obj
LOAD CMakeFiles/wifi_cli.elf.dir/app/middleware/lwip/src/netif/ppp/magic.c.obj
LOAD CMakeFiles/wifi_cli.elf.dir/app/middleware/lwip/src/netif/ppp/upap.c.obj
LOAD CMakeFiles/wifi_cli.elf.dir/app/middleware/lwip/src/netif/ppp/pppapi.c.obj
LOAD CMakeFiles/wifi_cli.elf.dir/app/middleware/lwip/src/netif/ppp/chap_ms.c.obj
LOAD CMakeFiles/wifi_cli.elf.dir/app/middleware/lwip/src/netif/ppp/auth.c.obj
LOAD CMakeFiles/wifi_cli.elf.dir/app/middleware/wifi/dhcpd/dhcp-server.c.obj
LOAD CMakeFiles/wifi_cli.elf.dir/app/middleware/wifi/dhcpd/dhcp-server-main.c.obj
LOAD CMakeFiles/wifi_cli.elf.dir/app/middleware/wifi/dhcpd/dns-server.c.obj
LOAD CMakeFiles/wifi_cli.elf.dir/app/middleware/wifi/wifidriver/mlan_sdio.c.obj
LOAD CMakeFiles/wifi_cli.elf.dir/app/middleware/wifi/wifidriver/mlan_11ac.c.obj
LOAD CMakeFiles/wifi_cli.elf.dir/app/middleware/wifi/wifidriver/mlan_11d.c.obj
LOAD CMakeFiles/wifi_cli.elf.dir/app/middleware/wifi/wifidriver/mlan_11h.c.obj
LOAD CMakeFiles/wifi_cli.elf.dir/app/middleware/wifi/wifidriver/mlan_11n.c.obj
LOAD CMakeFiles/wifi_cli.elf.dir/app/middleware/wifi/wifidriver/mlan_11n_aggr.c.obj
LOAD CMakeFiles/wifi_cli.elf.dir/app/middleware/wifi/wifidriver/mlan_11n_rxreorder.c.obj
LOAD CMakeFiles/wifi_cli.elf.dir/app/middleware/wifi/wifidriver/mlan_cfp.c.obj
LOAD CMakeFiles/wifi_cli.elf.dir/app/middleware/wifi/wifidriver/mlan_cmdevt.c.obj
LOAD CMakeFiles/wifi_cli.elf.dir/app/middleware/wifi/wifidriver/mlan_glue.c.obj
LOAD CMakeFiles/wifi_cli.elf.dir/app/middleware/wifi/wifidriver/mlan_init.c.obj
LOAD CMakeFiles/wifi_cli.elf.dir/app/middleware/wifi/wifidriver/mlan_join.c.obj
LOAD CMakeFiles/wifi_cli.elf.dir/app/middleware/wifi/wifidriver/mlan_misc.c.obj
LOAD CMakeFiles/wifi_cli.elf.dir/app/middleware/wifi/wifidriver/mlan_scan.c.obj
LOAD CMakeFiles/wifi_cli.elf.dir/app/middleware/wifi/wifidriver/mlan_shim.c.obj
LOAD CMakeFiles/wifi_cli.elf.dir/app/middleware/wifi/wifidriver/mlan_sta_cmd.c.obj
LOAD CMakeFiles/wifi_cli.elf.dir/app/middleware/wifi/wifidriver/mlan_sta_cmdresp.c.obj
LOAD CMakeFiles/wifi_cli.elf.dir/app/middleware/wifi/wifidriver/mlan_sta_event.c.obj
LOAD CMakeFiles/wifi_cli.elf.dir/app/middleware/wifi/wifidriver/mlan_sta_ioctl.c.obj
LOAD CMakeFiles/wifi_cli.elf.dir/app/middleware/wifi/wifidriver/mlan_sta_rx.c.obj
LOAD CMakeFiles/wifi_cli.elf.dir/app/middleware/wifi/wifidriver/mlan_txrx.c.obj
LOAD CMakeFiles/wifi_cli.elf.dir/app/middleware/wifi/wifidriver/mlan_uap_cmdevent.c.obj
LOAD CMakeFiles/wifi_cli.elf.dir/app/middleware/wifi/wifidriver/mlan_uap_ioctl.c.obj
LOAD CMakeFiles/wifi_cli.elf.dir/app/middleware/wifi/wifidriver/mlan_wmm.c.obj
LOAD CMakeFiles/wifi_cli.elf.dir/app/middleware/wifi/wifidriver/mlan_api.c.obj
LOAD CMakeFiles/wifi_cli.elf.dir/app/middleware/wifi/port/lwip/net.c.obj
LOAD CMakeFiles/wifi_cli.elf.dir/app/middleware/wifi/port/lwip/wifi_netif.c.obj
LOAD CMakeFiles/wifi_cli.elf.dir/app/middleware/wifi/port/os/os.c.obj
LOAD CMakeFiles/wifi_cli.elf.dir/app/middleware/wifi/wifidriver/wifi.c.obj
LOAD CMakeFiles/wifi_cli.elf.dir/app/middleware/wifi/wifidriver/wifi_pwrmgr.c.obj
LOAD CMakeFiles/wifi_cli.elf.dir/app/middleware/wifi/wifidriver/wifi-debug.c.obj
LOAD CMakeFiles/wifi_cli.elf.dir/app/middleware/wifi/wifidriver/wifi-mem.c.obj
LOAD CMakeFiles/wifi_cli.elf.dir/app/middleware/wifi/wifidriver/wifi-sdio.c.obj
LOAD CMakeFiles/wifi_cli.elf.dir/app/middleware/wifi/wifidriver/wifi-uap.c.obj
LOAD CMakeFiles/wifi_cli.elf.dir/app/middleware/wifi/wlcmgr/wlan.c.obj
LOAD CMakeFiles/wifi_cli.elf.dir/app/middleware/wifi/wlcmgr/wlan_txpwrlimit_cfg.c.obj
LOAD CMakeFiles/wifi_cli.elf.dir/app/middleware/sdmmc/sdio/fsl_sdio.c.obj
LOAD CMakeFiles/wifi_cli.elf.dir/app/middleware/sdmmc/host/usdhc/non_blocking/fsl_sdmmc_host.c.obj
LOAD CMakeFiles/wifi_cli.elf.dir/app/middleware/sdmmc/common/fsl_sdmmc_common.c.obj
LOAD CMakeFiles/wifi_cli.elf.dir/app/middleware/sdmmc/osa/fsl_sdmmc_osa.c.obj
LOAD CMakeFiles/wifi_cli.elf.dir/app/components/osa/fsl_os_abstraction_free_rtos.c.obj
LOAD CMakeFiles/wifi_cli.elf.dir/app/components/lists/fsl_component_generic_list.c.obj
LOAD CMakeFiles/wifi_cli.elf.dir/app/devices/MIMXRT1064/drivers/fsl_usdhc.c.obj
LOAD CMakeFiles/wifi_cli.elf.dir/app/devices/MIMXRT1064/utilities/str/fsl_str.c.obj
LOAD CMakeFiles/wifi_cli.elf.dir/app/devices/MIMXRT1064/utilities/debug_console/fsl_debug_console.c.obj
LOAD CMakeFiles/wifi_cli.elf.dir/app/components/serial_manager/fsl_component_serial_manager.c.obj
LOAD CMakeFiles/wifi_cli.elf.dir/app/components/serial_manager/fsl_component_serial_port_uart.c.obj
LOAD CMakeFiles/wifi_cli.elf.dir/app/devices/MIMXRT1064/drivers/fsl_lpuart.c.obj
LOAD CMakeFiles/wifi_cli.elf.dir/app/components/uart/fsl_adapter_lpuart.c.obj
LOAD CMakeFiles/wifi_cli.elf.dir/app/middleware/lwip/src/apps/lwiperf/lwiperf.c.obj
LOAD CMakeFiles/wifi_cli.elf.dir/app/middleware/wifi/cli/cli.c.obj
LOAD CMakeFiles/wifi_cli.elf.dir/app/middleware/wifi/cli/cli_mem_simple.c.obj
LOAD CMakeFiles/wifi_cli.elf.dir/app/middleware/wifi/cli/cli_utils.c.obj
LOAD CMakeFiles/wifi_cli.elf.dir/app/middleware/wifi/nw_utils/ping.c.obj
LOAD CMakeFiles/wifi_cli.elf.dir/app/middleware/wifi/nw_utils/iperf.c.obj
LOAD CMakeFiles/wifi_cli.elf.dir/app/middleware/wifi/wlcmgr/wlan_basic_cli.c.obj
LOAD CMakeFiles/wifi_cli.elf.dir/app/middleware/wifi/wlcmgr/wlan_enhanced_tests.c.obj
LOAD CMakeFiles/wifi_cli.elf.dir/app/middleware/wifi/wlcmgr/wlan_tests.c.obj
LOAD CMakeFiles/wifi_cli.elf.dir/app/middleware/wifi/wlcmgr/wlan_test_mode_tests.c.obj
LOAD CMakeFiles/wifi_cli.elf.dir/app/middleware/wifi/dhcpd/dhcp-server-cli.c.obj
LOAD CMakeFiles/wifi_cli.elf.dir/app/devices/MIMXRT1064/gcc/startup_MIMXRT1064.S.obj
LOAD CMakeFiles/wifi_cli.elf.dir/app/devices/MIMXRT1064/system_MIMXRT1064.c.obj
LOAD CMakeFiles/wifi_cli.elf.dir/app/devices/MIMXRT1064/utilities/fsl_assert.c.obj
LOAD CMakeFiles/wifi_cli.elf.dir/app/devices/MIMXRT1064/drivers/fsl_gpio.c.obj
LOAD CMakeFiles/wifi_cli.elf.dir/app/devices/MIMXRT1064/xip/fsl_flexspi_nor_boot.c.obj
LOAD CMakeFiles/wifi_cli.elf.dir/app/boards/evkmimxrt1064/xip/evkmimxrt1064_flexspi_nor_config.c.obj
LOAD CMakeFiles/wifi_cli.elf.dir/app/devices/MIMXRT1064/utilities/fsl_sbrk.c.obj
START GROUP
LOAD /usr/lib/gcc/arm-none-eabi/9.2.1/../../../arm-none-eabi/lib/thumb/v7e-m+dp/hard/libm.a
LOAD /usr/lib/gcc/arm-none-eabi/9.2.1/../../../arm-none-eabi/lib/thumb/v7e-m+dp/hard/libc_nano.a
LOAD /usr/lib/gcc/arm-none-eabi/9.2.1/thumb/v7e-m+dp/hard/libgcc.a
LOAD /usr/lib/gcc/arm-none-eabi/9.2.1/../../../arm-none-eabi/lib/thumb/v7e-m+dp/hard/libnosys.a
END GROUP
START GROUP
LOAD /usr/lib/gcc/arm-none-eabi/9.2.1/thumb/v7e-m+dp/hard/libgcc.a
LOAD /usr/lib/gcc/arm-none-eabi/9.2.1/../../../arm-none-eabi/lib/thumb/v7e-m+dp/hard/libc_nano.a
END GROUP
START GROUP
LOAD /usr/lib/gcc/arm-none-eabi/9.2.1/thumb/v7e-m+dp/hard/libgcc.a
LOAD /usr/lib/gcc/arm-none-eabi/9.2.1/../../../arm-none-eabi/lib/thumb/v7e-m+dp/hard/libc_nano.a
LOAD /usr/lib/gcc/arm-none-eabi/9.2.1/../../../arm-none-eabi/lib/thumb/v7e-m+dp/hard/libnosys.a
END GROUP
START GROUP
LOAD /usr/lib/gcc/arm-none-eabi/9.2.1/thumb/v7e-m+dp/hard/libgcc.a
LOAD /usr/lib/gcc/arm-none-eabi/9.2.1/../../../arm-none-eabi/lib/thumb/v7e-m+dp/hard/libc_nano.a
LOAD /usr/lib/gcc/arm-none-eabi/9.2.1/../../../arm-none-eabi/lib/thumb/v7e-m+dp/hard/libnosys.a
END GROUP
LOAD /usr/lib/gcc/arm-none-eabi/9.2.1/thumb/v7e-m+dp/hard/crtend.o
LOAD /usr/lib/gcc/arm-none-eabi/9.2.1/thumb/v7e-m+dp/hard/crtn.o
                0x0000000000000400                HEAP_SIZE = DEFINED (__heap_size__)?__heap_size__:0x400
                0x0000000000000400                STACK_SIZE = DEFINED (__stack_size__)?__stack_size__:0x400
                0x0000000000000000                VECTOR_RAM_SIZE = DEFINED (__ram_vector_table__)?0x400:0x0
                0x0000000020200000                __NCACHE_REGION_START = ORIGIN (m_data2)
                0x0000000000000000                __NCACHE_REGION_SIZE = 0x0

.flash_config   0x0000000070000000      0x200
                0x0000000070000000                . = ALIGN (0x4)
                0x0000000070000000                __FLASH_BASE = .
 *(.boot_hdr.conf)
 .boot_hdr.conf
                0x0000000070000000      0x200 CMakeFiles/wifi_cli.elf.dir/app/boards/evkmimxrt1064/xip/evkmimxrt1064_flexspi_nor_config.c.obj
                0x0000000070000000                qspiflash_config
                0x0000000070000200                . = ALIGN (0x4)
                0x0000000070001000                ivt_begin = (ORIGIN (m_flash_config) + LENGTH (m_flash_config))

.ivt            0x0000000070001000       0x30
                0x0000000070001000                . = ALIGN (0x4)
 *(.boot_hdr.ivt)
 .boot_hdr.ivt  0x0000000070001000       0x20 CMakeFiles/wifi_cli.elf.dir/app/devices/MIMXRT1064/xip/fsl_flexspi_nor_boot.c.obj
                0x0000000070001000                image_vector_table
 *(.boot_hdr.boot_data)
 .boot_hdr.boot_data
                0x0000000070001020       0x10 CMakeFiles/wifi_cli.elf.dir/app/devices/MIMXRT1064/xip/fsl_flexspi_nor_boot.c.obj
                0x0000000070001020                boot_data
 *(.boot_hdr.dcd_data)
                0x0000000070001030                . = ALIGN (0x4)

.interrupts     0x0000000070002000      0x400
                0x0000000070002000                __VECTOR_TABLE = .
                0x0000000070002000                __Vectors = .
                0x0000000070002000                . = ALIGN (0x4)
 *(.isr_vector)
 .isr_vector    0x0000000070002000      0x400 CMakeFiles/wifi_cli.elf.dir/app/devices/MIMXRT1064/gcc/startup_MIMXRT1064.S.obj
                0x0000000070002000                __isr_vector
                0x0000000070002400                . = ALIGN (0x4)

.text           0x0000000070002400    0xac47c
                0x0000000070002400                . = ALIGN (0x4)
 *(.text)
 .text          0x0000000070002400       0x88 /usr/lib/gcc/arm-none-eabi/9.2.1/thumb/v7e-m+dp/hard/crtbegin.o
 .text          0x0000000070002488       0x70 /usr/lib/gcc/arm-none-eabi/9.2.1/../../../arm-none-eabi/lib/thumb/v7e-m+dp/hard/crt0.o
                0x0000000070002488                _stack_init
                0x0000000070002490                _mainCRTStartup
                0x0000000070002490                _start
 .text          0x00000000700024f8      0x258 CMakeFiles/wifi_cli.elf.dir/app/devices/MIMXRT1064/gcc/startup_MIMXRT1064.S.obj
                0x00000000700024f8                Reset_Handler
                0x0000000070002584                USB_PHY1_IRQHandler
                0x0000000070002584                FLEXSPI2_DriverIRQHandler
                0x0000000070002584                LPSPI2_DriverIRQHandler
                0x0000000070002584                SJC_IRQHandler
                0x0000000070002584                ADC_ETC_IRQ0_IRQHandler
                0x0000000070002584                DebugMon_Handler
                0x0000000070002584                SAI3_RX_DriverIRQHandler
                0x0000000070002584                PXP_IRQHandler
                0x0000000070002584                DMA13_DMA29_DriverIRQHandler
                0x0000000070002584                Reserved86_IRQHandler
                0x0000000070002584                SRC_IRQHandler
                0x0000000070002584                LPSPI4_DriverIRQHandler
                0x0000000070002584                GPIO2_Combined_0_15_IRQHandler
                0x0000000070002584                SPDIF_DriverIRQHandler
                0x0000000070002584                GPIO1_INT2_IRQHandler
                0x0000000070002584                CSI_IRQHandler
                0x0000000070002584                ENET2_DriverIRQHandler
                0x0000000070002584                SNVS_LP_WRAPPER_IRQHandler
                0x0000000070002584                ENC2_IRQHandler
                0x0000000070002584                PWM2_2_IRQHandler
                0x0000000070002584                PWM4_FAULT_IRQHandler
                0x0000000070002584                GPIO1_INT7_IRQHandler
                0x0000000070002584                CCM_1_IRQHandler
                0x0000000070002584                CAN3_DriverIRQHandler
                0x0000000070002584                ADC_ETC_IRQ1_IRQHandler
                0x0000000070002584                DMA7_DMA23_DriverIRQHandler
                0x0000000070002584                CTI0_ERROR_IRQHandler
                0x0000000070002584                GPIO5_Combined_0_15_IRQHandler
                0x0000000070002584                PWM1_0_IRQHandler
                0x0000000070002584                Reserved68_IRQHandler
                0x0000000070002584                LPI2C3_DriverIRQHandler
                0x0000000070002584                USB_PHY2_IRQHandler
                0x0000000070002584                TSC_DIG_IRQHandler
                0x0000000070002584                GPIO4_Combined_0_15_IRQHandler
                0x0000000070002584                PWM2_0_IRQHandler
                0x0000000070002584                DCP_VMI_IRQHandler
                0x0000000070002584                DMA14_DMA30_DriverIRQHandler
                0x0000000070002584                ENET_1588_Timer_DriverIRQHandler
                0x0000000070002584                PWM2_1_IRQHandler
                0x0000000070002584                PWM2_FAULT_IRQHandler
                0x0000000070002584                FLEXIO2_DriverIRQHandler
                0x0000000070002584                UsageFault_Handler
                0x0000000070002584                WDOG1_IRQHandler
                0x0000000070002584                PMU_EVENT_IRQHandler
                0x0000000070002584                GPT1_IRQHandler
                0x0000000070002584                PWM4_1_IRQHandler
                0x0000000070002584                USB_OTG2_IRQHandler
                0x0000000070002584                ACMP4_IRQHandler
                0x0000000070002584                SEMC_IRQHandler
                0x0000000070002584                DMA0_DMA16_DriverIRQHandler
                0x0000000070002584                DefaultISR
                0x0000000070002584                PWM1_1_IRQHandler
                0x0000000070002584                DMA2_DMA18_DriverIRQHandler
                0x0000000070002584                PWM3_0_IRQHandler
                0x0000000070002584                PWM3_3_IRQHandler
                0x0000000070002584                GPIO1_INT0_IRQHandler
                0x0000000070002584                CSU_IRQHandler
                0x0000000070002584                ADC1_IRQHandler
                0x0000000070002584                FLEXIO1_DriverIRQHandler
                0x0000000070002584                ENET_DriverIRQHandler
                0x0000000070002584                GPIO1_Combined_16_31_IRQHandler
                0x0000000070002584                RTWDOG_IRQHandler
                0x0000000070002584                Reserved78_IRQHandler
                0x0000000070002584                SAI1_DriverIRQHandler
                0x0000000070002584                DMA12_DMA28_DriverIRQHandler
                0x0000000070002584                ENC3_IRQHandler
                0x0000000070002584                GPIO3_Combined_16_31_IRQHandler
                0x0000000070002584                EWM_IRQHandler
                0x0000000070002584                TEMP_LOW_HIGH_IRQHandler
                0x0000000070002584                WDOG2_IRQHandler
                0x0000000070002584                GPIO1_INT5_IRQHandler
                0x0000000070002584                FLEXSPI_DriverIRQHandler
                0x0000000070002584                PWM3_1_IRQHandler
                0x0000000070002584                PWM2_3_IRQHandler
                0x0000000070002584                CORE_IRQHandler
                0x0000000070002584                DMA10_DMA26_DriverIRQHandler
                0x0000000070002584                TEMP_PANIC_IRQHandler
                0x0000000070002584                GPIO1_INT6_IRQHandler
                0x0000000070002584                PWM1_2_IRQHandler
                0x0000000070002584                Reserved144_IRQHandler
                0x0000000070002584                GPR_IRQ_IRQHandler
                0x0000000070002584                GPC_IRQHandler
                0x0000000070002584                DCDC_IRQHandler
                0x0000000070002584                GPIO3_Combined_0_15_IRQHandler
                0x0000000070002584                PWM4_3_IRQHandler
                0x0000000070002584                DMA1_DMA17_DriverIRQHandler
                0x0000000070002584                USB_OTG1_IRQHandler
                0x0000000070002584                CAN2_DriverIRQHandler
                0x0000000070002584                GPIO5_Combined_16_31_IRQHandler
                0x0000000070002584                TMR2_IRQHandler
                0x0000000070002584                ADC_ETC_ERROR_IRQ_IRQHandler
                0x0000000070002584                DMA8_DMA24_DriverIRQHandler
                0x0000000070002584                PWM4_2_IRQHandler
                0x0000000070002584                DMA6_DMA22_DriverIRQHandler
                0x0000000070002584                BEE_IRQHandler
                0x0000000070002584                GPIO1_INT1_IRQHandler
                0x0000000070002584                ADC_ETC_IRQ2_IRQHandler
                0x0000000070002584                GPIO1_INT4_IRQHandler
                0x0000000070002584                CCM_2_IRQHandler
                0x0000000070002584                KPP_IRQHandler
                0x0000000070002584                ADC2_IRQHandler
                0x0000000070002584                MemManage_Handler
                0x0000000070002584                SAI2_DriverIRQHandler
                0x0000000070002584                PIT_IRQHandler
                0x0000000070002584                Reserved115_IRQHandler
                0x0000000070002584                SNVS_HP_WRAPPER_IRQHandler
                0x0000000070002584                DMA11_DMA27_DriverIRQHandler
                0x0000000070002584                XBAR1_IRQ_2_3_IRQHandler
                0x0000000070002584                PWM3_2_IRQHandler
                0x0000000070002584                LPI2C1_DriverIRQHandler
                0x0000000070002584                DCP_IRQHandler
                0x0000000070002584                ENET2_1588_Timer_DriverIRQHandler
                0x0000000070002584                Reserved171_IRQHandler
                0x0000000070002584                DMA4_DMA20_DriverIRQHandler
                0x0000000070002584                GPIO1_INT3_IRQHandler
                0x0000000070002584                DMA9_DMA25_DriverIRQHandler
                0x0000000070002584                GPIO1_Combined_0_15_IRQHandler
                0x0000000070002584                LPSPI1_DriverIRQHandler
                0x0000000070002584                DMA3_DMA19_DriverIRQHandler
                0x0000000070002584                TMR4_IRQHandler
                0x0000000070002584                ACMP3_IRQHandler
                0x0000000070002584                ENC1_IRQHandler
                0x0000000070002584                PWM1_FAULT_IRQHandler
                0x0000000070002584                Reserved143_IRQHandler
                0x0000000070002584                GPIO6_7_8_9_IRQHandler
                0x0000000070002584                LPI2C4_DriverIRQHandler
                0x0000000070002584                TMR3_IRQHandler
                0x0000000070002584                XBAR1_IRQ_0_1_IRQHandler
                0x0000000070002584                SNVS_HP_WRAPPER_TZ_IRQHandler
                0x0000000070002584                SAI3_TX_DriverIRQHandler
                0x0000000070002584                FLEXIO3_DriverIRQHandler
                0x0000000070002584                ACMP2_IRQHandler
                0x0000000070002584                GPT2_IRQHandler
                0x0000000070002584                FLEXRAM_IRQHandler
                0x0000000070002584                DMA5_DMA21_DriverIRQHandler
                0x0000000070002584                ACMP1_IRQHandler
                0x0000000070002584                BusFault_Handler
                0x0000000070002584                Reserved87_IRQHandler
                0x0000000070002584                DMA15_DMA31_DriverIRQHandler
                0x0000000070002584                GPIO4_Combined_16_31_IRQHandler
                0x0000000070002584                LPSPI3_DriverIRQHandler
                0x0000000070002584                ENC4_IRQHandler
                0x0000000070002584                LPI2C2_DriverIRQHandler
                0x0000000070002584                DMA_ERROR_DriverIRQHandler
                0x0000000070002584                PWM4_0_IRQHandler
                0x0000000070002584                CAN1_DriverIRQHandler
                0x0000000070002584                TMR1_IRQHandler
                0x0000000070002584                TRNG_IRQHandler
                0x0000000070002584                LCDIF_IRQHandler
                0x0000000070002584                PWM3_FAULT_IRQHandler
                0x0000000070002584                CTI1_ERROR_IRQHandler
                0x0000000070002584                PWM1_3_IRQHandler
                0x0000000070002588                NMI_Handler
                0x000000007000258c                HardFault_Handler
                0x000000007000259c                DMA0_DMA16_IRQHandler
                0x00000000700025a0                DMA1_DMA17_IRQHandler
                0x00000000700025a4                DMA2_DMA18_IRQHandler
                0x00000000700025a8                DMA3_DMA19_IRQHandler
                0x00000000700025ac                DMA4_DMA20_IRQHandler
                0x00000000700025b0                DMA5_DMA21_IRQHandler
                0x00000000700025b4                DMA6_DMA22_IRQHandler
                0x00000000700025b8                DMA7_DMA23_IRQHandler
                0x00000000700025bc                DMA8_DMA24_IRQHandler
                0x00000000700025c0                DMA9_DMA25_IRQHandler
                0x00000000700025c4                DMA10_DMA26_IRQHandler
                0x00000000700025c8                DMA11_DMA27_IRQHandler
                0x00000000700025cc                DMA12_DMA28_IRQHandler
                0x00000000700025d0                DMA13_DMA29_IRQHandler
                0x00000000700025d4                DMA14_DMA30_IRQHandler
                0x00000000700025d8                DMA15_DMA31_IRQHandler
                0x00000000700025dc                DMA_ERROR_IRQHandler
                0x00000000700025e0                LPUART1_IRQHandler
                0x00000000700025e4                LPUART2_IRQHandler
                0x00000000700025e8                LPUART3_IRQHandler
                0x00000000700025ec                LPUART4_IRQHandler
                0x00000000700025f0                LPUART5_IRQHandler
                0x00000000700025f4                LPUART6_IRQHandler
                0x00000000700025f8                LPUART7_IRQHandler
                0x00000000700025fc                LPUART8_IRQHandler
                0x0000000070002600                LPI2C1_IRQHandler
                0x0000000070002604                LPI2C2_IRQHandler
                0x0000000070002608                LPI2C3_IRQHandler
                0x000000007000260c                LPI2C4_IRQHandler
                0x0000000070002610                LPSPI1_IRQHandler
                0x0000000070002614                LPSPI2_IRQHandler
                0x0000000070002618                LPSPI3_IRQHandler
                0x000000007000261c                LPSPI4_IRQHandler
                0x0000000070002620                CAN1_IRQHandler
                0x0000000070002624                CAN2_IRQHandler
                0x0000000070002628                SAI1_IRQHandler
                0x000000007000262c                SAI2_IRQHandler
                0x0000000070002630                SAI3_RX_IRQHandler
                0x0000000070002634                SAI3_TX_IRQHandler
                0x0000000070002638                SPDIF_IRQHandler
                0x000000007000263c                FLEXIO1_IRQHandler
                0x0000000070002640                FLEXIO2_IRQHandler
                0x0000000070002644                FLEXSPI2_IRQHandler
                0x0000000070002648                FLEXSPI_IRQHandler
                0x000000007000264c                USDHC1_IRQHandler
                0x0000000070002650                USDHC2_IRQHandler
                0x0000000070002654                ENET_IRQHandler
                0x0000000070002658                ENET_1588_Timer_IRQHandler
                0x000000007000265c                ENET2_IRQHandler
                0x0000000070002660                ENET2_1588_Timer_IRQHandler
                0x0000000070002664                CAN3_IRQHandler
                0x0000000070002668                FLEXIO3_IRQHandler
 .text          0x0000000070002750        0xc /usr/lib/gcc/arm-none-eabi/9.2.1/../../../arm-none-eabi/lib/thumb/v7e-m+dp/hard/libc_nano.a(lib_a-atexit.o)
                0x0000000070002750                atexit
 .text          0x000000007000275c       0x10 /usr/lib/gcc/arm-none-eabi/9.2.1/../../../arm-none-eabi/lib/thumb/v7e-m+dp/hard/libc_nano.a(lib_a-atoi.o)
                0x000000007000275c                atoi
                0x0000000070002764                _atoi_r
 .text          0x000000007000276c        0xc /usr/lib/gcc/arm-none-eabi/9.2.1/../../../arm-none-eabi/lib/thumb/v7e-m+dp/hard/libc_nano.a(lib_a-errno.o)
                0x000000007000276c                __errno
 .text          0x0000000070002778       0x28 /usr/lib/gcc/arm-none-eabi/9.2.1/../../../arm-none-eabi/lib/thumb/v7e-m+dp/hard/libc_nano.a(lib_a-exit.o)
                0x0000000070002778                exit
 .text          0x00000000700027a0       0x34 /usr/lib/gcc/arm-none-eabi/9.2.1/../../../arm-none-eabi/lib/thumb/v7e-m+dp/hard/libc_nano.a(lib_a-fini.o)
                0x00000000700027a0                __libc_fini_array
 .text          0x00000000700027d4       0x48 /usr/lib/gcc/arm-none-eabi/9.2.1/../../../arm-none-eabi/lib/thumb/v7e-m+dp/hard/libc_nano.a(lib_a-init.o)
                0x00000000700027d4                __libc_init_array
 .text          0x000000007000281c       0x20 /usr/lib/gcc/arm-none-eabi/9.2.1/../../../arm-none-eabi/lib/thumb/v7e-m+dp/hard/libc_nano.a(lib_a-malloc.o)
                0x000000007000281c                malloc
                0x000000007000282c                free
 .text          0x000000007000283c       0x60 /usr/lib/gcc/arm-none-eabi/9.2.1/../../../arm-none-eabi/lib/thumb/v7e-m+dp/hard/libc_nano.a(lib_a-memcmp.o)
                0x000000007000283c                memcmp
 .text          0x000000007000289c      0x134 /usr/lib/gcc/arm-none-eabi/9.2.1/../../../arm-none-eabi/lib/thumb/v7e-m+dp/hard/libc_nano.a(lib_a-memcpy.o)
                0x000000007000289c                memcpy
 .text          0x00000000700029d0       0xd0 /usr/lib/gcc/arm-none-eabi/9.2.1/../../../arm-none-eabi/lib/thumb/v7e-m+dp/hard/libc_nano.a(lib_a-memmove.o)
                0x00000000700029d0                memmove
 .text          0x0000000070002aa0       0xa0 /usr/lib/gcc/arm-none-eabi/9.2.1/../../../arm-none-eabi/lib/thumb/v7e-m+dp/hard/libc_nano.a(lib_a-memset.o)
                0x0000000070002aa0                memset
 .text          0x0000000070002b40       0xac /usr/lib/gcc/arm-none-eabi/9.2.1/../../../arm-none-eabi/lib/thumb/v7e-m+dp/hard/libc_nano.a(lib_a-nano-freer.o)
                0x0000000070002b40                _free_r
 .text          0x0000000070002bec       0xc8 /usr/lib/gcc/arm-none-eabi/9.2.1/../../../arm-none-eabi/lib/thumb/v7e-m+dp/hard/libc_nano.a(lib_a-nano-mallocr.o)
                0x0000000070002bec                _malloc_r
 .text          0x0000000070002cb4       0x24 /usr/lib/gcc/arm-none-eabi/9.2.1/../../../arm-none-eabi/lib/thumb/v7e-m+dp/hard/libc_nano.a(lib_a-sbrkr.o)
                0x0000000070002cb4                _sbrk_r
 .text          0x0000000070002cd8       0xc8 /usr/lib/gcc/arm-none-eabi/9.2.1/../../../arm-none-eabi/lib/thumb/v7e-m+dp/hard/libc_nano.a(lib_a-strchr.o)
                0x0000000070002cd8                strchr
 .text          0x0000000070002da0      0x2dc /usr/lib/gcc/arm-none-eabi/9.2.1/../../../arm-none-eabi/lib/thumb/v7e-m+dp/hard/libc_nano.a(lib_a-strcmp.o)
                0x0000000070002da8                strcmp
 .text          0x000000007000307c       0xbc /usr/lib/gcc/arm-none-eabi/9.2.1/../../../arm-none-eabi/lib/thumb/v7e-m+dp/hard/libc_nano.a(lib_a-strcpy.o)
                0x000000007000307c                strcpy
 *fill*         0x0000000070003138        0x8 
 .text          0x0000000070003140       0xdc /usr/lib/gcc/arm-none-eabi/9.2.1/../../../arm-none-eabi/lib/thumb/v7e-m+dp/hard/libc_nano.a(lib_a-strlen.o)
                0x0000000070003140                strlen
 .text          0x000000007000321c       0xa4 /usr/lib/gcc/arm-none-eabi/9.2.1/../../../arm-none-eabi/lib/thumb/v7e-m+dp/hard/libc_nano.a(lib_a-strncmp.o)
                0x000000007000321c                strncmp
 .text          0x00000000700032c0       0x74 /usr/lib/gcc/arm-none-eabi/9.2.1/../../../arm-none-eabi/lib/thumb/v7e-m+dp/hard/libc_nano.a(lib_a-strncpy.o)
                0x00000000700032c0                strncpy
 .text          0x0000000070003334      0x458 /usr/lib/gcc/arm-none-eabi/9.2.1/../../../arm-none-eabi/lib/thumb/v7e-m+dp/hard/libc_nano.a(lib_a-strstr.o)
                0x000000007000360c                strstr
 .text          0x000000007000378c      0x168 /usr/lib/gcc/arm-none-eabi/9.2.1/../../../arm-none-eabi/lib/thumb/v7e-m+dp/hard/libc_nano.a(lib_a-strtol.o)
                0x00000000700038c0                _strtol_r
                0x00000000700038c4                strtol_l
                0x00000000700038dc                strtol
 .text          0x00000000700038f4      0x174 /usr/lib/gcc/arm-none-eabi/9.2.1/../../../arm-none-eabi/lib/thumb/v7e-m+dp/hard/libc_nano.a(lib_a-strtoul.o)
                0x0000000070003a34                _strtoul_r
                0x0000000070003a38                strtoul_l
                0x0000000070003a50                strtoul
 .text          0x0000000070003a68       0xa0 /usr/lib/gcc/arm-none-eabi/9.2.1/../../../arm-none-eabi/lib/thumb/v7e-m+dp/hard/libc_nano.a(lib_a-__atexit.o)
                0x0000000070003a68                __register_exitproc
 .text          0x0000000070003b08       0x9c /usr/lib/gcc/arm-none-eabi/9.2.1/../../../arm-none-eabi/lib/thumb/v7e-m+dp/hard/libc_nano.a(lib_a-__call_atexit.o)
                0x0000000070003b08                __call_exitprocs
 .text          0x0000000070003ba4        0x8 /usr/lib/gcc/arm-none-eabi/9.2.1/../../../arm-none-eabi/lib/thumb/v7e-m+dp/hard/libc_nano.a(lib_a-mlock.o)
                0x0000000070003ba4                __malloc_lock
                0x0000000070003ba8                __malloc_unlock
 .text          0x0000000070003bac       0x44 /usr/lib/gcc/arm-none-eabi/9.2.1/../../../arm-none-eabi/lib/thumb/v7e-m+dp/hard/libc_nano.a(lib_a-strnlen.o)
                0x0000000070003bac                strnlen
 .text          0x0000000070003bf0       0xa0 /usr/lib/gcc/arm-none-eabi/9.2.1/thumb/v7e-m+dp/hard/libgcc.a(_aeabi_ldivmod.o)
                0x0000000070003bf0                __aeabi_ldivmod
 .text          0x0000000070003c90       0x30 /usr/lib/gcc/arm-none-eabi/9.2.1/thumb/v7e-m+dp/hard/libgcc.a(_aeabi_uldivmod.o)
                0x0000000070003c90                __aeabi_uldivmod
 .text          0x0000000070003cc0      0x2c4 /usr/lib/gcc/arm-none-eabi/9.2.1/thumb/v7e-m+dp/hard/libgcc.a(_udivmoddi4.o)
                0x0000000070003cc0                __udivmoddi4
 .text          0x0000000070003f84        0x4 /usr/lib/gcc/arm-none-eabi/9.2.1/thumb/v7e-m+dp/hard/libgcc.a(_dvmd_tls.o)
                0x0000000070003f84                __aeabi_ldiv0
                0x0000000070003f84                __aeabi_idiv0
 .text          0x0000000070003f88        0x4 /usr/lib/gcc/arm-none-eabi/9.2.1/../../../arm-none-eabi/lib/thumb/v7e-m+dp/hard/libnosys.a(_exit.o)
                0x0000000070003f88                _exit
 *(.text*)
 .text.print_mac
                0x0000000070003f8c       0x24 CMakeFiles/wifi_cli.elf.dir/app/boards/evkmimxrt1064/wifi_examples/wifi_cli/main.c.obj
 .text.printSeparator
                0x0000000070003fb0        0xc CMakeFiles/wifi_cli.elf.dir/app/boards/evkmimxrt1064/wifi_examples/wifi_cli/main.c.obj
 .text.wlan_event_callback
                0x0000000070003fbc      0x298 CMakeFiles/wifi_cli.elf.dir/app/boards/evkmimxrt1064/wifi_examples/wifi_cli/main.c.obj
                0x0000000070003fbc                wlan_event_callback
 .text.task_main
                0x0000000070004254       0x48 CMakeFiles/wifi_cli.elf.dir/app/boards/evkmimxrt1064/wifi_examples/wifi_cli/main.c.obj
                0x0000000070004254                task_main
 .text.startup.main
                0x000000007000429c       0x54 CMakeFiles/wifi_cli.elf.dir/app/boards/evkmimxrt1064/wifi_examples/wifi_cli/main.c.obj
                0x000000007000429c                main
 .text.BOARD_InitPins
                0x00000000700042f0       0x90 CMakeFiles/wifi_cli.elf.dir/app/boards/evkmimxrt1064/wifi_examples/wifi_cli/pin_mux.c.obj
                0x00000000700042f0                BOARD_InitPins
 .text.BOARD_SDCardGetDetectStatus
                0x0000000070004380       0x14 CMakeFiles/wifi_cli.elf.dir/app/boards/evkmimxrt1064/sdmmc_config.c.obj
                0x0000000070004380                BOARD_SDCardGetDetectStatus
 .text.BOARD_SD_Pin_Config
                0x0000000070004394       0x4c CMakeFiles/wifi_cli.elf.dir/app/boards/evkmimxrt1064/sdmmc_config.c.obj
                0x0000000070004394                BOARD_SD_Pin_Config
 .text.BOARD_SDCardPowerControl
                0x00000000700043e0       0x14 CMakeFiles/wifi_cli.elf.dir/app/boards/evkmimxrt1064/sdmmc_config.c.obj
                0x00000000700043e0                BOARD_SDCardPowerControl
 .text.BOARD_USDHC1ClockConfiguration
                0x00000000700043f4       0x40 CMakeFiles/wifi_cli.elf.dir/app/boards/evkmimxrt1064/sdmmc_config.c.obj
                0x00000000700043f4                BOARD_USDHC1ClockConfiguration
 .text.GPIO2_Combined_16_31_IRQHandler
                0x0000000070004434       0x28 CMakeFiles/wifi_cli.elf.dir/app/boards/evkmimxrt1064/sdmmc_config.c.obj
                0x0000000070004434                GPIO2_Combined_16_31_IRQHandler
 .text.BOARD_SDCardDetectInit
                0x000000007000445c       0x6c CMakeFiles/wifi_cli.elf.dir/app/boards/evkmimxrt1064/sdmmc_config.c.obj
                0x000000007000445c                BOARD_SDCardDetectInit
 .text.BOARD_SDCardPowerResetInit
                0x00000000700044c8       0x24 CMakeFiles/wifi_cli.elf.dir/app/boards/evkmimxrt1064/sdmmc_config.c.obj
                0x00000000700044c8                BOARD_SDCardPowerResetInit
 .text.BOARD_SDIO_Config
                0x00000000700044ec       0x88 CMakeFiles/wifi_cli.elf.dir/app/boards/evkmimxrt1064/sdmmc_config.c.obj
                0x00000000700044ec                BOARD_SDIO_Config
 .text.BOARD_DebugConsoleSrcFreq
                0x0000000070004574       0x54 CMakeFiles/wifi_cli.elf.dir/app/boards/evkmimxrt1064/wifi_examples/wifi_cli/board.c.obj
                0x0000000070004574                BOARD_DebugConsoleSrcFreq
 .text.BOARD_InitDebugConsole
                0x00000000700045c8       0x18 CMakeFiles/wifi_cli.elf.dir/app/boards/evkmimxrt1064/wifi_examples/wifi_cli/board.c.obj
                0x00000000700045c8                BOARD_InitDebugConsole
 .text.BOARD_ConfigMPU
                0x00000000700045e0      0x21c CMakeFiles/wifi_cli.elf.dir/app/boards/evkmimxrt1064/wifi_examples/wifi_cli/board.c.obj
                0x00000000700045e0                BOARD_ConfigMPU
 .text.CLOCK_SetMux
                0x00000000700047fc       0x44 CMakeFiles/wifi_cli.elf.dir/app/boards/evkmimxrt1064/wifi_examples/wifi_cli/clock_config.c.obj
 .text.CLOCK_DisableClock
                0x0000000070004840       0x24 CMakeFiles/wifi_cli.elf.dir/app/boards/evkmimxrt1064/wifi_examples/wifi_cli/clock_config.c.obj
 .text.BOARD_BootClockRUN
                0x0000000070004864      0x62c CMakeFiles/wifi_cli.elf.dir/app/boards/evkmimxrt1064/wifi_examples/wifi_cli/clock_config.c.obj
                0x0000000070004864                BOARD_BootClockRUN
 .text.DCACHE_InvalidateByRange
                0x0000000070004e90       0x2c CMakeFiles/wifi_cli.elf.dir/app/devices/MIMXRT1064/drivers/fsl_cache.c.obj
                0x0000000070004e90                DCACHE_InvalidateByRange
 .text.DCACHE_CleanByRange
                0x0000000070004ebc       0x2c CMakeFiles/wifi_cli.elf.dir/app/devices/MIMXRT1064/drivers/fsl_cache.c.obj
                0x0000000070004ebc                DCACHE_CleanByRange
 .text.CLOCK_GetOscFreq
                0x0000000070004ee8       0x20 CMakeFiles/wifi_cli.elf.dir/app/devices/MIMXRT1064/drivers/fsl_clock.c.obj
 .text.CLOCK_InitExternalClk
                0x0000000070004f08       0x30 CMakeFiles/wifi_cli.elf.dir/app/devices/MIMXRT1064/drivers/fsl_clock.c.obj
                0x0000000070004f08                CLOCK_InitExternalClk
 .text.CLOCK_SwitchOsc
                0x0000000070004f38       0x18 CMakeFiles/wifi_cli.elf.dir/app/devices/MIMXRT1064/drivers/fsl_clock.c.obj
                0x0000000070004f38                CLOCK_SwitchOsc
 .text.CLOCK_InitRcOsc24M
                0x0000000070004f50       0x14 CMakeFiles/wifi_cli.elf.dir/app/devices/MIMXRT1064/drivers/fsl_clock.c.obj
                0x0000000070004f50                CLOCK_InitRcOsc24M
 .text.CLOCK_InitArmPll
                0x0000000070004f64       0x44 CMakeFiles/wifi_cli.elf.dir/app/devices/MIMXRT1064/drivers/fsl_clock.c.obj
                0x0000000070004f64                CLOCK_InitArmPll
 .text.CLOCK_InitSysPll
                0x0000000070004fa8       0x68 CMakeFiles/wifi_cli.elf.dir/app/devices/MIMXRT1064/drivers/fsl_clock.c.obj
                0x0000000070004fa8                CLOCK_InitSysPll
 .text.CLOCK_DeinitUsb2Pll
                0x0000000070005010        0xc CMakeFiles/wifi_cli.elf.dir/app/devices/MIMXRT1064/drivers/fsl_clock.c.obj
                0x0000000070005010                CLOCK_DeinitUsb2Pll
 .text.CLOCK_DeinitAudioPll
                0x000000007000501c       0x10 CMakeFiles/wifi_cli.elf.dir/app/devices/MIMXRT1064/drivers/fsl_clock.c.obj
                0x000000007000501c                CLOCK_DeinitAudioPll
 .text.CLOCK_DeinitEnetPll
                0x000000007000502c       0x10 CMakeFiles/wifi_cli.elf.dir/app/devices/MIMXRT1064/drivers/fsl_clock.c.obj
                0x000000007000502c                CLOCK_DeinitEnetPll
 .text.CLOCK_GetPllFreq
                0x000000007000503c      0x208 CMakeFiles/wifi_cli.elf.dir/app/devices/MIMXRT1064/drivers/fsl_clock.c.obj
                0x000000007000503c                CLOCK_GetPllFreq
 .text.CLOCK_InitSysPfd
                0x0000000070005244       0x30 CMakeFiles/wifi_cli.elf.dir/app/devices/MIMXRT1064/drivers/fsl_clock.c.obj
                0x0000000070005244                CLOCK_InitSysPfd
 .text.vListInitialise
                0x0000000070005274       0x16 CMakeFiles/wifi_cli.elf.dir/app/rtos/freertos/freertos_kernel/list.c.obj
                0x0000000070005274                vListInitialise
 .text.vListInitialiseItem
                0x000000007000528a        0x6 CMakeFiles/wifi_cli.elf.dir/app/rtos/freertos/freertos_kernel/list.c.obj
                0x000000007000528a                vListInitialiseItem
 .text.vListInsertEnd
                0x0000000070005290       0x18 CMakeFiles/wifi_cli.elf.dir/app/rtos/freertos/freertos_kernel/list.c.obj
                0x0000000070005290                vListInsertEnd
 .text.vListInsert
                0x00000000700052a8       0x2e CMakeFiles/wifi_cli.elf.dir/app/rtos/freertos/freertos_kernel/list.c.obj
                0x00000000700052a8                vListInsert
 .text.uxListRemove
                0x00000000700052d6       0x20 CMakeFiles/wifi_cli.elf.dir/app/rtos/freertos/freertos_kernel/list.c.obj
                0x00000000700052d6                uxListRemove
 *fill*         0x00000000700052f6        0x2 
 .text.prvPortStartFirstTask
                0x00000000700052f8       0x28 CMakeFiles/wifi_cli.elf.dir/app/rtos/freertos/freertos_kernel/portable/GCC/ARM_CM4F/port.c.obj
 .text.vPortEnableVFP
                0x0000000070005320       0x14 CMakeFiles/wifi_cli.elf.dir/app/rtos/freertos/freertos_kernel/portable/GCC/ARM_CM4F/port.c.obj
 .text.prvTaskExitError
                0x0000000070005334       0x40 CMakeFiles/wifi_cli.elf.dir/app/rtos/freertos/freertos_kernel/portable/GCC/ARM_CM4F/port.c.obj
 .text.pxPortInitialiseStack
                0x0000000070005374       0x24 CMakeFiles/wifi_cli.elf.dir/app/rtos/freertos/freertos_kernel/portable/GCC/ARM_CM4F/port.c.obj
                0x0000000070005374                pxPortInitialiseStack
 *fill*         0x0000000070005398        0x8 
 .text.SVC_Handler
                0x00000000700053a0       0x24 CMakeFiles/wifi_cli.elf.dir/app/rtos/freertos/freertos_kernel/portable/GCC/ARM_CM4F/port.c.obj
                0x00000000700053a0                SVC_Handler
 .text.vPortEnterCritical
                0x00000000700053c4       0x44 CMakeFiles/wifi_cli.elf.dir/app/rtos/freertos/freertos_kernel/portable/GCC/ARM_CM4F/port.c.obj
                0x00000000700053c4                vPortEnterCritical
 .text.vPortExitCritical
                0x0000000070005408       0x28 CMakeFiles/wifi_cli.elf.dir/app/rtos/freertos/freertos_kernel/portable/GCC/ARM_CM4F/port.c.obj
                0x0000000070005408                vPortExitCritical
 .text.PendSV_Handler
                0x0000000070005430       0x64 CMakeFiles/wifi_cli.elf.dir/app/rtos/freertos/freertos_kernel/portable/GCC/ARM_CM4F/port.c.obj
                0x0000000070005430                PendSV_Handler
 .text.SysTick_Handler
                0x0000000070005494       0x2c CMakeFiles/wifi_cli.elf.dir/app/rtos/freertos/freertos_kernel/portable/GCC/ARM_CM4F/port.c.obj
                0x0000000070005494                SysTick_Handler
 .text.vPortSetupTimerInterrupt
                0x00000000700054c0       0x34 CMakeFiles/wifi_cli.elf.dir/app/rtos/freertos/freertos_kernel/portable/GCC/ARM_CM4F/port.c.obj
                0x00000000700054c0                vPortSetupTimerInterrupt
 .text.xPortStartScheduler
                0x00000000700054f4      0x104 CMakeFiles/wifi_cli.elf.dir/app/rtos/freertos/freertos_kernel/portable/GCC/ARM_CM4F/port.c.obj
                0x00000000700054f4                xPortStartScheduler
 .text.vPortValidateInterruptPriority
                0x00000000700055f8       0x5c CMakeFiles/wifi_cli.elf.dir/app/rtos/freertos/freertos_kernel/portable/GCC/ARM_CM4F/port.c.obj
                0x00000000700055f8                vPortValidateInterruptPriority
 .text.prvIsQueueEmpty
                0x0000000070005654       0x16 CMakeFiles/wifi_cli.elf.dir/app/rtos/freertos/freertos_kernel/queue.c.obj
 .text.prvCopyDataToQueue
                0x000000007000566a       0x6a CMakeFiles/wifi_cli.elf.dir/app/rtos/freertos/freertos_kernel/queue.c.obj
 .text.prvCopyDataFromQueue
                0x00000000700056d4       0x2a CMakeFiles/wifi_cli.elf.dir/app/rtos/freertos/freertos_kernel/queue.c.obj
 .text.prvUnlockQueue
                0x00000000700056fe       0x70 CMakeFiles/wifi_cli.elf.dir/app/rtos/freertos/freertos_kernel/queue.c.obj
 *fill*         0x000000007000576e        0x2 
 .text.xQueueGenericReset
                0x0000000070005770       0x80 CMakeFiles/wifi_cli.elf.dir/app/rtos/freertos/freertos_kernel/queue.c.obj
                0x0000000070005770                xQueueGenericReset
 .text.xQueueGenericCreate
                0x00000000700057f0       0x48 CMakeFiles/wifi_cli.elf.dir/app/rtos/freertos/freertos_kernel/queue.c.obj
                0x00000000700057f0                xQueueGenericCreate
 .text.xQueueCreateCountingSemaphore
                0x0000000070005838       0x3c CMakeFiles/wifi_cli.elf.dir/app/rtos/freertos/freertos_kernel/queue.c.obj
                0x0000000070005838                xQueueCreateCountingSemaphore
 .text.xQueueGenericSend
                0x0000000070005874      0x164 CMakeFiles/wifi_cli.elf.dir/app/rtos/freertos/freertos_kernel/queue.c.obj
                0x0000000070005874                xQueueGenericSend
 .text.xQueueCreateMutex
                0x00000000700059d8       0x36 CMakeFiles/wifi_cli.elf.dir/app/rtos/freertos/freertos_kernel/queue.c.obj
                0x00000000700059d8                xQueueCreateMutex
 .text.xQueueGenericSendFromISR
                0x0000000070005a0e       0xc4 CMakeFiles/wifi_cli.elf.dir/app/rtos/freertos/freertos_kernel/queue.c.obj
                0x0000000070005a0e                xQueueGenericSendFromISR
 .text.xQueueGiveFromISR
                0x0000000070005ad2       0xa8 CMakeFiles/wifi_cli.elf.dir/app/rtos/freertos/freertos_kernel/queue.c.obj
                0x0000000070005ad2                xQueueGiveFromISR
 *fill*         0x0000000070005b7a        0x2 
 .text.xQueueReceive
                0x0000000070005b7c      0x140 CMakeFiles/wifi_cli.elf.dir/app/rtos/freertos/freertos_kernel/queue.c.obj
                0x0000000070005b7c                xQueueReceive
 .text.xQueueSemaphoreTake
                0x0000000070005cbc      0x188 CMakeFiles/wifi_cli.elf.dir/app/rtos/freertos/freertos_kernel/queue.c.obj
                0x0000000070005cbc                xQueueSemaphoreTake
 .text.xQueueReceiveFromISR
                0x0000000070005e44       0x9e CMakeFiles/wifi_cli.elf.dir/app/rtos/freertos/freertos_kernel/queue.c.obj
                0x0000000070005e44                xQueueReceiveFromISR
 .text.uxQueueMessagesWaiting
                0x0000000070005ee2       0x2a CMakeFiles/wifi_cli.elf.dir/app/rtos/freertos/freertos_kernel/queue.c.obj
                0x0000000070005ee2                uxQueueMessagesWaiting
 .text.vQueueAddToRegistry
                0x0000000070005f0c       0x24 CMakeFiles/wifi_cli.elf.dir/app/rtos/freertos/freertos_kernel/queue.c.obj
                0x0000000070005f0c                vQueueAddToRegistry
 .text.vQueueUnregisterQueue
                0x0000000070005f30       0x28 CMakeFiles/wifi_cli.elf.dir/app/rtos/freertos/freertos_kernel/queue.c.obj
                0x0000000070005f30                vQueueUnregisterQueue
 .text.vQueueDelete
                0x0000000070005f58       0x26 CMakeFiles/wifi_cli.elf.dir/app/rtos/freertos/freertos_kernel/queue.c.obj
                0x0000000070005f58                vQueueDelete
 .text.vQueueWaitForMessageRestricted
                0x0000000070005f7e       0x46 CMakeFiles/wifi_cli.elf.dir/app/rtos/freertos/freertos_kernel/queue.c.obj
                0x0000000070005f7e                vQueueWaitForMessageRestricted
 .text.prvResetNextTaskUnblockTime
                0x0000000070005fc4       0x24 CMakeFiles/wifi_cli.elf.dir/app/rtos/freertos/freertos_kernel/tasks.c.obj
 .text.prvAddCurrentTaskToDelayedList
                0x0000000070005fe8       0x8c CMakeFiles/wifi_cli.elf.dir/app/rtos/freertos/freertos_kernel/tasks.c.obj
 .text.prvIdleTask
                0x0000000070006074       0x70 CMakeFiles/wifi_cli.elf.dir/app/rtos/freertos/freertos_kernel/tasks.c.obj
 .text.xTaskCreate
                0x00000000700060e4      0x1d0 CMakeFiles/wifi_cli.elf.dir/app/rtos/freertos/freertos_kernel/tasks.c.obj
                0x00000000700060e4                xTaskCreate
 .text.vTaskDelete
                0x00000000700062b4       0xd8 CMakeFiles/wifi_cli.elf.dir/app/rtos/freertos/freertos_kernel/tasks.c.obj
                0x00000000700062b4                vTaskDelete
 .text.vTaskStartScheduler
                0x000000007000638c       0x80 CMakeFiles/wifi_cli.elf.dir/app/rtos/freertos/freertos_kernel/tasks.c.obj
                0x000000007000638c                vTaskStartScheduler
 .text.vTaskSuspendAll
                0x000000007000640c       0x10 CMakeFiles/wifi_cli.elf.dir/app/rtos/freertos/freertos_kernel/tasks.c.obj
                0x000000007000640c                vTaskSuspendAll
 .text.xTaskGetTickCount
                0x000000007000641c        0xc CMakeFiles/wifi_cli.elf.dir/app/rtos/freertos/freertos_kernel/tasks.c.obj
                0x000000007000641c                xTaskGetTickCount
 .text.xTaskGetTickCountFromISR
                0x0000000070006428       0x10 CMakeFiles/wifi_cli.elf.dir/app/rtos/freertos/freertos_kernel/tasks.c.obj
                0x0000000070006428                xTaskGetTickCountFromISR
 .text.xTaskIncrementTick
                0x0000000070006438      0x114 CMakeFiles/wifi_cli.elf.dir/app/rtos/freertos/freertos_kernel/tasks.c.obj
                0x0000000070006438                xTaskIncrementTick
 .text.xTaskResumeAll
                0x000000007000654c       0xf0 CMakeFiles/wifi_cli.elf.dir/app/rtos/freertos/freertos_kernel/tasks.c.obj
                0x000000007000654c                xTaskResumeAll
 .text.vTaskDelay
                0x000000007000663c       0x48 CMakeFiles/wifi_cli.elf.dir/app/rtos/freertos/freertos_kernel/tasks.c.obj
                0x000000007000663c                vTaskDelay
 .text.vTaskSwitchContext
                0x0000000070006684       0x74 CMakeFiles/wifi_cli.elf.dir/app/rtos/freertos/freertos_kernel/tasks.c.obj
                0x0000000070006684                vTaskSwitchContext
 .text.vTaskSuspend
                0x00000000700066f8       0xd8 CMakeFiles/wifi_cli.elf.dir/app/rtos/freertos/freertos_kernel/tasks.c.obj
                0x00000000700066f8                vTaskSuspend
 .text.vTaskPlaceOnEventList
                0x00000000700067d0       0x34 CMakeFiles/wifi_cli.elf.dir/app/rtos/freertos/freertos_kernel/tasks.c.obj
                0x00000000700067d0                vTaskPlaceOnEventList
 .text.vTaskPlaceOnEventListRestricted
                0x0000000070006804       0x3c CMakeFiles/wifi_cli.elf.dir/app/rtos/freertos/freertos_kernel/tasks.c.obj
                0x0000000070006804                vTaskPlaceOnEventListRestricted
 .text.xTaskRemoveFromEventList
                0x0000000070006840       0x8c CMakeFiles/wifi_cli.elf.dir/app/rtos/freertos/freertos_kernel/tasks.c.obj
                0x0000000070006840                xTaskRemoveFromEventList
 .text.vTaskInternalSetTimeOutState
                0x00000000700068cc       0x18 CMakeFiles/wifi_cli.elf.dir/app/rtos/freertos/freertos_kernel/tasks.c.obj
                0x00000000700068cc                vTaskInternalSetTimeOutState
 .text.xTaskCheckForTimeOut
                0x00000000700068e4       0x78 CMakeFiles/wifi_cli.elf.dir/app/rtos/freertos/freertos_kernel/tasks.c.obj
                0x00000000700068e4                xTaskCheckForTimeOut
 .text.vTaskMissedYield
                0x000000007000695c        0xc CMakeFiles/wifi_cli.elf.dir/app/rtos/freertos/freertos_kernel/tasks.c.obj
                0x000000007000695c                vTaskMissedYield
 .text.xTaskGetSchedulerState
                0x0000000070006968       0x20 CMakeFiles/wifi_cli.elf.dir/app/rtos/freertos/freertos_kernel/tasks.c.obj
                0x0000000070006968                xTaskGetSchedulerState
 .text.xTaskPriorityInherit
                0x0000000070006988       0x9c CMakeFiles/wifi_cli.elf.dir/app/rtos/freertos/freertos_kernel/tasks.c.obj
                0x0000000070006988                xTaskPriorityInherit
 .text.xTaskPriorityDisinherit
                0x0000000070006a24       0xa4 CMakeFiles/wifi_cli.elf.dir/app/rtos/freertos/freertos_kernel/tasks.c.obj
                0x0000000070006a24                xTaskPriorityDisinherit
 .text.vTaskPriorityDisinheritAfterTimeout
                0x0000000070006ac8       0xb4 CMakeFiles/wifi_cli.elf.dir/app/rtos/freertos/freertos_kernel/tasks.c.obj
                0x0000000070006ac8                vTaskPriorityDisinheritAfterTimeout
 .text.pvTaskIncrementMutexHeldCount
                0x0000000070006b7c       0x18 CMakeFiles/wifi_cli.elf.dir/app/rtos/freertos/freertos_kernel/tasks.c.obj
                0x0000000070006b7c                pvTaskIncrementMutexHeldCount
 .text.ulTaskNotifyTake
                0x0000000070006b94       0x64 CMakeFiles/wifi_cli.elf.dir/app/rtos/freertos/freertos_kernel/tasks.c.obj
                0x0000000070006b94                ulTaskNotifyTake
 .text.xTaskGenericNotify
                0x0000000070006bf8       0xec CMakeFiles/wifi_cli.elf.dir/app/rtos/freertos/freertos_kernel/tasks.c.obj
                0x0000000070006bf8                xTaskGenericNotify
 .text.vTaskNotifyGiveFromISR
                0x0000000070006ce4       0xc8 CMakeFiles/wifi_cli.elf.dir/app/rtos/freertos/freertos_kernel/tasks.c.obj
                0x0000000070006ce4                vTaskNotifyGiveFromISR
 .text.prvCheckForValidListAndQueue
                0x0000000070006dac       0x58 CMakeFiles/wifi_cli.elf.dir/app/rtos/freertos/freertos_kernel/timers.c.obj
 .text.prvInsertTimerInActiveList
                0x0000000070006e04       0x3c CMakeFiles/wifi_cli.elf.dir/app/rtos/freertos/freertos_kernel/timers.c.obj
 .text.xTimerCreateTimerTask
                0x0000000070006e40       0x4c CMakeFiles/wifi_cli.elf.dir/app/rtos/freertos/freertos_kernel/timers.c.obj
                0x0000000070006e40                xTimerCreateTimerTask
 .text.xTimerCreate
                0x0000000070006e8c       0x5a CMakeFiles/wifi_cli.elf.dir/app/rtos/freertos/freertos_kernel/timers.c.obj
                0x0000000070006e8c                xTimerCreate
 *fill*         0x0000000070006ee6        0x2 
 .text.xTimerGenericCommand
                0x0000000070006ee8       0x54 CMakeFiles/wifi_cli.elf.dir/app/rtos/freertos/freertos_kernel/timers.c.obj
                0x0000000070006ee8                xTimerGenericCommand
 .text.prvSwitchTimerLists
                0x0000000070006f3c       0x7c CMakeFiles/wifi_cli.elf.dir/app/rtos/freertos/freertos_kernel/timers.c.obj
 .text.prvTimerTask
                0x0000000070006fb8      0x1f8 CMakeFiles/wifi_cli.elf.dir/app/rtos/freertos/freertos_kernel/timers.c.obj
 .text.pvTimerGetTimerID
                0x00000000700071b0       0x2a CMakeFiles/wifi_cli.elf.dir/app/rtos/freertos/freertos_kernel/timers.c.obj
                0x00000000700071b0                pvTimerGetTimerID
 *fill*         0x00000000700071da        0x2 
 .text.prvInsertBlockIntoFreeList
                0x00000000700071dc       0x48 CMakeFiles/wifi_cli.elf.dir/app/rtos/freertos/freertos_kernel/portable/MemMang/heap_4.c.obj
 .text.pvPortMalloc
                0x0000000070007224      0x124 CMakeFiles/wifi_cli.elf.dir/app/rtos/freertos/freertos_kernel/portable/MemMang/heap_4.c.obj
                0x0000000070007224                pvPortMalloc
 .text.vPortFree
                0x0000000070007348       0x7c CMakeFiles/wifi_cli.elf.dir/app/rtos/freertos/freertos_kernel/portable/MemMang/heap_4.c.obj
                0x0000000070007348                vPortFree
 .text.sys_assert
                0x00000000700073c4       0x18 CMakeFiles/wifi_cli.elf.dir/app/middleware/lwip/port/sys_arch.c.obj
                0x00000000700073c4                sys_assert
 .text.sys_mbox_new
                0x00000000700073dc       0x3c CMakeFiles/wifi_cli.elf.dir/app/middleware/lwip/port/sys_arch.c.obj
                0x00000000700073dc                sys_mbox_new
 .text.sys_mbox_free
                0x0000000070007418       0x38 CMakeFiles/wifi_cli.elf.dir/app/middleware/lwip/port/sys_arch.c.obj
                0x0000000070007418                sys_mbox_free
 .text.sys_mbox_post
                0x0000000070007450       0x1c CMakeFiles/wifi_cli.elf.dir/app/middleware/lwip/port/sys_arch.c.obj
                0x0000000070007450                sys_mbox_post
 .text.sys_mbox_trypost
                0x000000007000746c       0x64 CMakeFiles/wifi_cli.elf.dir/app/middleware/lwip/port/sys_arch.c.obj
                0x000000007000746c                sys_mbox_trypost
 .text.sys_arch_mbox_fetch
                0x00000000700074d0       0x54 CMakeFiles/wifi_cli.elf.dir/app/middleware/lwip/port/sys_arch.c.obj
                0x00000000700074d0                sys_arch_mbox_fetch
 .text.sys_arch_mbox_tryfetch
                0x0000000070007524       0x1c CMakeFiles/wifi_cli.elf.dir/app/middleware/lwip/port/sys_arch.c.obj
                0x0000000070007524                sys_arch_mbox_tryfetch
 .text.sys_sem_new
                0x0000000070007540       0x5c CMakeFiles/wifi_cli.elf.dir/app/middleware/lwip/port/sys_arch.c.obj
                0x0000000070007540                sys_sem_new
 .text.sys_arch_sem_wait
                0x000000007000759c       0x44 CMakeFiles/wifi_cli.elf.dir/app/middleware/lwip/port/sys_arch.c.obj
                0x000000007000759c                sys_arch_sem_wait
 .text.sys_mutex_new
                0x00000000700075e0       0x40 CMakeFiles/wifi_cli.elf.dir/app/middleware/lwip/port/sys_arch.c.obj
                0x00000000700075e0                sys_mutex_new
 .text.sys_mutex_lock
                0x0000000070007620       0x14 CMakeFiles/wifi_cli.elf.dir/app/middleware/lwip/port/sys_arch.c.obj
                0x0000000070007620                sys_mutex_lock
 .text.sys_mutex_unlock
                0x0000000070007634        0xc CMakeFiles/wifi_cli.elf.dir/app/middleware/lwip/port/sys_arch.c.obj
                0x0000000070007634                sys_mutex_unlock
 .text.sys_sem_signal
                0x0000000070007640        0x4 CMakeFiles/wifi_cli.elf.dir/app/middleware/lwip/port/sys_arch.c.obj
                0x0000000070007640                sys_sem_signal
 .text.sys_sem_free
                0x0000000070007644       0x18 CMakeFiles/wifi_cli.elf.dir/app/middleware/lwip/port/sys_arch.c.obj
                0x0000000070007644                sys_sem_free
 .text.sys_init
                0x000000007000765c        0x2 CMakeFiles/wifi_cli.elf.dir/app/middleware/lwip/port/sys_arch.c.obj
                0x000000007000765c                sys_init
 .text.sys_now  0x000000007000765e        0x4 CMakeFiles/wifi_cli.elf.dir/app/middleware/lwip/port/sys_arch.c.obj
                0x000000007000765e                sys_now
 *fill*         0x0000000070007662        0x2 
 .text.sys_thread_new
                0x0000000070007664       0x3c CMakeFiles/wifi_cli.elf.dir/app/middleware/lwip/port/sys_arch.c.obj
                0x0000000070007664                sys_thread_new
 .text.sys_arch_protect
                0x00000000700076a0       0x26 CMakeFiles/wifi_cli.elf.dir/app/middleware/lwip/port/sys_arch.c.obj
                0x00000000700076a0                sys_arch_protect
 .text.sys_arch_unprotect
                0x00000000700076c6       0x10 CMakeFiles/wifi_cli.elf.dir/app/middleware/lwip/port/sys_arch.c.obj
                0x00000000700076c6                sys_arch_unprotect
 *fill*         0x00000000700076d6        0x2 
 .text.lwip_sockopt_to_ipopt
                0x00000000700076d8       0x1c CMakeFiles/wifi_cli.elf.dir/app/middleware/lwip/src/api/sockets.c.obj
 .text.alloc_socket
                0x00000000700076f4       0x70 CMakeFiles/wifi_cli.elf.dir/app/middleware/lwip/src/api/sockets.c.obj
 .text.lwip_link_select_cb
                0x0000000070007764       0x28 CMakeFiles/wifi_cli.elf.dir/app/middleware/lwip/src/api/sockets.c.obj
 .text.lwip_unlink_select_cb
                0x000000007000778c       0x54 CMakeFiles/wifi_cli.elf.dir/app/middleware/lwip/src/api/sockets.c.obj
 .text.lwip_selscan
                0x00000000700077e0      0x17c CMakeFiles/wifi_cli.elf.dir/app/middleware/lwip/src/api/sockets.c.obj
 .text.lwip_recv_tcp
                0x000000007000795c      0x134 CMakeFiles/wifi_cli.elf.dir/app/middleware/lwip/src/api/sockets.c.obj
 .text.lwip_sock_make_addr.isra.0
                0x0000000070007a90       0x78 CMakeFiles/wifi_cli.elf.dir/app/middleware/lwip/src/api/sockets.c.obj
 .text.free_socket
                0x0000000070007b08       0x36 CMakeFiles/wifi_cli.elf.dir/app/middleware/lwip/src/api/sockets.c.obj
 *fill*         0x0000000070007b3e        0x2 
 .text.lwip_recvfrom_udp_raw.isra.0
                0x0000000070007b40       0xe0 CMakeFiles/wifi_cli.elf.dir/app/middleware/lwip/src/api/sockets.c.obj
 .text.get_socket
                0x0000000070007c20       0x24 CMakeFiles/wifi_cli.elf.dir/app/middleware/lwip/src/api/sockets.c.obj
 .text.event_callback
                0x0000000070007c44      0x180 CMakeFiles/wifi_cli.elf.dir/app/middleware/lwip/src/api/sockets.c.obj
 .text.bind     0x0000000070007dc4       0x7c CMakeFiles/wifi_cli.elf.dir/app/middleware/lwip/src/api/sockets.c.obj
                0x0000000070007dc4                bind
 .text.close    0x0000000070007e40       0xb4 CMakeFiles/wifi_cli.elf.dir/app/middleware/lwip/src/api/sockets.c.obj
                0x0000000070007e40                close
 .text.recvfrom
                0x0000000070007ef4       0xc0 CMakeFiles/wifi_cli.elf.dir/app/middleware/lwip/src/api/sockets.c.obj
                0x0000000070007ef4                recvfrom
 .text.sendto   0x0000000070007fb4       0xf0 CMakeFiles/wifi_cli.elf.dir/app/middleware/lwip/src/api/sockets.c.obj
                0x0000000070007fb4                sendto
 .text.send     0x00000000700080a4       0x78 CMakeFiles/wifi_cli.elf.dir/app/middleware/lwip/src/api/sockets.c.obj
                0x00000000700080a4                send
 .text.socket   0x000000007000811c       0x70 CMakeFiles/wifi_cli.elf.dir/app/middleware/lwip/src/api/sockets.c.obj
                0x000000007000811c                socket
 .text.select   0x000000007000818c      0x234 CMakeFiles/wifi_cli.elf.dir/app/middleware/lwip/src/api/sockets.c.obj
                0x000000007000818c                select
 .text.setsockopt
                0x00000000700083c0      0x394 CMakeFiles/wifi_cli.elf.dir/app/middleware/lwip/src/api/sockets.c.obj
                0x00000000700083c0                setsockopt
 .text.ioctl    0x0000000070008754       0x44 CMakeFiles/wifi_cli.elf.dir/app/middleware/lwip/src/api/sockets.c.obj
                0x0000000070008754                ioctl
 .text.netifapi_do_netif_add
                0x0000000070008798       0x2a CMakeFiles/wifi_cli.elf.dir/app/middleware/lwip/src/api/netifapi.c.obj
 .text.netifapi_do_netif_set_addr
                0x00000000700087c2       0x12 CMakeFiles/wifi_cli.elf.dir/app/middleware/lwip/src/api/netifapi.c.obj
 .text.netifapi_do_netif_common
                0x00000000700087d4       0x1a CMakeFiles/wifi_cli.elf.dir/app/middleware/lwip/src/api/netifapi.c.obj
 *fill*         0x00000000700087ee        0x2 
 .text.netifapi_netif_add
                0x00000000700087f0       0x40 CMakeFiles/wifi_cli.elf.dir/app/middleware/lwip/src/api/netifapi.c.obj
                0x00000000700087f0                netifapi_netif_add
 .text.netifapi_netif_set_addr
                0x0000000070008830       0x34 CMakeFiles/wifi_cli.elf.dir/app/middleware/lwip/src/api/netifapi.c.obj
                0x0000000070008830                netifapi_netif_set_addr
 .text.netifapi_netif_common
                0x0000000070008864       0x1c CMakeFiles/wifi_cli.elf.dir/app/middleware/lwip/src/api/netifapi.c.obj
                0x0000000070008864                netifapi_netif_common
 .text.netbuf_delete
                0x0000000070008880       0x22 CMakeFiles/wifi_cli.elf.dir/app/middleware/lwip/src/api/netbuf.c.obj
                0x0000000070008880                netbuf_delete
 *fill*         0x00000000700088a2        0x2 
 .text.netbuf_free
                0x00000000700088a4       0x30 CMakeFiles/wifi_cli.elf.dir/app/middleware/lwip/src/api/netbuf.c.obj
                0x00000000700088a4                netbuf_free
 .text.netbuf_ref
                0x00000000700088d4       0x50 CMakeFiles/wifi_cli.elf.dir/app/middleware/lwip/src/api/netbuf.c.obj
                0x00000000700088d4                netbuf_ref
 .text.tcpip_thread
                0x0000000070008924       0xbc CMakeFiles/wifi_cli.elf.dir/app/middleware/lwip/src/api/tcpip.c.obj
 .text.tcpip_inpkt
                0x00000000700089e0       0x48 CMakeFiles/wifi_cli.elf.dir/app/middleware/lwip/src/api/tcpip.c.obj
                0x00000000700089e0                tcpip_inpkt
 .text.tcpip_input
                0x0000000070008a28       0x1c CMakeFiles/wifi_cli.elf.dir/app/middleware/lwip/src/api/tcpip.c.obj
                0x0000000070008a28                tcpip_input
 .text.tcpip_callback
                0x0000000070008a44       0x3c CMakeFiles/wifi_cli.elf.dir/app/middleware/lwip/src/api/tcpip.c.obj
                0x0000000070008a44                tcpip_callback
 .text.tcpip_try_callback
                0x0000000070008a80       0x44 CMakeFiles/wifi_cli.elf.dir/app/middleware/lwip/src/api/tcpip.c.obj
                0x0000000070008a80                tcpip_try_callback
 .text.tcpip_send_msg_wait_sem
                0x0000000070008ac4       0x20 CMakeFiles/wifi_cli.elf.dir/app/middleware/lwip/src/api/tcpip.c.obj
                0x0000000070008ac4                tcpip_send_msg_wait_sem
 .text.tcpip_api_call
                0x0000000070008ae4       0x24 CMakeFiles/wifi_cli.elf.dir/app/middleware/lwip/src/api/tcpip.c.obj
                0x0000000070008ae4                tcpip_api_call
 .text.tcpip_init
                0x0000000070008b08       0x68 CMakeFiles/wifi_cli.elf.dir/app/middleware/lwip/src/api/tcpip.c.obj
                0x0000000070008b08                tcpip_init
 .text.recv_udp
                0x0000000070008b70       0x9c CMakeFiles/wifi_cli.elf.dir/app/middleware/lwip/src/api/api_msg.c.obj
 .text.setup_tcp
                0x0000000070008c0c       0x44 CMakeFiles/wifi_cli.elf.dir/app/middleware/lwip/src/api/api_msg.c.obj
 .text.lwip_netconn_do_writemore
                0x0000000070008c50      0x230 CMakeFiles/wifi_cli.elf.dir/app/middleware/lwip/src/api/api_msg.c.obj
 .text.lwip_netconn_do_close_internal
                0x0000000070008e80      0x1c4 CMakeFiles/wifi_cli.elf.dir/app/middleware/lwip/src/api/api_msg.c.obj
 .text.poll_tcp
                0x0000000070009044       0x64 CMakeFiles/wifi_cli.elf.dir/app/middleware/lwip/src/api/api_msg.c.obj
 .text.recv_tcp
                0x00000000700090a8       0x9c CMakeFiles/wifi_cli.elf.dir/app/middleware/lwip/src/api/api_msg.c.obj
 .text.err_tcp  0x0000000070009144      0x104 CMakeFiles/wifi_cli.elf.dir/app/middleware/lwip/src/api/api_msg.c.obj
 .text.recv_raw
                0x0000000070009248       0x6c CMakeFiles/wifi_cli.elf.dir/app/middleware/lwip/src/api/api_msg.c.obj
 .text.sent_tcp
                0x00000000700092b4       0x64 CMakeFiles/wifi_cli.elf.dir/app/middleware/lwip/src/api/api_msg.c.obj
 .text.lwip_netconn_is_err_msg
                0x0000000070009318       0x44 CMakeFiles/wifi_cli.elf.dir/app/middleware/lwip/src/api/api_msg.c.obj
                0x0000000070009318                lwip_netconn_is_err_msg
 .text.lwip_netconn_do_newconn
                0x000000007000935c       0x80 CMakeFiles/wifi_cli.elf.dir/app/middleware/lwip/src/api/api_msg.c.obj
                0x000000007000935c                lwip_netconn_do_newconn
 .text.netconn_alloc
                0x00000000700093dc       0x7c CMakeFiles/wifi_cli.elf.dir/app/middleware/lwip/src/api/api_msg.c.obj
                0x00000000700093dc                netconn_alloc
 .text.netconn_free
                0x0000000070009458       0x48 CMakeFiles/wifi_cli.elf.dir/app/middleware/lwip/src/api/api_msg.c.obj
                0x0000000070009458                netconn_free
 .text.netconn_drain
                0x00000000700094a0       0x94 CMakeFiles/wifi_cli.elf.dir/app/middleware/lwip/src/api/api_msg.c.obj
 .text.lwip_netconn_do_delconn
                0x0000000070009534       0xe8 CMakeFiles/wifi_cli.elf.dir/app/middleware/lwip/src/api/api_msg.c.obj
                0x0000000070009534                lwip_netconn_do_delconn
 .text.lwip_netconn_do_bind
                0x000000007000961c       0x40 CMakeFiles/wifi_cli.elf.dir/app/middleware/lwip/src/api/api_msg.c.obj
                0x000000007000961c                lwip_netconn_do_bind
 .text.lwip_netconn_do_send
                0x000000007000965c       0x56 CMakeFiles/wifi_cli.elf.dir/app/middleware/lwip/src/api/api_msg.c.obj
                0x000000007000965c                lwip_netconn_do_send
 .text.lwip_netconn_do_recv
                0x00000000700096b2       0x36 CMakeFiles/wifi_cli.elf.dir/app/middleware/lwip/src/api/api_msg.c.obj
                0x00000000700096b2                lwip_netconn_do_recv
 .text.lwip_netconn_do_write
                0x00000000700096e8       0xa4 CMakeFiles/wifi_cli.elf.dir/app/middleware/lwip/src/api/api_msg.c.obj
                0x00000000700096e8                lwip_netconn_do_write
 .text.lwip_netconn_do_getaddr
                0x000000007000978c       0x74 CMakeFiles/wifi_cli.elf.dir/app/middleware/lwip/src/api/api_msg.c.obj
                0x000000007000978c                lwip_netconn_do_getaddr
 .text.lwip_netconn_do_close
                0x0000000070009800       0x9c CMakeFiles/wifi_cli.elf.dir/app/middleware/lwip/src/api/api_msg.c.obj
                0x0000000070009800                lwip_netconn_do_close
 .text.lwip_netconn_do_join_leave_group
                0x000000007000989c       0x34 CMakeFiles/wifi_cli.elf.dir/app/middleware/lwip/src/api/api_msg.c.obj
                0x000000007000989c                lwip_netconn_do_join_leave_group
 .text.err_to_errno
                0x00000000700098d0       0x1c CMakeFiles/wifi_cli.elf.dir/app/middleware/lwip/src/api/err.c.obj
                0x00000000700098d0                err_to_errno
 .text.netconn_apimsg
                0x00000000700098ec       0x18 CMakeFiles/wifi_cli.elf.dir/app/middleware/lwip/src/api/api_lib.c.obj
 .text.netconn_close_shutdown
                0x0000000070009904       0x40 CMakeFiles/wifi_cli.elf.dir/app/middleware/lwip/src/api/api_lib.c.obj
 .text.netconn_new_with_proto_and_callback
                0x0000000070009944       0x7c CMakeFiles/wifi_cli.elf.dir/app/middleware/lwip/src/api/api_lib.c.obj
                0x0000000070009944                netconn_new_with_proto_and_callback
 .text.netconn_prepare_delete
                0x00000000700099c0       0x20 CMakeFiles/wifi_cli.elf.dir/app/middleware/lwip/src/api/api_lib.c.obj
                0x00000000700099c0                netconn_prepare_delete
 .text.netconn_delete
                0x00000000700099e0       0x1c CMakeFiles/wifi_cli.elf.dir/app/middleware/lwip/src/api/api_lib.c.obj
                0x00000000700099e0                netconn_delete
 .text.netconn_getaddr
                0x00000000700099fc       0x50 CMakeFiles/wifi_cli.elf.dir/app/middleware/lwip/src/api/api_lib.c.obj
                0x00000000700099fc                netconn_getaddr
 .text.netconn_bind
                0x0000000070009a4c       0x48 CMakeFiles/wifi_cli.elf.dir/app/middleware/lwip/src/api/api_lib.c.obj
                0x0000000070009a4c                netconn_bind
 .text.netconn_tcp_recvd
                0x0000000070009a94       0x40 CMakeFiles/wifi_cli.elf.dir/app/middleware/lwip/src/api/api_lib.c.obj
                0x0000000070009a94                netconn_tcp_recvd
 .text.netconn_send
                0x0000000070009ad4       0x38 CMakeFiles/wifi_cli.elf.dir/app/middleware/lwip/src/api/api_lib.c.obj
                0x0000000070009ad4                netconn_send
 .text.netconn_write_vectors_partly
                0x0000000070009b0c       0xf0 CMakeFiles/wifi_cli.elf.dir/app/middleware/lwip/src/api/api_lib.c.obj
                0x0000000070009b0c                netconn_write_vectors_partly
 .text.netconn_write_partly
                0x0000000070009bfc       0x18 CMakeFiles/wifi_cli.elf.dir/app/middleware/lwip/src/api/api_lib.c.obj
                0x0000000070009bfc                netconn_write_partly
 .text.netconn_err
                0x0000000070009c14       0x1e CMakeFiles/wifi_cli.elf.dir/app/middleware/lwip/src/api/api_lib.c.obj
                0x0000000070009c14                netconn_err
 *fill*         0x0000000070009c32        0x2 
 .text.netconn_recv_data
                0x0000000070009c34       0xe0 CMakeFiles/wifi_cli.elf.dir/app/middleware/lwip/src/api/api_lib.c.obj
 .text.netconn_recv_udp_raw_netbuf_flags
                0x0000000070009d14       0x30 CMakeFiles/wifi_cli.elf.dir/app/middleware/lwip/src/api/api_lib.c.obj
                0x0000000070009d14                netconn_recv_udp_raw_netbuf_flags
 .text.netconn_recv_data_tcp
                0x0000000070009d44       0xbc CMakeFiles/wifi_cli.elf.dir/app/middleware/lwip/src/api/api_lib.c.obj
 .text.netconn_recv_tcp_pbuf_flags
                0x0000000070009e00       0x30 CMakeFiles/wifi_cli.elf.dir/app/middleware/lwip/src/api/api_lib.c.obj
                0x0000000070009e00                netconn_recv_tcp_pbuf_flags
 .text.netconn_join_leave_group
                0x0000000070009e30       0x4c CMakeFiles/wifi_cli.elf.dir/app/middleware/lwip/src/api/api_lib.c.obj
                0x0000000070009e30                netconn_join_leave_group
 .text.do_memp_malloc_pool
                0x0000000070009e7c       0x48 CMakeFiles/wifi_cli.elf.dir/app/middleware/lwip/src/core/memp.c.obj
 .text.do_memp_free_pool
                0x0000000070009ec4       0x30 CMakeFiles/wifi_cli.elf.dir/app/middleware/lwip/src/core/memp.c.obj
 .text.memp_init_pool
                0x0000000070009ef4       0x2e CMakeFiles/wifi_cli.elf.dir/app/middleware/lwip/src/core/memp.c.obj
                0x0000000070009ef4                memp_init_pool
 *fill*         0x0000000070009f22        0x2 
 .text.memp_init
                0x0000000070009f24       0x28 CMakeFiles/wifi_cli.elf.dir/app/middleware/lwip/src/core/memp.c.obj
                0x0000000070009f24                memp_init
 .text.memp_malloc
                0x0000000070009f4c       0x30 CMakeFiles/wifi_cli.elf.dir/app/middleware/lwip/src/core/memp.c.obj
                0x0000000070009f4c                memp_malloc
 .text.memp_free
                0x0000000070009f7c       0x34 CMakeFiles/wifi_cli.elf.dir/app/middleware/lwip/src/core/memp.c.obj
                0x0000000070009f7c                memp_free
 .text.lwip_htons
                0x0000000070009fb0        0x6 CMakeFiles/wifi_cli.elf.dir/app/middleware/lwip/src/core/def.c.obj
                0x0000000070009fb0                lwip_htons
 .text.lwip_htonl
                0x0000000070009fb6        0x4 CMakeFiles/wifi_cli.elf.dir/app/middleware/lwip/src/core/def.c.obj
                0x0000000070009fb6                lwip_htonl
 .text.pbuf_skip_const
                0x0000000070009fba       0x16 CMakeFiles/wifi_cli.elf.dir/app/middleware/lwip/src/core/pbuf.c.obj
 .text.pbuf_free_ooseq_callback
                0x0000000070009fd0       0x30 CMakeFiles/wifi_cli.elf.dir/app/middleware/lwip/src/core/pbuf.c.obj
 .text.pbuf_add_header_impl
                0x000000007000a000       0x54 CMakeFiles/wifi_cli.elf.dir/app/middleware/lwip/src/core/pbuf.c.obj
 .text.pbuf_alloc_reference
                0x000000007000a054       0x38 CMakeFiles/wifi_cli.elf.dir/app/middleware/lwip/src/core/pbuf.c.obj
                0x000000007000a054                pbuf_alloc_reference
 .text.pbuf_alloced_custom
                0x000000007000a08c       0x34 CMakeFiles/wifi_cli.elf.dir/app/middleware/lwip/src/core/pbuf.c.obj
                0x000000007000a08c                pbuf_alloced_custom
 .text.pbuf_add_header
                0x000000007000a0c0        0x6 CMakeFiles/wifi_cli.elf.dir/app/middleware/lwip/src/core/pbuf.c.obj
                0x000000007000a0c0                pbuf_add_header
 *fill*         0x000000007000a0c6        0x2 
 .text.pbuf_remove_header
                0x000000007000a0c8       0x50 CMakeFiles/wifi_cli.elf.dir/app/middleware/lwip/src/core/pbuf.c.obj
                0x000000007000a0c8                pbuf_remove_header
 .text.pbuf_header_force
                0x000000007000a118       0x10 CMakeFiles/wifi_cli.elf.dir/app/middleware/lwip/src/core/pbuf.c.obj
                0x000000007000a118                pbuf_header_force
 .text.pbuf_free
                0x000000007000a128       0xa8 CMakeFiles/wifi_cli.elf.dir/app/middleware/lwip/src/core/pbuf.c.obj
                0x000000007000a128                pbuf_free
 .text.pbuf_alloc
                0x000000007000a1d0      0x118 CMakeFiles/wifi_cli.elf.dir/app/middleware/lwip/src/core/pbuf.c.obj
                0x000000007000a1d0                pbuf_alloc
 .text.pbuf_realloc
                0x000000007000a2e8       0x80 CMakeFiles/wifi_cli.elf.dir/app/middleware/lwip/src/core/pbuf.c.obj
                0x000000007000a2e8                pbuf_realloc
 .text.pbuf_free_header
                0x000000007000a368       0x30 CMakeFiles/wifi_cli.elf.dir/app/middleware/lwip/src/core/pbuf.c.obj
                0x000000007000a368                pbuf_free_header
 .text.pbuf_clen
                0x000000007000a398       0x10 CMakeFiles/wifi_cli.elf.dir/app/middleware/lwip/src/core/pbuf.c.obj
                0x000000007000a398                pbuf_clen
 .text.pbuf_ref
                0x000000007000a3a8       0x28 CMakeFiles/wifi_cli.elf.dir/app/middleware/lwip/src/core/pbuf.c.obj
                0x000000007000a3a8                pbuf_ref
 .text.pbuf_cat
                0x000000007000a3d0       0x5c CMakeFiles/wifi_cli.elf.dir/app/middleware/lwip/src/core/pbuf.c.obj
                0x000000007000a3d0                pbuf_cat
 .text.pbuf_chain
                0x000000007000a42c       0x12 CMakeFiles/wifi_cli.elf.dir/app/middleware/lwip/src/core/pbuf.c.obj
                0x000000007000a42c                pbuf_chain
 *fill*         0x000000007000a43e        0x2 
 .text.pbuf_copy_partial_pbuf
                0x000000007000a440      0x11c CMakeFiles/wifi_cli.elf.dir/app/middleware/lwip/src/core/pbuf.c.obj
                0x000000007000a440                pbuf_copy_partial_pbuf
 .text.pbuf_copy
                0x000000007000a55c       0x2c CMakeFiles/wifi_cli.elf.dir/app/middleware/lwip/src/core/pbuf.c.obj
                0x000000007000a55c                pbuf_copy
 .text.pbuf_copy_partial
                0x000000007000a588       0x84 CMakeFiles/wifi_cli.elf.dir/app/middleware/lwip/src/core/pbuf.c.obj
                0x000000007000a588                pbuf_copy_partial
 .text.pbuf_take
                0x000000007000a60c       0x98 CMakeFiles/wifi_cli.elf.dir/app/middleware/lwip/src/core/pbuf.c.obj
                0x000000007000a60c                pbuf_take
 .text.pbuf_take_at
                0x000000007000a6a4       0x68 CMakeFiles/wifi_cli.elf.dir/app/middleware/lwip/src/core/pbuf.c.obj
                0x000000007000a6a4                pbuf_take_at
 .text.pbuf_clone
                0x000000007000a70c       0x28 CMakeFiles/wifi_cli.elf.dir/app/middleware/lwip/src/core/pbuf.c.obj
                0x000000007000a70c                pbuf_clone
 .text.pbuf_try_get_at
                0x000000007000a734       0x26 CMakeFiles/wifi_cli.elf.dir/app/middleware/lwip/src/core/pbuf.c.obj
                0x000000007000a734                pbuf_try_get_at
 .text.pbuf_get_at
                0x000000007000a75a        0xe CMakeFiles/wifi_cli.elf.dir/app/middleware/lwip/src/core/pbuf.c.obj
                0x000000007000a75a                pbuf_get_at
 .text.pbuf_put_at
                0x000000007000a768       0x20 CMakeFiles/wifi_cli.elf.dir/app/middleware/lwip/src/core/pbuf.c.obj
                0x000000007000a768                pbuf_put_at
 .text.pbuf_memcmp
                0x000000007000a788       0x5e CMakeFiles/wifi_cli.elf.dir/app/middleware/lwip/src/core/pbuf.c.obj
                0x000000007000a788                pbuf_memcmp
 *fill*         0x000000007000a7e6        0x2 
 .text.tcp_output_segment_busy
                0x000000007000a7e8       0x1c CMakeFiles/wifi_cli.elf.dir/app/middleware/lwip/src/core/tcp_out.c.obj
 .text.tcp_pbuf_prealloc
                0x000000007000a804       0x80 CMakeFiles/wifi_cli.elf.dir/app/middleware/lwip/src/core/tcp_out.c.obj
 .text.tcp_create_segment
                0x000000007000a884       0xe0 CMakeFiles/wifi_cli.elf.dir/app/middleware/lwip/src/core/tcp_out.c.obj
 .text.tcp_output_alloc_header_common.constprop.0
                0x000000007000a964       0x74 CMakeFiles/wifi_cli.elf.dir/app/middleware/lwip/src/core/tcp_out.c.obj
 .text.tcp_output_alloc_header.constprop.0
                0x000000007000a9d8       0x3c CMakeFiles/wifi_cli.elf.dir/app/middleware/lwip/src/core/tcp_out.c.obj
 .text.tcp_output_fill_options.isra.0.constprop.0
                0x000000007000aa14       0x10 CMakeFiles/wifi_cli.elf.dir/app/middleware/lwip/src/core/tcp_out.c.obj
 .text.tcp_output_control_segment
                0x000000007000aa24       0x88 CMakeFiles/wifi_cli.elf.dir/app/middleware/lwip/src/core/tcp_out.c.obj
 .text.tcp_write
                0x000000007000aaac      0x554 CMakeFiles/wifi_cli.elf.dir/app/middleware/lwip/src/core/tcp_out.c.obj
                0x000000007000aaac                tcp_write
 .text.tcp_split_unsent_seg
                0x000000007000b000      0x184 CMakeFiles/wifi_cli.elf.dir/app/middleware/lwip/src/core/tcp_out.c.obj
                0x000000007000b000                tcp_split_unsent_seg
 .text.tcp_enqueue_flags
                0x000000007000b184      0x100 CMakeFiles/wifi_cli.elf.dir/app/middleware/lwip/src/core/tcp_out.c.obj
                0x000000007000b184                tcp_enqueue_flags
 .text.tcp_send_fin
                0x000000007000b284       0x50 CMakeFiles/wifi_cli.elf.dir/app/middleware/lwip/src/core/tcp_out.c.obj
                0x000000007000b284                tcp_send_fin
 .text.tcp_rexmit_rto_prepare
                0x000000007000b2d4       0x80 CMakeFiles/wifi_cli.elf.dir/app/middleware/lwip/src/core/tcp_out.c.obj
                0x000000007000b2d4                tcp_rexmit_rto_prepare
 .text.tcp_rexmit
                0x000000007000b354       0x70 CMakeFiles/wifi_cli.elf.dir/app/middleware/lwip/src/core/tcp_out.c.obj
                0x000000007000b354                tcp_rexmit
 .text.tcp_rexmit_fast
                0x000000007000b3c4       0x58 CMakeFiles/wifi_cli.elf.dir/app/middleware/lwip/src/core/tcp_out.c.obj
                0x000000007000b3c4                tcp_rexmit_fast
 .text.tcp_rst  0x000000007000b41c       0x74 CMakeFiles/wifi_cli.elf.dir/app/middleware/lwip/src/core/tcp_out.c.obj
                0x000000007000b41c                tcp_rst
 .text.tcp_send_empty_ack
                0x000000007000b490       0x54 CMakeFiles/wifi_cli.elf.dir/app/middleware/lwip/src/core/tcp_out.c.obj
                0x000000007000b490                tcp_send_empty_ack
 .text.tcp_output
                0x000000007000b4e4      0x344 CMakeFiles/wifi_cli.elf.dir/app/middleware/lwip/src/core/tcp_out.c.obj
                0x000000007000b4e4                tcp_output
 .text.tcp_rexmit_rto_commit
                0x000000007000b828       0x28 CMakeFiles/wifi_cli.elf.dir/app/middleware/lwip/src/core/tcp_out.c.obj
                0x000000007000b828                tcp_rexmit_rto_commit
 .text.tcp_rexmit_rto
                0x000000007000b850       0x24 CMakeFiles/wifi_cli.elf.dir/app/middleware/lwip/src/core/tcp_out.c.obj
                0x000000007000b850                tcp_rexmit_rto
 .text.tcp_keepalive
                0x000000007000b874       0x40 CMakeFiles/wifi_cli.elf.dir/app/middleware/lwip/src/core/tcp_out.c.obj
                0x000000007000b874                tcp_keepalive
 .text.tcp_zero_window_probe
                0x000000007000b8b4       0xb8 CMakeFiles/wifi_cli.elf.dir/app/middleware/lwip/src/core/tcp_out.c.obj
                0x000000007000b8b4                tcp_zero_window_probe
 .text.raw_input
                0x000000007000b96c       0xc0 CMakeFiles/wifi_cli.elf.dir/app/middleware/lwip/src/core/raw.c.obj
                0x000000007000b96c                raw_input
 .text.raw_bind
                0x000000007000ba2c       0x12 CMakeFiles/wifi_cli.elf.dir/app/middleware/lwip/src/core/raw.c.obj
                0x000000007000ba2c                raw_bind
 .text.raw_bind_netif
                0x000000007000ba3e        0xe CMakeFiles/wifi_cli.elf.dir/app/middleware/lwip/src/core/raw.c.obj
                0x000000007000ba3e                raw_bind_netif
 .text.raw_recv
                0x000000007000ba4c        0x6 CMakeFiles/wifi_cli.elf.dir/app/middleware/lwip/src/core/raw.c.obj
                0x000000007000ba4c                raw_recv
 *fill*         0x000000007000ba52        0x2 
 .text.raw_sendto_if_src
                0x000000007000ba54       0xec CMakeFiles/wifi_cli.elf.dir/app/middleware/lwip/src/core/raw.c.obj
                0x000000007000ba54                raw_sendto_if_src
 .text.raw_sendto
                0x000000007000bb40       0x62 CMakeFiles/wifi_cli.elf.dir/app/middleware/lwip/src/core/raw.c.obj
                0x000000007000bb40                raw_sendto
 .text.raw_send
                0x000000007000bba2        0x6 CMakeFiles/wifi_cli.elf.dir/app/middleware/lwip/src/core/raw.c.obj
                0x000000007000bba2                raw_send
 .text.raw_remove
                0x000000007000bba8       0x30 CMakeFiles/wifi_cli.elf.dir/app/middleware/lwip/src/core/raw.c.obj
                0x000000007000bba8                raw_remove
 .text.raw_new  0x000000007000bbd8       0x30 CMakeFiles/wifi_cli.elf.dir/app/middleware/lwip/src/core/raw.c.obj
                0x000000007000bbd8                raw_new
 .text.raw_new_ip_type
                0x000000007000bc08        0x6 CMakeFiles/wifi_cli.elf.dir/app/middleware/lwip/src/core/raw.c.obj
                0x000000007000bc08                raw_new_ip_type
 *fill*         0x000000007000bc0e        0x2 
 .text.raw_netif_ip_addr_changed
                0x000000007000bc10       0x2c CMakeFiles/wifi_cli.elf.dir/app/middleware/lwip/src/core/raw.c.obj
                0x000000007000bc10                raw_netif_ip_addr_changed
 .text.lwip_init
                0x000000007000bc3c       0x2e CMakeFiles/wifi_cli.elf.dir/app/middleware/lwip/src/core/init.c.obj
                0x000000007000bc3c                lwip_init
 .text.lwip_standard_chksum
                0x000000007000bc6a       0x5a CMakeFiles/wifi_cli.elf.dir/app/middleware/lwip/src/core/inet_chksum.c.obj
                0x000000007000bc6a                lwip_standard_chksum
 .text.inet_chksum_pseudo
                0x000000007000bcc4       0x88 CMakeFiles/wifi_cli.elf.dir/app/middleware/lwip/src/core/inet_chksum.c.obj
                0x000000007000bcc4                inet_chksum_pseudo
 .text.ip_chksum_pseudo
                0x000000007000bd4c        0x4 CMakeFiles/wifi_cli.elf.dir/app/middleware/lwip/src/core/inet_chksum.c.obj